 VChat

 Timestamp is 66672843 (Mon Jun 10 12:22:27 2024)

 Preferred load address is 00400000

 Start         Length     Name                   Class
 0001:00000000 000060e3H .text$mn                CODE
 0002:00000000 00000104H .CRT$XCA                DATA
 0002:00000104 00000104H .CRT$XCAA               DATA
 0002:00000208 00000104H .CRT$XCZ                DATA
 0002:0000030c 00000104H .CRT$XIA                DATA
 0002:00000410 00000104H .CRT$XIAA               DATA
 0002:00000514 00000104H .CRT$XIAC               DATA
 0002:00000618 00000104H .CRT$XIZ                DATA
 0002:0000071c 00000104H .CRT$XPA                DATA
 0002:00000820 00000104H .CRT$XPZ                DATA
 0002:00000924 00000104H .CRT$XTA                DATA
 0002:00000a28 00000108H .CRT$XTZ                DATA
 0002:00000b30 00000bd0H .rdata                  DATA
 0002:00001700 00000180H .rdata$CastGuardVftablesA DATA
 0002:00001880 0000014cH .rdata$CastGuardVftablesC DATA
 0002:000019cc 0000019cH .rdata$zzzdbg           DATA
 0002:00001b68 00000104H .rtc$IAA                DATA
 0002:00001c6c 00000104H .rtc$IMZ                DATA
 0002:00001d70 00000104H .rtc$IZZ                DATA
 0002:00001e74 00000104H .rtc$TAA                DATA
 0002:00001f78 00000104H .rtc$TMZ                DATA
 0002:0000207c 00000104H .rtc$TZZ                DATA
 0002:00002180 00000169H .xdata$x                DATA
 0002:000022e9 00000000H .edata                  DATA
 0003:00000000 00000c28H .data                   DATA
 0003:00000c28 00000670H .bss                    DATA
 0004:00000000 000003a8H .idata$5                DATA
 0004:000003a8 000000dcH .idata$2                DATA
 0004:00000484 00000014H .idata$3                DATA
 0004:00000498 000003a8H .idata$4                DATA
 0004:00000840 00000911H .idata$6                DATA
 0005:00000000 0000010eH .00cfg                  DATA
 0006:00000000 00000170H .rsrc$01                DATA
 0006:00000170 000002ccH .rsrc$02                DATA

  Address         Publics by Value              Rva+Base       Lib:Object

 0000:00000000       ___AbsoluteZero            00000000     <absolute>
 0000:00000000       ___arm64x_extra_rfe_table  00000000     <absolute>
 0000:00000000       ___arm64x_extra_rfe_table_size 00000000     <absolute>
 0000:00000000       ___arm64x_native_entrypoint 00000000     <absolute>
 0000:00000000       ___arm64x_redirection_metadata 00000000     <absolute>
 0000:00000000       ___arm64x_redirection_metadata_count 00000000     <absolute>
 0000:00000000       ___dynamic_value_reloc_table 00000000     <absolute>
 0000:00000000       ___enclave_config          00000000     <absolute>
 0000:00000000       ___guard_check_icall_a64n_fptr 00000000     <absolute>
 0000:00000000       ___guard_eh_cont_count     00000000     <absolute>
 0000:00000000       ___guard_eh_cont_table     00000000     <absolute>
 0000:00000000       ___guard_fids_count        00000000     <absolute>
 0000:00000000       ___guard_fids_table        00000000     <absolute>
 0000:00000000       ___guard_iat_count         00000000     <absolute>
 0000:00000000       ___guard_iat_table         00000000     <absolute>
 0000:00000000       ___guard_longjmp_count     00000000     <absolute>
 0000:00000000       ___guard_longjmp_table     00000000     <absolute>
 0000:00000000       ___hybrid_auxiliary_delayload_iat 00000000     <absolute>
 0000:00000000       ___hybrid_auxiliary_delayload_iat_copy 00000000     <absolute>
 0000:00000000       ___hybrid_auxiliary_iat    00000000     <absolute>
 0000:00000000       ___hybrid_auxiliary_iat_copy 00000000     <absolute>
 0000:00000000       ___hybrid_code_map         00000000     <absolute>
 0000:00000000       ___hybrid_code_map_count   00000000     <absolute>
 0000:00000000       ___hybrid_image_info_bitfield 00000000     <absolute>
 0000:00000000       ___safe_se_handler_count   00000000     <absolute>
 0000:00000000       ___safe_se_handler_table   00000000     <absolute>
 0000:00000000       ___volatile_metadata       00000000     <absolute>
 0000:00000000       ___x64_code_ranges_to_entry_points 00000000     <absolute>
 0000:00000000       ___x64_code_ranges_to_entry_points_count 00000000     <absolute>
 0000:00000100       ___guard_flags             00000100     <absolute>
 0000:00000000       ___ImageBase               00400000     <linker-defined>
 0001:00000570       _ConnectionHandler@4       00401570 f   vchat.obj
 0001:00001140       _acceptHandler@4           00402140 f   vchat.obj
 0001:000014f0       _queue_delete              004024f0 f   vchat.obj
 0001:00001630       _broadcast                 00402630 f   vchat.obj
 0001:00001740       _checkVacancy              00402740 f   vchat.obj
 0001:000017f0       _controlHandler@4          004027f0 f   vchat.obj
 0001:000018b0       _Function1                 004028b0 f   vchat.obj
 0001:000018d0       _Function2                 004028d0 f   vchat.obj
 0001:000018f0       _Function3                 004028f0 f   vchat.obj
 0001:00001910       _Function4                 00402910 f   vchat.obj
 0001:00001930       _Function5                 00402930 f   vchat.obj
 0001:00001960       _good_function             00402960 f   vchat.obj
 0001:00001990       _bad_function              00402990 f   vchat.obj
 0001:000019b0       _queue_add                 004029b0 f   vchat.obj
 0001:00001ab0       _main                      00402ab0 f   vchat.obj
 0001:00002310       ___local_stdio_printf_options 00403310 f i vchat.obj
 0001:00002320       __vfprintf_l               00403320 f i vchat.obj
 0001:00002360       __vsnprintf_l              00403360 f i vchat.obj
 0001:000023d0       __vsprintf_l               004033d0 f i vchat.obj
 0001:00002400       _fprintf                   00403400 f i vchat.obj
 0001:00002440       _printf                    00403440 f i vchat.obj
 0001:00002490       _sprintf                   00403490 f i vchat.obj
 0001:000024cf       _EssentialFunc1            004034cf f   libessfunc:Essfun.dll
 0001:000024d5       _GetStdHandle@4            004034d5 f   kernel32:KERNEL32.dll
 0001:000024db       _CloseHandle@4             004034db f   kernel32:KERNEL32.dll
 0001:000024e1       _GetLastError@0            004034e1 f   kernel32:KERNEL32.dll
 0001:000024e7       _ReleaseMutex@4            004034e7 f   kernel32:KERNEL32.dll
 0001:000024ed       _WaitForSingleObject@8     004034ed f   kernel32:KERNEL32.dll
 0001:000024f3       _CreateMutexW@12           004034f3 f   kernel32:KERNEL32.dll
 0001:000024f9       _Sleep@4                   004034f9 f   kernel32:KERNEL32.dll
 0001:000024ff       _CreateThread@24           004034ff f   kernel32:KERNEL32.dll
 0001:00002505       _GetConsoleMode@8          00403505 f   kernel32:KERNEL32.dll
 0001:0000250b       _SetConsoleMode@8          0040350b f   kernel32:KERNEL32.dll
 0001:00002511       _SetConsoleCtrlHandler@8   00403511 f   kernel32:KERNEL32.dll
 0001:00002517       _accept@12                 00403517 f   WS2_32:WS2_32.dll
 0001:0000251d       _bind@12                   0040351d f   WS2_32:WS2_32.dll
 0001:00002523       _closesocket@4             00403523 f   WS2_32:WS2_32.dll
 0001:00002529       _htons@4                   00403529 f   WS2_32:WS2_32.dll
 0001:0000252f       _inet_ntoa@4               0040352f f   WS2_32:WS2_32.dll
 0001:00002535       _listen@8                  00403535 f   WS2_32:WS2_32.dll
 0001:0000253b       _recv@16                   0040353b f   WS2_32:WS2_32.dll
 0001:00002541       _send@16                   00403541 f   WS2_32:WS2_32.dll
 0001:00002547       _socket@12                 00403547 f   WS2_32:WS2_32.dll
 0001:0000254d       _WSAStartup@8              0040354d f   WS2_32:WS2_32.dll
 0001:00002553       _WSACleanup@0              00403553 f   WS2_32:WS2_32.dll
 0001:00002559       _WSAGetLastError@0         00403559 f   WS2_32:WS2_32.dll
 0001:0000255f       _getaddrinfo@16            0040355f f   WS2_32:WS2_32.dll
 0001:00002565       _freeaddrinfo@4            00403565 f   WS2_32:WS2_32.dll
 0001:0000256b       __CRT_RTC_INIT             0040356b f   MSVCRT:init.obj
 0001:0000256e       __CRT_RTC_INITW            0040356e f   MSVCRT:init.obj
 0001:00002571       __RTC_InitBase             00403571 f   MSVCRT:init.obj
 0001:00002590       __RTC_Shutdown             00403590 f   MSVCRT:init.obj
 0001:00002876       ?configure_argv@__scrt_narrow_argv_policy@@SAHXZ 00403876 f i MSVCRT:exe_main.obj
 0001:00002886       ?initialize_environment@__scrt_narrow_environment_policy@@SAHXZ 00403886 f i MSVCRT:exe_main.obj
 0001:000028b8       ?set_app_type@__scrt_main_policy@@SAXXZ 004038b8 f i MSVCRT:exe_main.obj
 0001:000028c3       ?set_commode@__scrt_file_policy@@SAXXZ 004038c3 f i MSVCRT:exe_main.obj
 0001:000028d8       ?set_fmode@__scrt_file_policy@@SAXXZ 004038d8 f i MSVCRT:exe_main.obj
 0001:000028e8       _mainCRTStartup            004038e8 f   MSVCRT:exe_main.obj
 0001:000028f4       ?_RTC_GetErrorFunc@@YAP6AHHPBDH00ZZPBX@Z 004038f4 f   MSVCRT:userapi.obj
 0001:000028fa       ?_RTC_GetErrorFuncW@@YAP6AHHPB_WH00ZZPBX@Z 004038fa f   MSVCRT:userapi.obj
 0001:00002900       __RTC_GetErrDesc           00403900 f   MSVCRT:userapi.obj
 0001:0000291e       __RTC_NumErrors            0040391e f   MSVCRT:userapi.obj
 0001:00002922       __RTC_SetErrorFunc         00403922 f   MSVCRT:userapi.obj
 0001:00002942       __RTC_SetErrorFuncW        00403942 f   MSVCRT:userapi.obj
 0001:00002962       __RTC_SetErrorType         00403962 f   MSVCRT:userapi.obj
 0001:00002a21       _NtCurrentTeb              00403a21 f i MSVCRT:utility.obj
 0001:00002a28       ___scrt_acquire_startup_lock 00403a28 f   MSVCRT:utility.obj
 0001:00002a66       ___scrt_dllmain_after_initialize_c 00403a66 f   MSVCRT:utility.obj
 0001:00002a9b       ___scrt_dllmain_before_initialize_c 00403a9b f   MSVCRT:utility.obj
 0001:00002aac       ___scrt_dllmain_crt_thread_attach 00403aac f   MSVCRT:utility.obj
 0001:00002ad2       ___scrt_dllmain_crt_thread_detach 00403ad2 f   MSVCRT:utility.obj
 0001:00002ae2       ___scrt_dllmain_exception_filter 00403ae2 f   MSVCRT:utility.obj
 0001:00002b23       ___scrt_dllmain_uninitialize_c 00403b23 f   MSVCRT:utility.obj
 0001:00002b4e       ___scrt_dllmain_uninitialize_critical 00403b4e f   MSVCRT:utility.obj
 0001:00002b5e       ___scrt_initialize_crt     00403b5e f   MSVCRT:utility.obj
 0001:00002ba5       ___scrt_initialize_onexit_tables 00403ba5 f   MSVCRT:utility.obj
 0001:00002c4d       ___scrt_is_nonwritable_in_current_image 00403c4d f   MSVCRT:utility.obj
 0001:00002d06       ___scrt_release_startup_lock 00403d06 f   MSVCRT:utility.obj
 0001:00002d2a       ___scrt_uninitialize_crt   00403d2a f   MSVCRT:utility.obj
 0001:00002d5c       __onexit                   00403d5c f   MSVCRT:utility.obj
 0001:00002d94       _at_quick_exit             00403d94 f   MSVCRT:utility.obj
 0001:00002dbf       _atexit                    00403dbf f   MSVCRT:utility.obj
 0001:00002e39       ___security_init_cookie    00403e39 f   MSVCRT:gs_support.obj
 0001:00002e96       __matherr                  00403e96 f   MSVCRT:matherr.obj
 0001:00002e99       __get_startup_argv_mode    00403e99 f   MSVCRT:argv_mode.obj
 0001:00002e9d       __get_startup_commit_mode  00403e9d f   MSVCRT:commit_mode.obj
 0001:00002ea0       __get_startup_file_mode    00403ea0 f   MSVCRT:file_mode.obj
 0001:00002ea6       __get_startup_new_mode     00403ea6 f   MSVCRT:new_mode.obj
 0001:00002ea9       __get_startup_thread_locale_mode 00403ea9 f   MSVCRT:thread_locale.obj
 0001:00002eac       ?__scrt_initialize_type_info@@YAXXZ 00403eac f   MSVCRT:tncleanup.obj
 0001:00002ebb       ?__scrt_uninitialize_type_info@@YAXXZ 00403ebb f   MSVCRT:tncleanup.obj
 0001:00002eca       __should_initialize_environment 00403eca f   MSVCRT:env_mode.obj
 0001:00002ecd       __initialize_default_precision 00403ecd f   MSVCRT:default_precision.obj
 0001:00002ef6       __initialize_invalid_parameter_handler 00403ef6 f   MSVCRT:invalid_parameter_handler.obj
 0001:00002ef9       __initialize_denormal_control 00403ef9 f   MSVCRT:denormal_control.obj
 0001:00002efc       ___local_stdio_scanf_options 00403efc f i MSVCRT:default_local_stdio_options.obj
 0001:00002f02       ___scrt_initialize_default_local_stdio_options 00403f02 f   MSVCRT:default_local_stdio_options.obj
 0001:00002f26       ___scrt_is_user_matherr_present 00403f26 f   MSVCRT:matherr_detection.obj
 0001:00002f35       ___scrt_get_dyn_tls_init_callback 00403f35 f   MSVCRT:dyn_tls_init.obj
 0001:00002f3b       ___scrt_get_dyn_tls_dtor_callback 00403f3b f   MSVCRT:dyn_tls_dtor.obj
 0001:00002f41       ___scrt_fastfail           00403f41 f   MSVCRT:utility_desktop.obj
 0001:0000309b       ___scrt_get_show_window_mode 0040409b f   MSVCRT:utility_desktop.obj
 0001:000030d8       ___scrt_initialize_mta     004040d8 f   MSVCRT:utility_desktop.obj
 0001:000030dd       ___scrt_initialize_winrt   004040dd f   MSVCRT:utility_desktop.obj
 0001:000030e0       ___scrt_is_managed_app     004040e0 f   MSVCRT:utility_desktop.obj
 0001:00003132       ___scrt_set_unhandled_exception_filter 00404132 f   MSVCRT:utility_desktop.obj
 0001:00003141       ___scrt_exe_initialize_mta 00404141 f   MSVCRT:utility_desktop.obj
 0001:00003141       ___scrt_stub_for_initialize_mta 00404141 f   MSVCRT:utility_desktop.obj
 0001:00003144       ___scrt_unhandled_exception_filter@4 00404144 f   MSVCRT:utility_desktop.obj
 0001:000031af       __crt_debugger_hook        004041af f   MSVCRT:utility_desktop.obj
 0001:000031b9       __RTC_Initialize           004041b9 f   MSVCRT:initsect.obj
 0001:000031f0       __RTC_Terminate            004041f0 f   MSVCRT:initsect.obj
 0001:00003230       __SEH_prolog4              00404230 f   MSVCRT:sehprolg4.obj
 0001:00003290       __SEH_epilog4              00404290 f   MSVCRT:sehprolg4.obj
 0001:000032a9       __except_handler4          004042a9 f   MSVCRT:chandler4gs.obj
 0001:000032e3       @_guard_check_icall_nop@4  004042e3 f i MSVCRT:guard_support.obj
 0001:000032e6       _ReadNoFence               004042e6 f i MSVCRT:guard_support.obj
 0001:000032f2       _ReadPointerNoFence        004042f2 f i MSVCRT:guard_support.obj
 0001:000032fe       __InlineInterlockedExchangePointer 004042fe f i MSVCRT:guard_support.obj
 0001:0000330e       ___castguard_check_failure_debugbreak 0040430e f i MSVCRT:guard_support.obj
 0001:0000332f       ___castguard_check_failure_fastfail 0040432f f i MSVCRT:guard_support.obj
 0001:00003355       ___castguard_check_failure_nop 00404355 f i MSVCRT:guard_support.obj
 0001:00003358       ___castguard_check_failure_os_handled 00404358 f i MSVCRT:guard_support.obj
 0001:0000339c       ___castguard_check_failure_user_handled 0040439c f i MSVCRT:guard_support.obj
 0001:00003424       ___castguard_set_user_handler 00404424 f i MSVCRT:guard_support.obj
 0001:00003436       ___castguard_slow_path_check_debugbreak 00404436 f i MSVCRT:guard_support.obj
 0001:0000346e       ___castguard_slow_path_check_fastfail 0040446e f i MSVCRT:guard_support.obj
 0001:000034ab       ___castguard_slow_path_check_nop 004044ab f i MSVCRT:guard_support.obj
 0001:000034ae       ___castguard_slow_path_check_os_handled 004044ae f i MSVCRT:guard_support.obj
 0001:000034f9       ___castguard_slow_path_check_user_handled 004044f9 f i MSVCRT:guard_support.obj
 0001:00003571       __guard_icall_checks_enforced 00404571 f i MSVCRT:guard_support.obj
 0001:00003615       ?_RTC_AllocaFailure@@YAXPAXPAU_RTC_ALLOCA_NODE@@H@Z 00404615 f   MSVCRT:error.obj
 0001:00003724       ?_RTC_Failure@@YAXPAXH@Z   00404724 f   MSVCRT:error.obj
 0001:0000376f       ?_RTC_StackFailure@@YAXPAXPBD@Z 0040476f f   MSVCRT:error.obj
 0001:00003c39       __RTC_UninitUse            00404c39 f   MSVCRT:error.obj
 0001:00003cff       __vsprintf_s_l             00404cff f i MSVCRT:error.obj
 0001:00003d37       _sprintf_s                 00404d37 f i MSVCRT:error.obj
 0001:00003d5a       ___isa_available_init      00404d5a f   MSVCRT:cpu_disp.obj
 0001:00004152       ___scrt_is_ucrt_dll_in_use 00405152 f   MSVCRT:ucrt_detection.obj
 0001:00004161       @__security_check_cookie@4 00405161 f   MSVCRT:secchk.obj
 0001:000043f7       ?_RTC_GetSrcLine@@YAHPAEPA_WKPAH1K@Z 004053f7 f   MSVCRT:pdblkup.obj
 0001:00004816       __except_handler4_noexcept 00405816 f   MSVCRT:chandler4_noexcept.obj
 0001:0000486d       ___raise_securityfailure   0040586d f   MSVCRT:gs_report.obj
 0001:0000489f       ___report_gsfailure        0040589f f   MSVCRT:gs_report.obj
 0001:000049d8       ___report_rangecheckfailure 004059d8 f   MSVCRT:gs_report.obj
 0001:000049e8       ___report_securityfailure  004059e8 f   MSVCRT:gs_report.obj
 0001:00004aec       ___report_securityfailureEx 00405aec f   MSVCRT:gs_report.obj
 0001:00004c47       _memcpy                    00405c47 f   vcruntime:VCRUNTIME140.dll
 0001:00004c4d       _memset                    00405c4d f   vcruntime:VCRUNTIME140.dll
 0001:00004c53       ___std_type_info_destroy_list 00405c53 f   vcruntime:VCRUNTIME140.dll
 0001:00004c59       ___current_exception       00405c59 f   vcruntime:VCRUNTIME140.dll
 0001:00004c5f       ___current_exception_context 00405c5f f   vcruntime:VCRUNTIME140.dll
 0001:00004c65       __except_handler4_common   00405c65 f   vcruntime:VCRUNTIME140.dll
 0001:00004c6b       ___vcrt_GetModuleFileNameW 00405c6b f   vcruntime:VCRUNTIME140.dll
 0001:00004c71       ___vcrt_LoadLibraryExW     00405c71 f   vcruntime:VCRUNTIME140.dll
 0001:00004c77       _strcpy                    00405c77 f   ucrt:api-ms-win-crt-string-l1-1-0.dll
 0001:00004c7d       _strlen                    00405c7d f   ucrt:api-ms-win-crt-string-l1-1-0.dll
 0001:00004c83       _strncmp                   00405c83 f   ucrt:api-ms-win-crt-string-l1-1-0.dll
 0001:00004c89       _strncpy                   00405c89 f   ucrt:api-ms-win-crt-string-l1-1-0.dll
 0001:00004c8f       _free                      00405c8f f   ucrt:api-ms-win-crt-heap-l1-1-0.dll
 0001:00004c95       _malloc                    00405c95 f   ucrt:api-ms-win-crt-heap-l1-1-0.dll
 0001:00004c9b       _atoi                      00405c9b f   ucrt:api-ms-win-crt-convert-l1-1-0.dll
 0001:00004ca1       _strtoul                   00405ca1 f   ucrt:api-ms-win-crt-convert-l1-1-0.dll
 0001:00004ca7       ___acrt_iob_func           00405ca7 f   ucrt:api-ms-win-crt-stdio-l1-1-0.dll
 0001:00004cad       _fflush                    00405cad f   ucrt:api-ms-win-crt-stdio-l1-1-0.dll
 0001:00004cb3       ___stdio_common_vfprintf   00405cb3 f   ucrt:api-ms-win-crt-stdio-l1-1-0.dll
 0001:00004cb9       ___stdio_common_vsprintf   00405cb9 f   ucrt:api-ms-win-crt-stdio-l1-1-0.dll
 0001:00004cbf       __seh_filter_exe           00405cbf f   ucrt:api-ms-win-crt-runtime-l1-1-0.dll
 0001:00004cc5       __set_app_type             00405cc5 f   ucrt:api-ms-win-crt-runtime-l1-1-0.dll
 0001:00004ccb       ___setusermatherr          00405ccb f   ucrt:api-ms-win-crt-math-l1-1-0.dll
 0001:00004cd1       __configure_narrow_argv    00405cd1 f   ucrt:api-ms-win-crt-runtime-l1-1-0.dll
 0001:00004cd7       __initialize_narrow_environment 00405cd7 f   ucrt:api-ms-win-crt-runtime-l1-1-0.dll
 0001:00004cdd       __get_initial_narrow_environment 00405cdd f   ucrt:api-ms-win-crt-runtime-l1-1-0.dll
 0001:00004ce3       __initterm                 00405ce3 f   ucrt:api-ms-win-crt-runtime-l1-1-0.dll
 0001:00004ce9       __initterm_e               00405ce9 f   ucrt:api-ms-win-crt-runtime-l1-1-0.dll
 0001:00004cef       _exit                      00405cef f   ucrt:api-ms-win-crt-runtime-l1-1-0.dll
 0001:00004cf5       __exit                     00405cf5 f   ucrt:api-ms-win-crt-runtime-l1-1-0.dll
 0001:00004cfb       __set_fmode                00405cfb f   ucrt:api-ms-win-crt-stdio-l1-1-0.dll
 0001:00004d01       ___p___argc                00405d01 f   ucrt:api-ms-win-crt-runtime-l1-1-0.dll
 0001:00004d07       ___p___argv                00405d07 f   ucrt:api-ms-win-crt-runtime-l1-1-0.dll
 0001:00004d0d       __cexit                    00405d0d f   ucrt:api-ms-win-crt-runtime-l1-1-0.dll
 0001:00004d13       __c_exit                   00405d13 f   ucrt:api-ms-win-crt-runtime-l1-1-0.dll
 0001:00004d19       __register_thread_local_exe_atexit_callback 00405d19 f   ucrt:api-ms-win-crt-runtime-l1-1-0.dll
 0001:00004d1f       __configthreadlocale       00405d1f f   ucrt:api-ms-win-crt-locale-l1-1-0.dll
 0001:00004d25       __set_new_mode             00405d25 f   ucrt:api-ms-win-crt-heap-l1-1-0.dll
 0001:00004d2b       ___p__commode              00405d2b f   ucrt:api-ms-win-crt-stdio-l1-1-0.dll
 0001:00004d31       __seh_filter_dll           00405d31 f   ucrt:api-ms-win-crt-runtime-l1-1-0.dll
 0001:00004d37       __initialize_onexit_table  00405d37 f   ucrt:api-ms-win-crt-runtime-l1-1-0.dll
 0001:00004d3d       __register_onexit_function 00405d3d f   ucrt:api-ms-win-crt-runtime-l1-1-0.dll
 0001:00004d43       __execute_onexit_table     00405d43 f   ucrt:api-ms-win-crt-runtime-l1-1-0.dll
 0001:00004d49       __crt_atexit               00405d49 f   ucrt:api-ms-win-crt-runtime-l1-1-0.dll
 0001:00004d4f       __crt_at_quick_exit        00405d4f f   ucrt:api-ms-win-crt-runtime-l1-1-0.dll
 0001:00004d55       __controlfp_s              00405d55 f   ucrt:api-ms-win-crt-runtime-l1-1-0.dll
 0001:00004d5b       _terminate                 00405d5b f   ucrt:api-ms-win-crt-runtime-l1-1-0.dll
 0001:00004d61       _strcpy_s                  00405d61 f   ucrt:api-ms-win-crt-string-l1-1-0.dll
 0001:00004d67       _strcat_s                  00405d67 f   ucrt:api-ms-win-crt-string-l1-1-0.dll
 0001:00004d6d       ___stdio_common_vsprintf_s 00405d6d f   ucrt:api-ms-win-crt-stdio-l1-1-0.dll
 0001:00004d73       _QueryPerformanceCounter@4 00405d73 f   kernel32:KERNEL32.dll
 0001:00004d79       _GetCurrentProcessId@0     00405d79 f   kernel32:KERNEL32.dll
 0001:00004d7f       _GetCurrentThreadId@0      00405d7f f   kernel32:KERNEL32.dll
 0001:00004d85       _GetSystemTimeAsFileTime@4 00405d85 f   kernel32:KERNEL32.dll
 0001:00004d8b       _InitializeSListHead@4     00405d8b f   kernel32:KERNEL32.dll
 0001:00004d91       _IsDebuggerPresent@0       00405d91 f   kernel32:KERNEL32.dll
 0001:00004d97       _UnhandledExceptionFilter@4 00405d97 f   kernel32:KERNEL32.dll
 0001:00004d9d       _SetUnhandledExceptionFilter@4 00405d9d f   kernel32:KERNEL32.dll
 0001:00004da3       _GetStartupInfoW@4         00405da3 f   kernel32:KERNEL32.dll
 0001:00004da9       _IsProcessorFeaturePresent@4 00405da9 f   kernel32:KERNEL32.dll
 0001:00004daf       _GetModuleHandleW@4        00405daf f   kernel32:KERNEL32.dll
 0001:00004db5       _RaiseException@16         00405db5 f   kernel32:KERNEL32.dll
 0001:00004dbb       _MultiByteToWideChar@24    00405dbb f   kernel32:KERNEL32.dll
 0001:00004dc1       _WideCharToMultiByte@32    00405dc1 f   kernel32:KERNEL32.dll
 0001:00004dc7       _HeapAlloc@12              00405dc7 f   kernel32:KERNEL32.dll
 0001:00004dcd       _HeapFree@12               00405dcd f   kernel32:KERNEL32.dll
 0001:00004dd3       _GetProcessHeap@0          00405dd3 f   kernel32:KERNEL32.dll
 0001:00004dd9       _VirtualQuery@12           00405dd9 f   kernel32:KERNEL32.dll
 0001:00004ddf       _FreeLibrary@4             00405ddf f   kernel32:KERNEL32.dll
 0001:00004de5       _GetProcAddress@8          00405de5 f   kernel32:KERNEL32.dll
 0001:00004deb       _GetCurrentProcess@0       00405deb f   kernel32:KERNEL32.dll
 0001:00004df1       _TerminateProcess@8        00405df1 f   kernel32:KERNEL32.dll
 0001:00004df7       ___acrt_initialize         00405df7 f   MSVCRT:ucrt_stubs.obj
 0001:00004df7       ___scrt_stub_for_acrt_initialize 00405df7 f   MSVCRT:ucrt_stubs.obj
 0001:00004df7       ___vcrt_initialize         00405df7 f   MSVCRT:ucrt_stubs.obj
 0001:00004dfa       ___acrt_thread_attach      00405dfa f   MSVCRT:ucrt_stubs.obj
 0001:00004dfa       ___scrt_stub_for_acrt_thread_attach 00405dfa f   MSVCRT:ucrt_stubs.obj
 0001:00004dfa       ___vcrt_thread_attach      00405dfa f   MSVCRT:ucrt_stubs.obj
 0001:00004dfd       ___acrt_thread_detach      00405dfd f   MSVCRT:ucrt_stubs.obj
 0001:00004dfd       ___scrt_stub_for_acrt_thread_detach 00405dfd f   MSVCRT:ucrt_stubs.obj
 0001:00004dfd       ___vcrt_thread_detach      00405dfd f   MSVCRT:ucrt_stubs.obj
 0001:00004e00       ___acrt_uninitialize       00405e00 f   MSVCRT:ucrt_stubs.obj
 0001:00004e00       ___scrt_stub_for_acrt_uninitialize 00405e00 f   MSVCRT:ucrt_stubs.obj
 0001:00004e00       ___vcrt_uninitialize       00405e00 f   MSVCRT:ucrt_stubs.obj
 0001:00004e03       ___acrt_uninitialize_critical 00405e03 f   MSVCRT:ucrt_stubs.obj
 0001:00004e03       ___scrt_stub_for_acrt_uninitialize_critical 00405e03 f   MSVCRT:ucrt_stubs.obj
 0001:00004e03       ___vcrt_uninitialize_critical 00405e03 f   MSVCRT:ucrt_stubs.obj
 0001:00004e06       ___scrt_stub_for_is_c_termination_complete 00405e06 f   MSVCRT:ucrt_stubs.obj
 0001:00004e06       __is_c_termination_complete 00405e06 f   MSVCRT:ucrt_stubs.obj
 0001:00004e09       __filter_x86_sse2_floating_point_exception 00405e09 f   MSVCRT:x86_exception_filter.obj
 0001:00004e09       __filter_x86_sse2_floating_point_exception_default 00405e09 f   MSVCRT:x86_exception_filter.obj
 0002:00000000       ___xc_a                    00408000     MSVCRT:initializers.obj
 0002:00000208       ___xc_z                    00408208     MSVCRT:initializers.obj
 0002:0000030c       ___xi_a                    0040830c     MSVCRT:initializers.obj
 0002:00000618       ___xi_z                    00408618     MSVCRT:initializers.obj
 0002:0000071c       ___xp_a                    0040871c     MSVCRT:initializers.obj
 0002:00000820       ___xp_z                    00408820     MSVCRT:initializers.obj
 0002:00000924       ___xt_a                    00408924     MSVCRT:initializers.obj
 0002:00000a28       ___xt_z                    00408a28     MSVCRT:initializers.obj
 0002:00000b48       ??_C@_0BJ@HEGAHDFO@Stack?5pointer?5corruption@ 00408b48     MSVCRT:userapi.obj
 0002:00000b68       ??_C@_0CK@FEGOIOPB@Cast?5to?5smaller?5type?5causing?5lo@ 00408b68     MSVCRT:userapi.obj
 0002:00000b9c       ??_C@_0BI@CIGMDCBH@Stack?5memory?5corruption@ 00408b9c     MSVCRT:userapi.obj
 0002:00000bb8       ??_C@_0CK@CNLNOEPB@Local?5variable?5used?5before?5init@ 00408bb8     MSVCRT:userapi.obj
 0002:00000bec       ??_C@_0BP@OGBCLIBO@Stack?5around?5_alloca?5corrupted@ 00408bec     MSVCRT:userapi.obj
 0002:00000cd0       ??_C@_0NN@JMPELKLB@The?5value?5of?5ESP?5was?5not?5proper@ 00408cd0     MSVCRT:error.obj
 0002:00000de0       ??_C@_0BBN@ELNNILBE@A?5cast?5to?5a?5smaller?5data?5type?5h@ 00408de0     MSVCRT:error.obj
 0002:00000f38       ??_C@_0BN@BPOGFMJL@Stack?5memory?5was?5corrupted?$AN?6@ 00408f38     MSVCRT:error.obj
 0002:00000f5c       ??_C@_0DG@DAJCDLPN@A?5local?5variable?5was?5used?5befor@ 00408f5c     MSVCRT:error.obj
 0002:00000f9c       ??_C@_0CM@JMIDGKLA@Stack?5memory?5around?5_alloca?5was@ 00408f9c     MSVCRT:error.obj
 0002:00000fd0       ??_C@_0BO@CHIONIOI@Unknown?5Runtime?5Check?5Error?$AN?6@ 00408fd0     MSVCRT:error.obj
 0002:00000ff8       ??_C@_1GM@CNOOJIHC@?$AAR?$AAu?$AAn?$AAt?$AAi?$AAm?$AAe?$AA?5?$AAC?$AAh?$AAe?$AAc?$AAk?$AA?5?$AAE@ 00408ff8     MSVCRT:error.obj
 0002:00001080       ??_C@_1EA@NFKNIFJP@?$AAR?$AAu?$AAn?$AA?9?$AAT?$AAi?$AAm?$AAe?$AA?5?$AAC?$AAh?$AAe?$AAc?$AAk?$AA?5@ 00409080     MSVCRT:error.obj
 0002:000010cc       ??_C@_0BB@PFFGGCJP@Unknown?5Filename@ 004090cc     MSVCRT:error.obj
 0002:000010e0       ??_C@_0BE@GNBOBNCK@Unknown?5Module?5Name@ 004090e0     MSVCRT:error.obj
 0002:000010f8       ??_C@_0CA@IODNCDPG@Run?9Time?5Check?5Failure?5?$CD?$CFd?5?9?5?$CFs@ 004090f8     MSVCRT:error.obj
 0002:00001120       ??_C@_0CG@IAFNJNEE@Stack?5corrupted?5near?5unknown?5va@ 00409120     MSVCRT:error.obj
 0002:00001150       ??_C@_05MKKEDADM@?$CF?42X?5@ 00409150     MSVCRT:error.obj
 0002:00001158       ??_C@_0EJ@LJKNEOLN@Stack?5area?5around?5_alloca?5memor@ 00409158     MSVCRT:error.obj
 0002:000011b0       ??_C@_01EEMJAFIK@?6@       004091b0     MSVCRT:error.obj
 0002:000011b4       ??_C@_02LLMPMKNF@?$DO?5@   004091b4     MSVCRT:error.obj
 0002:000011b8       ??_C@_08OMAHNMHJ@?6Data?3?5?$DM@ 004091b8     MSVCRT:error.obj
 0002:000011c4       ??_C@_0CK@DKGBICFE@?6Allocation?5number?5within?5this?5@ 004091c4     MSVCRT:error.obj
 0002:000011f8       ??_C@_07DFDJCKFN@?6Size?3?5@ 004091f8     MSVCRT:error.obj
 0002:00001204       ??_C@_0N@MHFFIMFG@?6Address?3?50x@ 00409204     MSVCRT:error.obj
 0002:00001218       ??_C@_0EI@CLEPFNGI@Stack?5area?5around?5_alloca?5memor@ 00409218     MSVCRT:error.obj
 0002:00001270       ??_C@_0BK@ODNDAGKB@?$CFs?$CFs?$CFp?$CFs?$CFzd?$CFs?$CFd?$CFs?$CFs?$CFs?$CFs?$CFs@ 00409270     MSVCRT:error.obj
 0002:00001290       ??_C@_0DE@OHJBPMBP@A?5variable?5is?5being?5used?5withou@ 00409290     MSVCRT:error.obj
 0002:000012f8       ??_C@_1EI@MLPKHBGE@?$AAa?$AAp?$AAi?$AA?9?$AAm?$AAs?$AA?9?$AAw?$AAi?$AAn?$AA?9?$AAc?$AAo?$AAr?$AAe@ 004092f8     MSVCRT:pdblkup.obj
 0002:00001350       ??_C@_1BK@JHLNAEJL@?$AAa?$AAd?$AAv?$AAa?$AAp?$AAi?$AA3?$AA2?$AA?4?$AAd?$AAl?$AAl@ 00409350     MSVCRT:pdblkup.obj
 0002:00001370       ??_C@_0O@COHOBMLB@RegOpenKeyExW@ 00409370     MSVCRT:pdblkup.obj
 0002:00001380       ??_C@_0BB@GLNAEDBD@RegQueryValueExW@ 00409380     MSVCRT:pdblkup.obj
 0002:00001394       ??_C@_0M@HLOHPNFA@RegCloseKey@ 00409394     MSVCRT:pdblkup.obj
 0002:000013a8       ??_C@_1HE@EBEAGLFB@?$AAS?$AAO?$AAF?$AAT?$AAW?$AAA?$AAR?$AAE?$AA?2?$AAW?$AAo?$AAw?$AA6?$AA4?$AA3@ 004093a8     MSVCRT:pdblkup.obj
 0002:00001434       ??_C@_1BG@EABPBLLF@?$AAP?$AAr?$AAo?$AAd?$AAu?$AAc?$AAt?$AAD?$AAi?$AAr@ 00409434     MSVCRT:pdblkup.obj
 0002:00001450       ??_C@_0BB@KCIACLNC@PDBOpenValidate5@ 00409450     MSVCRT:pdblkup.obj
 0002:00001464       ??_C@_01KDCPPGHE@r@        00409464     MSVCRT:pdblkup.obj
 0002:00001478       __load_config_used         00409478     MSVCRT:loadcfg.obj
 0002:00001700       ___CastGuardVftablesStart  00409700     MSVCRT:guard_support.obj
 0002:00001880       ___CastGuardVftablesEnd    00409880     MSVCRT:guard_support.obj
 0002:00001b68       ___rtc_iaa                 00409b68     MSVCRT:initsect.obj
 0002:00001d70       ___rtc_izz                 00409d70     MSVCRT:initsect.obj
 0002:00001e74       ___rtc_taa                 00409e74     MSVCRT:initsect.obj
 0002:0000207c       ___rtc_tzz                 0040a07c     MSVCRT:initsect.obj
 0003:00000000       _uid                       0040b000     vchat.obj
 0003:00000004       _ListenSocket              0040b004     vchat.obj
 0003:00000a74       ___scrt_native_dllmain_reason 0040ba74     MSVCRT:utility.obj
 0003:00000a78       ___scrt_default_matherr    0040ba78     MSVCRT:matherr.obj
 0003:00000a80       ?_RTC_ErrorLevels@@3PAHA   0040ba80     MSVCRT:error.obj
 0003:00000a98       ___isa_inverted            0040ba98     MSVCRT:cpu_disp.obj
 0003:00000aa0       ___isa_enabled             0040baa0     MSVCRT:cpu_disp.obj
 0003:00000ac0       ___security_cookie         0040bac0     MSVCRT:gs_cookie.obj
 0003:00000b00       ___security_cookie_complement 0040bb00     MSVCRT:gs_cookie.obj
 0003:00000b14       ___scrt_ucrt_dll_is_in_use 0040bb14     MSVCRT:ucrt_stubs.obj
 0003:00000c28       _cli_count                 0040bc28     vchat.obj
 0003:00000c2c       _MITM                      0040bc2c     vchat.obj
 0003:00000dc4       _hInput                    0040bdc4     <common>
 0003:00000dc8       ?_OptionsStorage@?1??__local_stdio_printf_options@@9@9 0040bdc8     <common>
 0003:00000dd0       _prev_mode                 0040bdd0     <common>
 0003:00000dd4       _ghMutex                   0040bdd4     <common>
 0003:00000e24       ___scrt_current_native_startup_state 0040be24     MSVCRT:utility.obj
 0003:00000e28       ___scrt_native_startup_lock 0040be28     MSVCRT:utility.obj
 0003:00000e50       ?__type_info_root_node@@3U__type_info_node@@A 0040be50     MSVCRT:tncleanup.obj
 0003:00000e60       ?_OptionsStorage@?1??__local_stdio_printf_options@@9@4_KA 0040be60     MSVCRT:default_local_stdio_options.obj
 0003:00000e70       ?_OptionsStorage@?1??__local_stdio_scanf_options@@9@4_KA 0040be70     MSVCRT:default_local_stdio_options.obj
 0003:00000e7c       ___scrt_debugger_hook_flag 0040be7c     MSVCRT:utility_desktop.obj
 0003:00000e80       ___castguard_check_failure_user_handled_fptr 0040be80     MSVCRT:guard_support.obj
 0003:00000e84       ___avx10_version           0040be84     MSVCRT:cpu_disp.obj
 0003:00000e88       ___isa_available           0040be88     MSVCRT:cpu_disp.obj
 0003:00000e8c       ___favor                   0040be8c     MSVCRT:cpu_disp.obj
 0003:00001280       ___dyn_tls_dtor_callback   0040c280     <common>
 0003:0000128c       ___dyn_tls_init_callback   0040c28c     <common>
 0004:00000000       __imp__EssentialFunc1      0040d000     libessfunc:Essfun.dll
 0004:00000004       \177Essfun_NULL_THUNK_DATA 0040d004     libessfunc:Essfun.dll
 0004:00000030       __imp__GetStdHandle@4      0040d030     kernel32:KERNEL32.dll
 0004:00000034       __imp__CloseHandle@4       0040d034     kernel32:KERNEL32.dll
 0004:00000038       __imp__GetLastError@0      0040d038     kernel32:KERNEL32.dll
 0004:0000003c       __imp__ReleaseMutex@4      0040d03c     kernel32:KERNEL32.dll
 0004:00000040       __imp__WaitForSingleObject@8 0040d040     kernel32:KERNEL32.dll
 0004:00000044       __imp__CreateMutexW@12     0040d044     kernel32:KERNEL32.dll
 0004:00000048       __imp__Sleep@4             0040d048     kernel32:KERNEL32.dll
 0004:0000004c       __imp__CreateThread@24     0040d04c     kernel32:KERNEL32.dll
 0004:00000050       __imp__GetConsoleMode@8    0040d050     kernel32:KERNEL32.dll
 0004:00000054       __imp__SetConsoleMode@8    0040d054     kernel32:KERNEL32.dll
 0004:00000058       __imp__SetConsoleCtrlHandler@8 0040d058     kernel32:KERNEL32.dll
 0004:0000005c       __imp__GetCurrentProcess@0 0040d05c     kernel32:KERNEL32.dll
 0004:00000060       __imp__GetProcAddress@8    0040d060     kernel32:KERNEL32.dll
 0004:00000064       __imp__FreeLibrary@4       0040d064     kernel32:KERNEL32.dll
 0004:00000068       __imp__VirtualQuery@12     0040d068     kernel32:KERNEL32.dll
 0004:0000006c       __imp__GetProcessHeap@0    0040d06c     kernel32:KERNEL32.dll
 0004:00000070       __imp__HeapFree@12         0040d070     kernel32:KERNEL32.dll
 0004:00000074       __imp__HeapAlloc@12        0040d074     kernel32:KERNEL32.dll
 0004:00000078       __imp__WideCharToMultiByte@32 0040d078     kernel32:KERNEL32.dll
 0004:0000007c       __imp__MultiByteToWideChar@24 0040d07c     kernel32:KERNEL32.dll
 0004:00000080       __imp__RaiseException@16   0040d080     kernel32:KERNEL32.dll
 0004:00000084       __imp__GetModuleHandleW@4  0040d084     kernel32:KERNEL32.dll
 0004:00000088       __imp__IsProcessorFeaturePresent@4 0040d088     kernel32:KERNEL32.dll
 0004:0000008c       __imp__GetStartupInfoW@4   0040d08c     kernel32:KERNEL32.dll
 0004:00000090       __imp__SetUnhandledExceptionFilter@4 0040d090     kernel32:KERNEL32.dll
 0004:00000094       __imp__UnhandledExceptionFilter@4 0040d094     kernel32:KERNEL32.dll
 0004:00000098       __imp__IsDebuggerPresent@0 0040d098     kernel32:KERNEL32.dll
 0004:0000009c       __imp__InitializeSListHead@4 0040d09c     kernel32:KERNEL32.dll
 0004:000000a0       __imp__GetSystemTimeAsFileTime@4 0040d0a0     kernel32:KERNEL32.dll
 0004:000000a4       __imp__GetCurrentThreadId@0 0040d0a4     kernel32:KERNEL32.dll
 0004:000000a8       __imp__GetCurrentProcessId@0 0040d0a8     kernel32:KERNEL32.dll
 0004:000000ac       __imp__QueryPerformanceCounter@4 0040d0ac     kernel32:KERNEL32.dll
 0004:000000b0       __imp__TerminateProcess@8  0040d0b0     kernel32:KERNEL32.dll
 0004:000000b4       \177KERNEL32_NULL_THUNK_DATA 0040d0b4     kernel32:KERNEL32.dll
 0004:000000f8       __imp__memset              0040d0f8     vcruntime:VCRUNTIME140.dll
 0004:000000fc       __imp____vcrt_LoadLibraryExW 0040d0fc     vcruntime:VCRUNTIME140.dll
 0004:00000100       __imp____vcrt_GetModuleFileNameW 0040d100     vcruntime:VCRUNTIME140.dll
 0004:00000104       __imp____std_type_info_destroy_list 0040d104     vcruntime:VCRUNTIME140.dll
 0004:00000108       __imp____current_exception 0040d108     vcruntime:VCRUNTIME140.dll
 0004:0000010c       __imp____current_exception_context 0040d10c     vcruntime:VCRUNTIME140.dll
 0004:00000110       __imp__memcpy              0040d110     vcruntime:VCRUNTIME140.dll
 0004:00000114       __imp___except_handler4_common 0040d114     vcruntime:VCRUNTIME140.dll
 0004:00000118       \177VCRUNTIME140_NULL_THUNK_DATA 0040d118     vcruntime:VCRUNTIME140.dll
 0004:00000148       __imp__htons@4             0040d148     WS2_32:WS2_32.dll
 0004:0000014c       __imp__inet_ntoa@4         0040d14c     WS2_32:WS2_32.dll
 0004:00000150       __imp__listen@8            0040d150     WS2_32:WS2_32.dll
 0004:00000154       __imp__recv@16             0040d154     WS2_32:WS2_32.dll
 0004:00000158       __imp__WSAStartup@8        0040d158     WS2_32:WS2_32.dll
 0004:0000015c       __imp__socket@12           0040d15c     WS2_32:WS2_32.dll
 0004:00000160       __imp__accept@12           0040d160     WS2_32:WS2_32.dll
 0004:00000164       __imp__bind@12             0040d164     WS2_32:WS2_32.dll
 0004:00000168       __imp__closesocket@4       0040d168     WS2_32:WS2_32.dll
 0004:0000016c       __imp__WSACleanup@0        0040d16c     WS2_32:WS2_32.dll
 0004:00000170       __imp__freeaddrinfo@4      0040d170     WS2_32:WS2_32.dll
 0004:00000174       __imp__getaddrinfo@16      0040d174     WS2_32:WS2_32.dll
 0004:00000178       __imp__WSAGetLastError@0   0040d178     WS2_32:WS2_32.dll
 0004:0000017c       __imp__send@16             0040d17c     WS2_32:WS2_32.dll
 0004:00000180       \177WS2_32_NULL_THUNK_DATA 0040d180     WS2_32:WS2_32.dll
 0004:000001b4       __imp__strtoul             0040d1b4     ucrt:api-ms-win-crt-convert-l1-1-0.dll
 0004:000001b8       __imp__atoi                0040d1b8     ucrt:api-ms-win-crt-convert-l1-1-0.dll
 0004:000001bc       \177api-ms-win-crt-convert-l1-1-0_NULL_THUNK_DATA 0040d1bc     ucrt:api-ms-win-crt-convert-l1-1-0.dll
 0004:000001e8       __imp__malloc              0040d1e8     ucrt:api-ms-win-crt-heap-l1-1-0.dll
 0004:000001ec       __imp__free                0040d1ec     ucrt:api-ms-win-crt-heap-l1-1-0.dll
 0004:000001f0       __imp___set_new_mode       0040d1f0     ucrt:api-ms-win-crt-heap-l1-1-0.dll
 0004:000001f4       \177api-ms-win-crt-heap-l1-1-0_NULL_THUNK_DATA 0040d1f4     ucrt:api-ms-win-crt-heap-l1-1-0.dll
 0004:00000220       __imp___configthreadlocale 0040d220     ucrt:api-ms-win-crt-locale-l1-1-0.dll
 0004:00000224       \177api-ms-win-crt-locale-l1-1-0_NULL_THUNK_DATA 0040d224     ucrt:api-ms-win-crt-locale-l1-1-0.dll
 0004:00000250       __imp____setusermatherr    0040d250     ucrt:api-ms-win-crt-math-l1-1-0.dll
 0004:00000254       \177api-ms-win-crt-math-l1-1-0_NULL_THUNK_DATA 0040d254     ucrt:api-ms-win-crt-math-l1-1-0.dll
 0004:00000280       __imp___register_onexit_function 0040d280     ucrt:api-ms-win-crt-runtime-l1-1-0.dll
 0004:00000284       __imp___execute_onexit_table 0040d284     ucrt:api-ms-win-crt-runtime-l1-1-0.dll
 0004:00000288       __imp___crt_atexit         0040d288     ucrt:api-ms-win-crt-runtime-l1-1-0.dll
 0004:0000028c       __imp___seh_filter_dll     0040d28c     ucrt:api-ms-win-crt-runtime-l1-1-0.dll
 0004:00000290       __imp___controlfp_s        0040d290     ucrt:api-ms-win-crt-runtime-l1-1-0.dll
 0004:00000294       __imp__terminate           0040d294     ucrt:api-ms-win-crt-runtime-l1-1-0.dll
 0004:00000298       __imp___exit               0040d298     ucrt:api-ms-win-crt-runtime-l1-1-0.dll
 0004:0000029c       __imp__exit                0040d29c     ucrt:api-ms-win-crt-runtime-l1-1-0.dll
 0004:000002a0       __imp___initterm_e         0040d2a0     ucrt:api-ms-win-crt-runtime-l1-1-0.dll
 0004:000002a4       __imp___initterm           0040d2a4     ucrt:api-ms-win-crt-runtime-l1-1-0.dll
 0004:000002a8       __imp____p___argc          0040d2a8     ucrt:api-ms-win-crt-runtime-l1-1-0.dll
 0004:000002ac       __imp___register_thread_local_exe_atexit_callback 0040d2ac     ucrt:api-ms-win-crt-runtime-l1-1-0.dll
 0004:000002b0       __imp___get_initial_narrow_environment 0040d2b0     ucrt:api-ms-win-crt-runtime-l1-1-0.dll
 0004:000002b4       __imp___c_exit             0040d2b4     ucrt:api-ms-win-crt-runtime-l1-1-0.dll
 0004:000002b8       __imp___initialize_onexit_table 0040d2b8     ucrt:api-ms-win-crt-runtime-l1-1-0.dll
 0004:000002bc       __imp___crt_at_quick_exit  0040d2bc     ucrt:api-ms-win-crt-runtime-l1-1-0.dll
 0004:000002c0       __imp___configure_narrow_argv 0040d2c0     ucrt:api-ms-win-crt-runtime-l1-1-0.dll
 0004:000002c4       __imp____p___argv          0040d2c4     ucrt:api-ms-win-crt-runtime-l1-1-0.dll
 0004:000002c8       __imp___set_app_type       0040d2c8     ucrt:api-ms-win-crt-runtime-l1-1-0.dll
 0004:000002cc       __imp___seh_filter_exe     0040d2cc     ucrt:api-ms-win-crt-runtime-l1-1-0.dll
 0004:000002d0       __imp___cexit              0040d2d0     ucrt:api-ms-win-crt-runtime-l1-1-0.dll
 0004:000002d4       __imp___initialize_narrow_environment 0040d2d4     ucrt:api-ms-win-crt-runtime-l1-1-0.dll
 0004:000002d8       \177api-ms-win-crt-runtime-l1-1-0_NULL_THUNK_DATA 0040d2d8     ucrt:api-ms-win-crt-runtime-l1-1-0.dll
 0004:00000314       __imp____stdio_common_vfprintf 0040d314     ucrt:api-ms-win-crt-stdio-l1-1-0.dll
 0004:00000318       __imp____stdio_common_vsprintf_s 0040d318     ucrt:api-ms-win-crt-stdio-l1-1-0.dll
 0004:0000031c       __imp____acrt_iob_func     0040d31c     ucrt:api-ms-win-crt-stdio-l1-1-0.dll
 0004:00000320       __imp__fflush              0040d320     ucrt:api-ms-win-crt-stdio-l1-1-0.dll
 0004:00000324       __imp____p__commode        0040d324     ucrt:api-ms-win-crt-stdio-l1-1-0.dll
 0004:00000328       __imp___set_fmode          0040d328     ucrt:api-ms-win-crt-stdio-l1-1-0.dll
 0004:0000032c       __imp____stdio_common_vsprintf 0040d32c     ucrt:api-ms-win-crt-stdio-l1-1-0.dll
 0004:00000330       \177api-ms-win-crt-stdio-l1-1-0_NULL_THUNK_DATA 0040d330     ucrt:api-ms-win-crt-stdio-l1-1-0.dll
 0004:00000360       __imp__strcat_s            0040d360     ucrt:api-ms-win-crt-string-l1-1-0.dll
 0004:00000364       __imp__strncpy             0040d364     ucrt:api-ms-win-crt-string-l1-1-0.dll
 0004:00000368       __imp__strncmp             0040d368     ucrt:api-ms-win-crt-string-l1-1-0.dll
 0004:0000036c       __imp__strlen              0040d36c     ucrt:api-ms-win-crt-string-l1-1-0.dll
 0004:00000370       __imp__strcpy              0040d370     ucrt:api-ms-win-crt-string-l1-1-0.dll
 0004:00000374       __imp__strcpy_s            0040d374     ucrt:api-ms-win-crt-string-l1-1-0.dll
 0004:00000378       \177api-ms-win-crt-string-l1-1-0_NULL_THUNK_DATA 0040d378     ucrt:api-ms-win-crt-string-l1-1-0.dll
 0004:000003a8       __IMPORT_DESCRIPTOR_Essfun 0040d3a8     libessfunc:Essfun.dll
 0004:000003bc       __IMPORT_DESCRIPTOR_KERNEL32 0040d3bc     kernel32:KERNEL32.dll
 0004:000003d0       __IMPORT_DESCRIPTOR_WS2_32 0040d3d0     WS2_32:WS2_32.dll
 0004:000003e4       __IMPORT_DESCRIPTOR_VCRUNTIME140 0040d3e4     vcruntime:VCRUNTIME140.dll
 0004:000003f8       __IMPORT_DESCRIPTOR_api-ms-win-crt-string-l1-1-0 0040d3f8     ucrt:api-ms-win-crt-string-l1-1-0.dll
 0004:0000040c       __IMPORT_DESCRIPTOR_api-ms-win-crt-heap-l1-1-0 0040d40c     ucrt:api-ms-win-crt-heap-l1-1-0.dll
 0004:00000420       __IMPORT_DESCRIPTOR_api-ms-win-crt-convert-l1-1-0 0040d420     ucrt:api-ms-win-crt-convert-l1-1-0.dll
 0004:00000434       __IMPORT_DESCRIPTOR_api-ms-win-crt-stdio-l1-1-0 0040d434     ucrt:api-ms-win-crt-stdio-l1-1-0.dll
 0004:00000448       __IMPORT_DESCRIPTOR_api-ms-win-crt-runtime-l1-1-0 0040d448     ucrt:api-ms-win-crt-runtime-l1-1-0.dll
 0004:0000045c       __IMPORT_DESCRIPTOR_api-ms-win-crt-math-l1-1-0 0040d45c     ucrt:api-ms-win-crt-math-l1-1-0.dll
 0004:00000470       __IMPORT_DESCRIPTOR_api-ms-win-crt-locale-l1-1-0 0040d470     ucrt:api-ms-win-crt-locale-l1-1-0.dll
 0004:00000484       __NULL_IMPORT_DESCRIPTOR   0040d484     libessfunc:Essfun.dll
 0005:00000000       ___guard_check_icall_fptr  0040f000     MSVCRT:guard_support.obj
 0005:00000004       ___guard_xfg_check_icall_fptr 0040f004     MSVCRT:guard_support.obj
 0005:00000008       ___castguard_check_failure_os_handled_fptr 0040f008     MSVCRT:guard_support.obj

 entry point at        0001:00000014

 Static symbols

 0000:fffef000       .debug$S                   00400000     ucrt:api-ms-win-crt-convert-l1-1-0.dll
 0000:fffef000       .debug$S                   00400000     ucrt:api-ms-win-crt-convert-l1-1-0.dll
 0000:fffef000       .debug$S                   00400000     ucrt:api-ms-win-crt-heap-l1-1-0.dll
 0000:fffef000       .debug$S                   00400000     ucrt:api-ms-win-crt-heap-l1-1-0.dll
 0000:fffef000       .debug$S                   00400000     ucrt:api-ms-win-crt-heap-l1-1-0.dll
 0000:fffef000       .debug$S                   00400000     ucrt:api-ms-win-crt-locale-l1-1-0.dll
 0000:fffef000       .debug$S                   00400000     ucrt:api-ms-win-crt-math-l1-1-0.dll
 0000:fffef000       .debug$S                   00400000     ucrt:api-ms-win-crt-runtime-l1-1-0.dll
 0000:fffef000       .debug$S                   00400000     ucrt:api-ms-win-crt-runtime-l1-1-0.dll
 0000:fffef000       .debug$S                   00400000     ucrt:api-ms-win-crt-runtime-l1-1-0.dll
 0000:fffef000       .debug$S                   00400000     ucrt:api-ms-win-crt-runtime-l1-1-0.dll
 0000:fffef000       .debug$S                   00400000     ucrt:api-ms-win-crt-runtime-l1-1-0.dll
 0000:fffef000       .debug$S                   00400000     ucrt:api-ms-win-crt-runtime-l1-1-0.dll
 0000:fffef000       .debug$S                   00400000     ucrt:api-ms-win-crt-runtime-l1-1-0.dll
 0000:fffef000       .debug$S                   00400000     ucrt:api-ms-win-crt-runtime-l1-1-0.dll
 0000:fffef000       .debug$S                   00400000     ucrt:api-ms-win-crt-runtime-l1-1-0.dll
 0000:fffef000       .debug$S                   00400000     ucrt:api-ms-win-crt-runtime-l1-1-0.dll
 0000:fffef000       .debug$S                   00400000     ucrt:api-ms-win-crt-runtime-l1-1-0.dll
 0000:fffef000       .debug$S                   00400000     ucrt:api-ms-win-crt-runtime-l1-1-0.dll
 0000:fffef000       .debug$S                   00400000     ucrt:api-ms-win-crt-runtime-l1-1-0.dll
 0000:fffef000       .debug$S                   00400000     ucrt:api-ms-win-crt-runtime-l1-1-0.dll
 0000:fffef000       .debug$S                   00400000     ucrt:api-ms-win-crt-runtime-l1-1-0.dll
 0000:fffef000       .debug$S                   00400000     ucrt:api-ms-win-crt-runtime-l1-1-0.dll
 0000:fffef000       .debug$S                   00400000     ucrt:api-ms-win-crt-runtime-l1-1-0.dll
 0000:fffef000       .debug$S                   00400000     ucrt:api-ms-win-crt-runtime-l1-1-0.dll
 0000:fffef000       .debug$S                   00400000     ucrt:api-ms-win-crt-runtime-l1-1-0.dll
 0000:fffef000       .debug$S                   00400000     ucrt:api-ms-win-crt-runtime-l1-1-0.dll
 0000:fffef000       .debug$S                   00400000     ucrt:api-ms-win-crt-runtime-l1-1-0.dll
 0000:fffef000       .debug$S                   00400000     ucrt:api-ms-win-crt-runtime-l1-1-0.dll
 0000:fffef000       .debug$S                   00400000     ucrt:api-ms-win-crt-stdio-l1-1-0.dll
 0000:fffef000       .debug$S                   00400000     ucrt:api-ms-win-crt-stdio-l1-1-0.dll
 0000:fffef000       .debug$S                   00400000     ucrt:api-ms-win-crt-stdio-l1-1-0.dll
 0000:fffef000       .debug$S                   00400000     ucrt:api-ms-win-crt-stdio-l1-1-0.dll
 0000:fffef000       .debug$S                   00400000     ucrt:api-ms-win-crt-stdio-l1-1-0.dll
 0000:fffef000       .debug$S                   00400000     ucrt:api-ms-win-crt-stdio-l1-1-0.dll
 0000:fffef000       .debug$S                   00400000     ucrt:api-ms-win-crt-stdio-l1-1-0.dll
 0000:fffef000       .debug$S                   00400000     ucrt:api-ms-win-crt-string-l1-1-0.dll
 0000:fffef000       .debug$S                   00400000     ucrt:api-ms-win-crt-string-l1-1-0.dll
 0000:fffef000       .debug$S                   00400000     ucrt:api-ms-win-crt-string-l1-1-0.dll
 0000:fffef000       .debug$S                   00400000     ucrt:api-ms-win-crt-string-l1-1-0.dll
 0000:fffef000       .debug$S                   00400000     ucrt:api-ms-win-crt-string-l1-1-0.dll
 0000:fffef000       .debug$S                   00400000     ucrt:api-ms-win-crt-string-l1-1-0.dll
 0000:fffef000       .debug$S                   00400000     WS2_32:WS2_32.dll
 0000:fffef000       .debug$S                   00400000     WS2_32:WS2_32.dll
 0000:fffef000       .debug$S                   00400000     WS2_32:WS2_32.dll
 0000:fffef000       .debug$S                   00400000     WS2_32:WS2_32.dll
 0000:fffef000       .debug$S                   00400000     WS2_32:WS2_32.dll
 0000:fffef000       .debug$S                   00400000     WS2_32:WS2_32.dll
 0000:fffef000       .debug$S                   00400000     WS2_32:WS2_32.dll
 0000:fffef000       .debug$S                   00400000     WS2_32:WS2_32.dll
 0000:fffef000       .debug$S                   00400000     WS2_32:WS2_32.dll
 0000:fffef000       .debug$S                   00400000     WS2_32:WS2_32.dll
 0000:fffef000       .debug$S                   00400000     WS2_32:WS2_32.dll
 0000:fffef000       .debug$S                   00400000     WS2_32:WS2_32.dll
 0000:fffef000       .debug$S                   00400000     WS2_32:WS2_32.dll
 0000:fffef000       .debug$S                   00400000     WS2_32:WS2_32.dll
 0000:fffef000       .debug$S                   00400000     kernel32:KERNEL32.dll
 0000:fffef000       .debug$S                   00400000     kernel32:KERNEL32.dll
 0000:fffef000       .debug$S                   00400000     kernel32:KERNEL32.dll
 0000:fffef000       .debug$S                   00400000     kernel32:KERNEL32.dll
 0000:fffef000       .debug$S                   00400000     kernel32:KERNEL32.dll
 0000:fffef000       .debug$S                   00400000     kernel32:KERNEL32.dll
 0000:fffef000       .debug$S                   00400000     kernel32:KERNEL32.dll
 0000:fffef000       .debug$S                   00400000     kernel32:KERNEL32.dll
 0000:fffef000       .debug$S                   00400000     kernel32:KERNEL32.dll
 0000:fffef000       .debug$S                   00400000     kernel32:KERNEL32.dll
 0000:fffef000       .debug$S                   00400000     kernel32:KERNEL32.dll
 0000:fffef000       .debug$S                   00400000     kernel32:KERNEL32.dll
 0000:fffef000       .debug$S                   00400000     kernel32:KERNEL32.dll
 0000:fffef000       .debug$S                   00400000     kernel32:KERNEL32.dll
 0000:fffef000       .debug$S                   00400000     kernel32:KERNEL32.dll
 0000:fffef000       .debug$S                   00400000     kernel32:KERNEL32.dll
 0000:fffef000       .debug$S                   00400000     kernel32:KERNEL32.dll
 0000:fffef000       .debug$S                   00400000     kernel32:KERNEL32.dll
 0000:fffef000       .debug$S                   00400000     kernel32:KERNEL32.dll
 0000:fffef000       .debug$S                   00400000     kernel32:KERNEL32.dll
 0000:fffef000       .debug$S                   00400000     kernel32:KERNEL32.dll
 0000:fffef000       .debug$S                   00400000     kernel32:KERNEL32.dll
 0000:fffef000       .debug$S                   00400000     kernel32:KERNEL32.dll
 0000:fffef000       .debug$S                   00400000     kernel32:KERNEL32.dll
 0000:fffef000       .debug$S                   00400000     kernel32:KERNEL32.dll
 0000:fffef000       .debug$S                   00400000     kernel32:KERNEL32.dll
 0000:fffef000       .debug$S                   00400000     kernel32:KERNEL32.dll
 0000:fffef000       .debug$S                   00400000     kernel32:KERNEL32.dll
 0000:fffef000       .debug$S                   00400000     kernel32:KERNEL32.dll
 0000:fffef000       .debug$S                   00400000     kernel32:KERNEL32.dll
 0000:fffef000       .debug$S                   00400000     kernel32:KERNEL32.dll
 0000:fffef000       .debug$S                   00400000     kernel32:KERNEL32.dll
 0000:fffef000       .debug$S                   00400000     kernel32:KERNEL32.dll
 0000:ffff1000       __guard_fids___except_handler4 00400000     MSVCRT:chandler4gs.obj
 0000:00000000       _volmd                     00400000     MSVCRT:cpu_disp.obj
 0000:ffff1000       __guard_fids_?pre_c_initialization@@YAHXZ 00400000     MSVCRT:exe_main.obj
 0000:ffff1000       __guard_fids__             00400000     MSVCRT:exe_main.obj
 0000:00000000       _volmd                     00400000     MSVCRT:gs_report.obj
 0000:ffff1000       __guard_fids__             00400000     MSVCRT:guard_support.obj
 0000:ffff1000       __guard_fids__             00400000     MSVCRT:guard_support.obj
 0000:ffff1000       __guard_fids___guard_icall_checks_enforced 00400000     MSVCRT:guard_support.obj
 0000:00000000       _volmd                     00400000     MSVCRT:guard_support.obj
 0000:00000000       _volmd                     00400000     MSVCRT:guard_support.obj
 0000:00000000       _volmd                     00400000     MSVCRT:guard_support.obj
 0000:00000000       _volmd                     00400000     MSVCRT:guard_support.obj
 0000:00000000       _volmd                     00400000     MSVCRT:guard_support.obj
 0000:00000000       _volmd                     00400000     MSVCRT:guard_support.obj
 0000:00000000       _volmd                     00400000     MSVCRT:guard_support.obj
 0000:00000000       _volmd                     00400000     MSVCRT:guard_support.obj
 0000:00000000       _volmd                     00400000     MSVCRT:guard_support.obj
 0000:ffff1000       __guard_fids____scrt_set_unhandled_exception_filter 00400000     MSVCRT:utility_desktop.obj
 0000:fffef000       .debug$S                   00400000     vcruntime:VCRUNTIME140.dll
 0000:fffef000       .debug$S                   00400000     vcruntime:VCRUNTIME140.dll
 0000:fffef000       .debug$S                   00400000     vcruntime:VCRUNTIME140.dll
 0000:fffef000       .debug$S                   00400000     vcruntime:VCRUNTIME140.dll
 0000:fffef000       .debug$S                   00400000     vcruntime:VCRUNTIME140.dll
 0000:fffef000       .debug$S                   00400000     vcruntime:VCRUNTIME140.dll
 0000:fffef000       .debug$S                   00400000     vcruntime:VCRUNTIME140.dll
 0000:fffef000       .debug$S                   00400000     vcruntime:VCRUNTIME140.dll
 0000:fffef000       .debug$S                   00400000     libessfunc:Essfun.dll
 0000:ffff1004       __guard_fids__             00400004     MSVCRT:exe_main.obj
 0000:ffff1008       __guard_fids__             00400008     MSVCRT:exe_main.obj
 0001:00002593       ?pre_c_initialization@@YAHXZ 00403593 f   MSVCRT:exe_main.obj
 0001:00002668       ?post_pgo_initialization@@YAHXZ 00403668 f   MSVCRT:exe_main.obj
 0001:00002672       ?pre_cpp_initialization@@YAXXZ 00403672 f   MSVCRT:exe_main.obj
 0001:00002688       ?__scrt_common_main@@YAHXZ 00403688 f   MSVCRT:exe_main.obj
 0001:00002694       ?__scrt_common_main_seh@@YAHXZ 00403694 f   MSVCRT:exe_main.obj
 0001:0000288b       ?invoke_main@@YAHXZ        0040388b f   MSVCRT:exe_main.obj
 0001:0000298d       ?find_pe_section@@YAPAU_IMAGE_SECTION_HEADER@@QAEI@Z 0040398d f   MSVCRT:utility.obj
 0001:000029e2       ?is_potentially_valid_image_base@@YA_NQAX@Z 004039e2 f   MSVCRT:utility.obj
 0001:00002dd9       ___get_entropy             00403dd9 f   MSVCRT:gs_support.obj
 0001:00003230       $$000000                   00404230     MSVCRT:sehprolg4.obj
 0001:00003290       $$000000                   00404290     MSVCRT:sehprolg4.obj
 0001:00003387       ___castguard_check_failure_os_handled_wrapper 00404387 f   MSVCRT:guard_support.obj
 0001:000033dd       ___castguard_check_failure_user_handled_wrapper 004043dd f   MSVCRT:guard_support.obj
 0001:00003403       ___castguard_compat_check  00404403 f   MSVCRT:guard_support.obj
 0001:00003551       ___castguard_slow_path_compat_check 00404551 f   MSVCRT:guard_support.obj
 0001:00003587       ?DebuggerProbe@@YA_NK@Z    00404587 f   MSVCRT:error.obj
 0001:000035c3       ?DebuggerRuntime@@YA_NKHPAXPB_W@Z 004045c3 f   MSVCRT:error.obj
 0001:0000383e       ?_getMemBlockDataString@@YAXPAD0PBDI@Z 0040483e f   MSVCRT:error.obj
 0001:000038bd       ?_strlen_priv@@YAIPBD@Z    004048bd f   MSVCRT:error.obj
 0001:000038d4       ?failwithmessage@@YAXPAXHHPBD@Z 004048d4 f   MSVCRT:error.obj
 0001:00003bd4       ?notify_debugger@@YAXABUtagEXCEPTION_VISUALCPP_DEBUG_INFO@@@Z 00404bd4 f   MSVCRT:error.obj
 0001:00004172       ?GetPdbDll@@YAPAUHINSTANCE__@@XZ 00405172 f   MSVCRT:pdblkup.obj
 0001:00004190       ?GetPdbDllFromInstallPath@@YAPAUHINSTANCE__@@XZ 00405190 f   MSVCRT:pdblkup.obj
 0002:00000104       ?pre_cpp_initializer@@3P6AXXZA 00408104     MSVCRT:exe_main.obj
 0002:00000410       ?pre_c_initializer@@3P6AHXZA 00408410     MSVCRT:exe_main.obj
 0002:00000514       ?post_pgo_initializer@@3P6AHXZA 00408514     MSVCRT:exe_main.obj
 0002:00000b30       ?_RTC_errlist@@3QBQBDB     00408b30     MSVCRT:userapi.obj
 0002:00000c14       ?_RTC_ErrorMessages@@3QBQBDB 00408c14     MSVCRT:error.obj
 0002:00000c2c       ?_RTC_NoFalsePositives@@3QBHB 00408c2c     MSVCRT:error.obj
 0002:00000c44       ?stack_premsg@@3QBDB       00408c44     MSVCRT:error.obj
 0002:00000c60       ?stack_postmsg@@3QBDB      00408c60     MSVCRT:error.obj
 0002:00000c74       ?uninit_premsg@@3QBDB      00408c74     MSVCRT:error.obj
 0002:00000c84       ?uninit_postmsg@@3QBDB     00408c84     MSVCRT:error.obj
 0002:000012d0       ?mspdbName@@3QB_WB         004092d0     MSVCRT:pdblkup.obj
 0002:00001468       _GS_ExceptionPointers      00409468     MSVCRT:gs_report.obj
 0002:00001c6c       __RTC_InitBase.rtc$IMZ     00409c6c     vchat.obj
 0002:00001f78       __RTC_Shutdown.rtc$TMZ     00409f78     vchat.obj
 0002:00002180       __sehtable$?__scrt_common_main_seh@@YAHXZ 0040a180     MSVCRT:exe_main.obj
 0002:000021a0       __sehtable$___scrt_is_nonwritable_in_current_image 0040a1a0     MSVCRT:utility.obj
 0002:000021c0       __sehtable$?notify_debugger@@YAXABUtagEXCEPTION_VISUALCPP_DEBUG_INFO@@@Z 0040a1c0     MSVCRT:error.obj
 0003:00000008       $SG67729                   0040b008     vchat.obj
 0003:00000020       $SG67730                   0040b020     vchat.obj
 0003:00000038       $SG67735                   0040b038     vchat.obj
 0003:00000050       $SG67749                   0040b050     vchat.obj
 0003:00000084       $SG67752                   0040b084     vchat.obj
 0003:000000a4       $SG67754                   0040b0a4     vchat.obj
 0003:000000c0       $SG67768                   0040b0c0     vchat.obj
 0003:000000f4       $SG67772                   0040b0f4     vchat.obj
 0003:00000118       $SG67774                   0040b118     vchat.obj
 0003:00000138       $SG67793                   0040b138     vchat.obj
 0003:00000158       $SG67795                   0040b158     vchat.obj
 0003:00000174       $SG67808                   0040b174     vchat.obj
 0003:00000198       $SG67810                   0040b198     vchat.obj
 0003:000001b8       $SG67844                   0040b1b8     vchat.obj
 0003:000001dc       $SG67846                   0040b1dc     vchat.obj
 0003:00000200       $SG67848                   0040b200     vchat.obj
 0003:00000220       $SG67850                   0040b220     vchat.obj
 0003:00000240       $SG67852                   0040b240     vchat.obj
 0003:00000260       $SG67853                   0040b260     vchat.obj
 0003:00000284       $SG67856                   0040b284     vchat.obj
 0003:000002a4       $SG67857                   0040b2a4     vchat.obj
 0003:000002d0       $SG67859                   0040b2d0     vchat.obj
 0003:000002ec       $SG67860                   0040b2ec     vchat.obj
 0003:000002f8       $SG67861                   0040b2f8     vchat.obj
 0003:000002fc       $SG67862                   0040b2fc     vchat.obj
 0003:00000300       $SG67870                   0040b300     vchat.obj
 0003:00000330       $SG67949                   0040b330     vchat.obj
 0003:00000364       $SG67950                   0040b364     vchat.obj
 0003:00000378       $SG67952                   0040b378     vchat.obj
 0003:00000398       $SG67957                   0040b398     vchat.obj
 0003:000003a0       $SG67958                   0040b3a0     vchat.obj
 0003:000003d0       $SG67961                   0040b3d0     vchat.obj
 0003:000003d8       $SG67962                   0040b3d8     vchat.obj
 0003:000004d4       $SG67965                   0040b4d4     vchat.obj
 0003:000004dc       $SG67966                   0040b4dc     vchat.obj
 0003:000004f0       $SG67969                   0040b4f0     vchat.obj
 0003:000004f8       $SG67970                   0040b4f8     vchat.obj
 0003:00000514       $SG67973                   0040b514     vchat.obj
 0003:0000051c       $SG67974                   0040b51c     vchat.obj
 0003:00000538       $SG67977                   0040b538     vchat.obj
 0003:00000540       $SG67978                   0040b540     vchat.obj
 0003:00000550       $SG67981                   0040b550     vchat.obj
 0003:00000558       $SG67983                   0040b558     vchat.obj
 0003:00000568       $SG67986                   0040b568     vchat.obj
 0003:00000570       $SG67987                   0040b570     vchat.obj
 0003:00000588       $SG67989                   0040b588     vchat.obj
 0003:0000058c       $SG67991                   0040b58c     vchat.obj
 0003:00000598       $SG67992                   0040b598     vchat.obj
 0003:000005a0       $SG67993                   0040b5a0     vchat.obj
 0003:000005b0       $SG67996                   0040b5b0     vchat.obj
 0003:000005b8       $SG68001                   0040b5b8     vchat.obj
 0003:000005c0       $SG68004                   0040b5c0     vchat.obj
 0003:000005c8       $SG68005                   0040b5c8     vchat.obj
 0003:000005d8       $SG68008                   0040b5d8     vchat.obj
 0003:000005e0       $SG68009                   0040b5e0     vchat.obj
 0003:000005f0       $SG68014                   0040b5f0     vchat.obj
 0003:000005f8       $SG68015                   0040b5f8     vchat.obj
 0003:00000608       $SG68018                   0040b608     vchat.obj
 0003:00000610       $SG68019                   0040b610     vchat.obj
 0003:00000624       $SG68022                   0040b624     vchat.obj
 0003:0000062c       $SG68023                   0040b62c     vchat.obj
 0003:0000063c       $SG68026                   0040b63c     vchat.obj
 0003:00000644       $SG68027                   0040b644     vchat.obj
 0003:00000658       $SG68030                   0040b658     vchat.obj
 0003:00000660       $SG68034                   0040b660     vchat.obj
 0003:00000670       $SG68037                   0040b670     vchat.obj
 0003:00000678       $SG68038                   0040b678     vchat.obj
 0003:00000688       $SG68041                   0040b688     vchat.obj
 0003:00000690       $SG68042                   0040b690     vchat.obj
 0003:0000069c       $SG68043                   0040b69c     vchat.obj
 0003:000006b4       $SG68044                   0040b6b4     vchat.obj
 0003:000006c8       $SG68046                   0040b6c8     vchat.obj
 0003:000006e8       $SG68049                   0040b6e8     vchat.obj
 0003:00000700       $SG68051                   0040b700     vchat.obj
 0003:00000720       $SG68065                   0040b720     vchat.obj
 0003:00000790       $SG68068                   0040b790     vchat.obj
 0003:00000798       $SG68073                   0040b798     vchat.obj
 0003:000007a0       $SG68074                   0040b7a0     vchat.obj
 0003:000007a8       $SG68075                   0040b7a8     vchat.obj
 0003:000007b0       $SG68076                   0040b7b0     vchat.obj
 0003:000007d8       $SG68077                   0040b7d8     vchat.obj
 0003:0000087c       $SG68079                   0040b87c     vchat.obj
 0003:0000089c       $SG68081                   0040b89c     vchat.obj
 0003:00000c30       _clients                   0040bc30     vchat.obj
 0003:00000dc0       _end_flag                  0040bdc0     vchat.obj
 0003:00000e16       ?init@?1??_RTC_InitBase@@9@4_NA 0040be16     MSVCRT:init.obj
 0003:00000e18       ?_RTC_ErrorReportFunc@@3P6AHHPBDH00ZZA 0040be18     MSVCRT:userapi.obj
 0003:00000e1c       ?_RTC_ErrorReportFuncW@@3P6AHHPB_WH00ZZA 0040be1c     MSVCRT:userapi.obj
 0003:00000e2c       ?is_initialized_as_dll@@3_NA 0040be2c     MSVCRT:utility.obj
 0003:00000e2d       ?module_local_atexit_table_initialized@@3_NA 0040be2d     MSVCRT:utility.obj
 0003:00000e30       ?module_local_atexit_table@@3U_onexit_table_t@@A 0040be30     MSVCRT:utility.obj
 0003:00000e3c       ?module_local_at_quick_exit_table@@3U_onexit_table_t@@A 0040be3c     MSVCRT:utility.obj
 0003:00000e94       ?mspdb@@3PAUHINSTANCE__@@A 0040be94     MSVCRT:pdblkup.obj
 0003:00000e98       ?alreadyTried@?1??GetPdbDll@@YAPAUHINSTANCE__@@XZ@4_NA 0040be98     MSVCRT:pdblkup.obj
 0003:00000e99       ?PDBOK@?1??_RTC_GetSrcLine@@YAHPAEPA_WKPAH1K@Z@4_NA 0040be99     MSVCRT:pdblkup.obj
 0003:00000ea0       _GS_ExceptionRecord        0040bea0     MSVCRT:gs_report.obj
 0003:00000ef0       _GS_ContextRecord          0040bef0     MSVCRT:gs_report.obj
 0004:00000852       .idata$6                   0040d852     libessfunc:Essfun.dll
 0004:00000916       .idata$6                   0040d916     kernel32:KERNEL32.dll
 0004:00000942       .idata$6                   0040d942     WS2_32:WS2_32.dll
 0004:00000a04       .idata$6                   0040da04     vcruntime:VCRUNTIME140.dll
 0004:00000ce8       .idata$6                   0040dce8     ucrt:api-ms-win-crt-string-l1-1-0.dll
 0004:00000d0a       .idata$6                   0040dd0a     ucrt:api-ms-win-crt-heap-l1-1-0.dll
 0004:00000d2a       .idata$6                   0040dd2a     ucrt:api-ms-win-crt-convert-l1-1-0.dll
 0004:00000d4c       .idata$6                   0040dd4c     ucrt:api-ms-win-crt-stdio-l1-1-0.dll
 0004:00000d6c       .idata$6                   0040dd6c     ucrt:api-ms-win-crt-runtime-l1-1-0.dll
 0004:00000d8e       .idata$6                   0040dd8e     ucrt:api-ms-win-crt-math-l1-1-0.dll
 0004:00000dae       .idata$6                   0040ddae     ucrt:api-ms-win-crt-locale-l1-1-0.dll
 0006:00000170       $R000000                   00410170     * linker generated manifest res *
