 VChat

 Timestamp is 6658abd5 (Thu May 30 12:39:49 2024)

 Preferred load address is 00400000

 Start         Length     Name                   Class
 0001:00000000 000061a1H .text$mn                CODE
 0002:00000000 00000104H .CRT$XCA                DATA
 0002:00000104 00000104H .CRT$XCAA               DATA
 0002:00000208 00000104H .CRT$XCZ                DATA
 0002:0000030c 00000104H .CRT$XIA                DATA
 0002:00000410 00000104H .CRT$XIAA               DATA
 0002:00000514 00000104H .CRT$XIAC               DATA
 0002:00000618 00000104H .CRT$XIZ                DATA
 0002:0000071c 00000104H .CRT$XPA                DATA
 0002:00000820 00000104H .CRT$XPZ                DATA
 0002:00000924 00000104H .CRT$XTA                DATA
 0002:00000a28 00000108H .CRT$XTZ                DATA
 0002:00000b30 00000bd0H .rdata                  DATA
 0002:00001700 00000180H .rdata$CastGuardVftablesA DATA
 0002:00001880 0000014cH .rdata$CastGuardVftablesC DATA
 0002:000019cc 00000194H .rdata$zzzdbg           DATA
 0002:00001b60 00000104H .rtc$IAA                DATA
 0002:00001c64 00000104H .rtc$IMZ                DATA
 0002:00001d68 00000104H .rtc$IZZ                DATA
 0002:00001e6c 00000104H .rtc$TAA                DATA
 0002:00001f70 00000104H .rtc$TMZ                DATA
 0002:00002074 00000104H .rtc$TZZ                DATA
 0002:00002178 00000169H .xdata$x                DATA
 0002:000022e1 00000000H .edata                  DATA
 0003:00000000 00000be0H .data                   DATA
 0003:00000be0 00000670H .bss                    DATA
 0004:00000000 000003a8H .idata$5                DATA
 0004:000003a8 000000dcH .idata$2                DATA
 0004:00000484 00000014H .idata$3                DATA
 0004:00000498 000003a8H .idata$4                DATA
 0004:00000840 00000911H .idata$6                DATA
 0005:00000000 0000010eH .00cfg                  DATA
 0006:00000000 00000170H .rsrc$01                DATA
 0006:00000170 000002ccH .rsrc$02                DATA

  Address         Publics by Value              Rva+Base       Lib:Object

 0000:00000000       ___AbsoluteZero            00000000     <absolute>
 0000:00000000       ___arm64x_extra_rfe_table  00000000     <absolute>
 0000:00000000       ___arm64x_extra_rfe_table_size 00000000     <absolute>
 0000:00000000       ___arm64x_native_entrypoint 00000000     <absolute>
 0000:00000000       ___arm64x_redirection_metadata 00000000     <absolute>
 0000:00000000       ___arm64x_redirection_metadata_count 00000000     <absolute>
 0000:00000000       ___dynamic_value_reloc_table 00000000     <absolute>
 0000:00000000       ___enclave_config          00000000     <absolute>
 0000:00000000       ___guard_check_icall_a64n_fptr 00000000     <absolute>
 0000:00000000       ___guard_eh_cont_count     00000000     <absolute>
 0000:00000000       ___guard_eh_cont_table     00000000     <absolute>
 0000:00000000       ___guard_fids_count        00000000     <absolute>
 0000:00000000       ___guard_fids_table        00000000     <absolute>
 0000:00000000       ___guard_iat_count         00000000     <absolute>
 0000:00000000       ___guard_iat_table         00000000     <absolute>
 0000:00000000       ___guard_longjmp_count     00000000     <absolute>
 0000:00000000       ___guard_longjmp_table     00000000     <absolute>
 0000:00000000       ___hybrid_auxiliary_delayload_iat 00000000     <absolute>
 0000:00000000       ___hybrid_auxiliary_delayload_iat_copy 00000000     <absolute>
 0000:00000000       ___hybrid_auxiliary_iat    00000000     <absolute>
 0000:00000000       ___hybrid_auxiliary_iat_copy 00000000     <absolute>
 0000:00000000       ___hybrid_code_map         00000000     <absolute>
 0000:00000000       ___hybrid_code_map_count   00000000     <absolute>
 0000:00000000       ___hybrid_image_info_bitfield 00000000     <absolute>
 0000:00000000       ___safe_se_handler_count   00000000     <absolute>
 0000:00000000       ___safe_se_handler_table   00000000     <absolute>
 0000:00000000       ___volatile_metadata       00000000     <absolute>
 0000:00000000       ___x64_code_ranges_to_entry_points 00000000     <absolute>
 0000:00000000       ___x64_code_ranges_to_entry_points_count 00000000     <absolute>
 0000:00000100       ___guard_flags             00000100     <absolute>
 0000:00000000       ___ImageBase               00400000     <linker-defined>
 0001:00000570       _ConnectionHandler@4       00401570 f   vchat.obj
 0001:000011a0       _acceptHandler@4           004021a0 f   vchat.obj
 0001:00001590       _queue_delete              00402590 f   vchat.obj
 0001:000016b0       _broadcast                 004026b0 f   vchat.obj
 0001:000017c0       _checkVacancy              004027c0 f   vchat.obj
 0001:00001870       _controlHandler@4          00402870 f   vchat.obj
 0001:00001930       _Function1                 00402930 f   vchat.obj
 0001:00001950       _Function2                 00402950 f   vchat.obj
 0001:00001970       _Function3                 00402970 f   vchat.obj
 0001:00001990       _Function4                 00402990 f   vchat.obj
 0001:000019b0       _Function5                 004029b0 f   vchat.obj
 0001:000019e0       _good_function             004029e0 f   vchat.obj
 0001:00001a00       _bad_function              00402a00 f   vchat.obj
 0001:00001a20       _queue_add                 00402a20 f   vchat.obj
 0001:00001b20       _main                      00402b20 f   vchat.obj
 0001:000023d0       ___local_stdio_printf_options 004033d0 f i vchat.obj
 0001:000023e0       __vfprintf_l               004033e0 f i vchat.obj
 0001:00002420       __vsnprintf_l              00403420 f i vchat.obj
 0001:00002490       __vsprintf_l               00403490 f i vchat.obj
 0001:000024c0       _fprintf                   004034c0 f i vchat.obj
 0001:00002500       _printf                    00403500 f i vchat.obj
 0001:00002550       _sprintf                   00403550 f i vchat.obj
 0001:0000258f       _EssentialFunc1            0040358f f   libessfunc:Essfun.dll
 0001:00002595       _GetStdHandle@4            00403595 f   kernel32:KERNEL32.dll
 0001:0000259b       _CloseHandle@4             0040359b f   kernel32:KERNEL32.dll
 0001:000025a1       _GetLastError@0            004035a1 f   kernel32:KERNEL32.dll
 0001:000025a7       _ReleaseMutex@4            004035a7 f   kernel32:KERNEL32.dll
 0001:000025ad       _WaitForSingleObject@8     004035ad f   kernel32:KERNEL32.dll
 0001:000025b3       _CreateMutexW@12           004035b3 f   kernel32:KERNEL32.dll
 0001:000025b9       _Sleep@4                   004035b9 f   kernel32:KERNEL32.dll
 0001:000025bf       _CreateThread@24           004035bf f   kernel32:KERNEL32.dll
 0001:000025c5       _GetConsoleMode@8          004035c5 f   kernel32:KERNEL32.dll
 0001:000025cb       _SetConsoleMode@8          004035cb f   kernel32:KERNEL32.dll
 0001:000025d1       _SetConsoleCtrlHandler@8   004035d1 f   kernel32:KERNEL32.dll
 0001:000025d7       _accept@12                 004035d7 f   WS2_32:WS2_32.dll
 0001:000025dd       _bind@12                   004035dd f   WS2_32:WS2_32.dll
 0001:000025e3       _closesocket@4             004035e3 f   WS2_32:WS2_32.dll
 0001:000025e9       _htons@4                   004035e9 f   WS2_32:WS2_32.dll
 0001:000025ef       _inet_ntoa@4               004035ef f   WS2_32:WS2_32.dll
 0001:000025f5       _listen@8                  004035f5 f   WS2_32:WS2_32.dll
 0001:000025fb       _recv@16                   004035fb f   WS2_32:WS2_32.dll
 0001:00002601       _send@16                   00403601 f   WS2_32:WS2_32.dll
 0001:00002607       _socket@12                 00403607 f   WS2_32:WS2_32.dll
 0001:0000260d       _WSAStartup@8              0040360d f   WS2_32:WS2_32.dll
 0001:00002613       _WSACleanup@0              00403613 f   WS2_32:WS2_32.dll
 0001:00002619       _WSAGetLastError@0         00403619 f   WS2_32:WS2_32.dll
 0001:0000261f       _getaddrinfo@16            0040361f f   WS2_32:WS2_32.dll
 0001:00002625       _freeaddrinfo@4            00403625 f   WS2_32:WS2_32.dll
 0001:0000262b       __CRT_RTC_INIT             0040362b f   MSVCRT:init.obj
 0001:0000262e       __CRT_RTC_INITW            0040362e f   MSVCRT:init.obj
 0001:00002631       __RTC_InitBase             00403631 f   MSVCRT:init.obj
 0001:00002650       __RTC_Shutdown             00403650 f   MSVCRT:init.obj
 0001:00002936       ?configure_argv@__scrt_narrow_argv_policy@@SAHXZ 00403936 f i MSVCRT:exe_main.obj
 0001:00002946       ?initialize_environment@__scrt_narrow_environment_policy@@SAHXZ 00403946 f i MSVCRT:exe_main.obj
 0001:00002978       ?set_app_type@__scrt_main_policy@@SAXXZ 00403978 f i MSVCRT:exe_main.obj
 0001:00002983       ?set_commode@__scrt_file_policy@@SAXXZ 00403983 f i MSVCRT:exe_main.obj
 0001:00002998       ?set_fmode@__scrt_file_policy@@SAXXZ 00403998 f i MSVCRT:exe_main.obj
 0001:000029a8       _mainCRTStartup            004039a8 f   MSVCRT:exe_main.obj
 0001:000029b4       ?_RTC_GetErrorFunc@@YAP6AHHPBDH00ZZPBX@Z 004039b4 f   MSVCRT:userapi.obj
 0001:000029ba       ?_RTC_GetErrorFuncW@@YAP6AHHPB_WH00ZZPBX@Z 004039ba f   MSVCRT:userapi.obj
 0001:000029c0       __RTC_GetErrDesc           004039c0 f   MSVCRT:userapi.obj
 0001:000029de       __RTC_NumErrors            004039de f   MSVCRT:userapi.obj
 0001:000029e2       __RTC_SetErrorFunc         004039e2 f   MSVCRT:userapi.obj
 0001:00002a02       __RTC_SetErrorFuncW        00403a02 f   MSVCRT:userapi.obj
 0001:00002a22       __RTC_SetErrorType         00403a22 f   MSVCRT:userapi.obj
 0001:00002ae1       _NtCurrentTeb              00403ae1 f i MSVCRT:utility.obj
 0001:00002ae8       ___scrt_acquire_startup_lock 00403ae8 f   MSVCRT:utility.obj
 0001:00002b26       ___scrt_dllmain_after_initialize_c 00403b26 f   MSVCRT:utility.obj
 0001:00002b5b       ___scrt_dllmain_before_initialize_c 00403b5b f   MSVCRT:utility.obj
 0001:00002b6c       ___scrt_dllmain_crt_thread_attach 00403b6c f   MSVCRT:utility.obj
 0001:00002b92       ___scrt_dllmain_crt_thread_detach 00403b92 f   MSVCRT:utility.obj
 0001:00002ba2       ___scrt_dllmain_exception_filter 00403ba2 f   MSVCRT:utility.obj
 0001:00002be3       ___scrt_dllmain_uninitialize_c 00403be3 f   MSVCRT:utility.obj
 0001:00002c0e       ___scrt_dllmain_uninitialize_critical 00403c0e f   MSVCRT:utility.obj
 0001:00002c1e       ___scrt_initialize_crt     00403c1e f   MSVCRT:utility.obj
 0001:00002c65       ___scrt_initialize_onexit_tables 00403c65 f   MSVCRT:utility.obj
 0001:00002d0d       ___scrt_is_nonwritable_in_current_image 00403d0d f   MSVCRT:utility.obj
 0001:00002dc6       ___scrt_release_startup_lock 00403dc6 f   MSVCRT:utility.obj
 0001:00002dea       ___scrt_uninitialize_crt   00403dea f   MSVCRT:utility.obj
 0001:00002e1c       __onexit                   00403e1c f   MSVCRT:utility.obj
 0001:00002e54       _at_quick_exit             00403e54 f   MSVCRT:utility.obj
 0001:00002e7f       _atexit                    00403e7f f   MSVCRT:utility.obj
 0001:00002ef9       ___security_init_cookie    00403ef9 f   MSVCRT:gs_support.obj
 0001:00002f56       __matherr                  00403f56 f   MSVCRT:matherr.obj
 0001:00002f59       __get_startup_argv_mode    00403f59 f   MSVCRT:argv_mode.obj
 0001:00002f5d       __get_startup_commit_mode  00403f5d f   MSVCRT:commit_mode.obj
 0001:00002f60       __get_startup_file_mode    00403f60 f   MSVCRT:file_mode.obj
 0001:00002f66       __get_startup_new_mode     00403f66 f   MSVCRT:new_mode.obj
 0001:00002f69       __get_startup_thread_locale_mode 00403f69 f   MSVCRT:thread_locale.obj
 0001:00002f6c       ?__scrt_initialize_type_info@@YAXXZ 00403f6c f   MSVCRT:tncleanup.obj
 0001:00002f7b       ?__scrt_uninitialize_type_info@@YAXXZ 00403f7b f   MSVCRT:tncleanup.obj
 0001:00002f8a       __should_initialize_environment 00403f8a f   MSVCRT:env_mode.obj
 0001:00002f8d       __initialize_default_precision 00403f8d f   MSVCRT:default_precision.obj
 0001:00002fb6       __initialize_invalid_parameter_handler 00403fb6 f   MSVCRT:invalid_parameter_handler.obj
 0001:00002fb9       __initialize_denormal_control 00403fb9 f   MSVCRT:denormal_control.obj
 0001:00002fbc       ___local_stdio_scanf_options 00403fbc f i MSVCRT:default_local_stdio_options.obj
 0001:00002fc2       ___scrt_initialize_default_local_stdio_options 00403fc2 f   MSVCRT:default_local_stdio_options.obj
 0001:00002fe6       ___scrt_is_user_matherr_present 00403fe6 f   MSVCRT:matherr_detection.obj
 0001:00002ff5       ___scrt_get_dyn_tls_init_callback 00403ff5 f   MSVCRT:dyn_tls_init.obj
 0001:00002ffb       ___scrt_get_dyn_tls_dtor_callback 00403ffb f   MSVCRT:dyn_tls_dtor.obj
 0001:00003001       ___scrt_fastfail           00404001 f   MSVCRT:utility_desktop.obj
 0001:0000315b       ___scrt_get_show_window_mode 0040415b f   MSVCRT:utility_desktop.obj
 0001:00003198       ___scrt_initialize_mta     00404198 f   MSVCRT:utility_desktop.obj
 0001:0000319d       ___scrt_initialize_winrt   0040419d f   MSVCRT:utility_desktop.obj
 0001:000031a0       ___scrt_is_managed_app     004041a0 f   MSVCRT:utility_desktop.obj
 0001:000031f2       ___scrt_set_unhandled_exception_filter 004041f2 f   MSVCRT:utility_desktop.obj
 0001:00003201       ___scrt_exe_initialize_mta 00404201 f   MSVCRT:utility_desktop.obj
 0001:00003201       ___scrt_stub_for_initialize_mta 00404201 f   MSVCRT:utility_desktop.obj
 0001:00003204       ___scrt_unhandled_exception_filter@4 00404204 f   MSVCRT:utility_desktop.obj
 0001:0000326f       __crt_debugger_hook        0040426f f   MSVCRT:utility_desktop.obj
 0001:00003279       __RTC_Initialize           00404279 f   MSVCRT:initsect.obj
 0001:000032b0       __RTC_Terminate            004042b0 f   MSVCRT:initsect.obj
 0001:000032f0       __SEH_prolog4              004042f0 f   MSVCRT:sehprolg4.obj
 0001:00003350       __SEH_epilog4              00404350 f   MSVCRT:sehprolg4.obj
 0001:00003369       __except_handler4          00404369 f   MSVCRT:chandler4gs.obj
 0001:000033a3       @_guard_check_icall_nop@4  004043a3 f i MSVCRT:guard_support.obj
 0001:000033a6       _ReadNoFence               004043a6 f i MSVCRT:guard_support.obj
 0001:000033b2       _ReadPointerNoFence        004043b2 f i MSVCRT:guard_support.obj
 0001:000033be       __InlineInterlockedExchangePointer 004043be f i MSVCRT:guard_support.obj
 0001:000033ce       ___castguard_check_failure_debugbreak 004043ce f i MSVCRT:guard_support.obj
 0001:000033ef       ___castguard_check_failure_fastfail 004043ef f i MSVCRT:guard_support.obj
 0001:00003415       ___castguard_check_failure_nop 00404415 f i MSVCRT:guard_support.obj
 0001:00003418       ___castguard_check_failure_os_handled 00404418 f i MSVCRT:guard_support.obj
 0001:0000345c       ___castguard_check_failure_user_handled 0040445c f i MSVCRT:guard_support.obj
 0001:000034e4       ___castguard_set_user_handler 004044e4 f i MSVCRT:guard_support.obj
 0001:000034f6       ___castguard_slow_path_check_debugbreak 004044f6 f i MSVCRT:guard_support.obj
 0001:0000352e       ___castguard_slow_path_check_fastfail 0040452e f i MSVCRT:guard_support.obj
 0001:0000356b       ___castguard_slow_path_check_nop 0040456b f i MSVCRT:guard_support.obj
 0001:0000356e       ___castguard_slow_path_check_os_handled 0040456e f i MSVCRT:guard_support.obj
 0001:000035b9       ___castguard_slow_path_check_user_handled 004045b9 f i MSVCRT:guard_support.obj
 0001:00003631       __guard_icall_checks_enforced 00404631 f i MSVCRT:guard_support.obj
 0001:000036d5       ?_RTC_AllocaFailure@@YAXPAXPAU_RTC_ALLOCA_NODE@@H@Z 004046d5 f   MSVCRT:error.obj
 0001:000037e4       ?_RTC_Failure@@YAXPAXH@Z   004047e4 f   MSVCRT:error.obj
 0001:0000382f       ?_RTC_StackFailure@@YAXPAXPBD@Z 0040482f f   MSVCRT:error.obj
 0001:00003cf9       __RTC_UninitUse            00404cf9 f   MSVCRT:error.obj
 0001:00003dbf       __vsprintf_s_l             00404dbf f i MSVCRT:error.obj
 0001:00003df7       _sprintf_s                 00404df7 f i MSVCRT:error.obj
 0001:00003e1a       ___isa_available_init      00404e1a f   MSVCRT:cpu_disp.obj
 0001:00004212       ___scrt_is_ucrt_dll_in_use 00405212 f   MSVCRT:ucrt_detection.obj
 0001:00004221       @__security_check_cookie@4 00405221 f   MSVCRT:secchk.obj
 0001:000044b7       ?_RTC_GetSrcLine@@YAHPAEPA_WKPAH1K@Z 004054b7 f   MSVCRT:pdblkup.obj
 0001:000048d6       __except_handler4_noexcept 004058d6 f   MSVCRT:chandler4_noexcept.obj
 0001:0000492d       ___raise_securityfailure   0040592d f   MSVCRT:gs_report.obj
 0001:0000495f       ___report_gsfailure        0040595f f   MSVCRT:gs_report.obj
 0001:00004a98       ___report_rangecheckfailure 00405a98 f   MSVCRT:gs_report.obj
 0001:00004aa8       ___report_securityfailure  00405aa8 f   MSVCRT:gs_report.obj
 0001:00004bac       ___report_securityfailureEx 00405bac f   MSVCRT:gs_report.obj
 0001:00004d07       _memcpy                    00405d07 f   vcruntime:VCRUNTIME140.dll
 0001:00004d0d       _memset                    00405d0d f   vcruntime:VCRUNTIME140.dll
 0001:00004d13       ___std_type_info_destroy_list 00405d13 f   vcruntime:VCRUNTIME140.dll
 0001:00004d19       ___current_exception       00405d19 f   vcruntime:VCRUNTIME140.dll
 0001:00004d1f       ___current_exception_context 00405d1f f   vcruntime:VCRUNTIME140.dll
 0001:00004d25       __except_handler4_common   00405d25 f   vcruntime:VCRUNTIME140.dll
 0001:00004d2b       ___vcrt_GetModuleFileNameW 00405d2b f   vcruntime:VCRUNTIME140.dll
 0001:00004d31       ___vcrt_LoadLibraryExW     00405d31 f   vcruntime:VCRUNTIME140.dll
 0001:00004d37       _strcpy                    00405d37 f   ucrt:api-ms-win-crt-string-l1-1-0.dll
 0001:00004d3d       _strlen                    00405d3d f   ucrt:api-ms-win-crt-string-l1-1-0.dll
 0001:00004d43       _strncmp                   00405d43 f   ucrt:api-ms-win-crt-string-l1-1-0.dll
 0001:00004d49       _strncpy                   00405d49 f   ucrt:api-ms-win-crt-string-l1-1-0.dll
 0001:00004d4f       _free                      00405d4f f   ucrt:api-ms-win-crt-heap-l1-1-0.dll
 0001:00004d55       _malloc                    00405d55 f   ucrt:api-ms-win-crt-heap-l1-1-0.dll
 0001:00004d5b       _atoi                      00405d5b f   ucrt:api-ms-win-crt-convert-l1-1-0.dll
 0001:00004d61       _strtoul                   00405d61 f   ucrt:api-ms-win-crt-convert-l1-1-0.dll
 0001:00004d67       ___acrt_iob_func           00405d67 f   ucrt:api-ms-win-crt-stdio-l1-1-0.dll
 0001:00004d6d       _fflush                    00405d6d f   ucrt:api-ms-win-crt-stdio-l1-1-0.dll
 0001:00004d73       ___stdio_common_vfprintf   00405d73 f   ucrt:api-ms-win-crt-stdio-l1-1-0.dll
 0001:00004d79       ___stdio_common_vsprintf   00405d79 f   ucrt:api-ms-win-crt-stdio-l1-1-0.dll
 0001:00004d7f       __seh_filter_exe           00405d7f f   ucrt:api-ms-win-crt-runtime-l1-1-0.dll
 0001:00004d85       __set_app_type             00405d85 f   ucrt:api-ms-win-crt-runtime-l1-1-0.dll
 0001:00004d8b       ___setusermatherr          00405d8b f   ucrt:api-ms-win-crt-math-l1-1-0.dll
 0001:00004d91       __configure_narrow_argv    00405d91 f   ucrt:api-ms-win-crt-runtime-l1-1-0.dll
 0001:00004d97       __initialize_narrow_environment 00405d97 f   ucrt:api-ms-win-crt-runtime-l1-1-0.dll
 0001:00004d9d       __get_initial_narrow_environment 00405d9d f   ucrt:api-ms-win-crt-runtime-l1-1-0.dll
 0001:00004da3       __initterm                 00405da3 f   ucrt:api-ms-win-crt-runtime-l1-1-0.dll
 0001:00004da9       __initterm_e               00405da9 f   ucrt:api-ms-win-crt-runtime-l1-1-0.dll
 0001:00004daf       _exit                      00405daf f   ucrt:api-ms-win-crt-runtime-l1-1-0.dll
 0001:00004db5       __exit                     00405db5 f   ucrt:api-ms-win-crt-runtime-l1-1-0.dll
 0001:00004dbb       __set_fmode                00405dbb f   ucrt:api-ms-win-crt-stdio-l1-1-0.dll
 0001:00004dc1       ___p___argc                00405dc1 f   ucrt:api-ms-win-crt-runtime-l1-1-0.dll
 0001:00004dc7       ___p___argv                00405dc7 f   ucrt:api-ms-win-crt-runtime-l1-1-0.dll
 0001:00004dcd       __cexit                    00405dcd f   ucrt:api-ms-win-crt-runtime-l1-1-0.dll
 0001:00004dd3       __c_exit                   00405dd3 f   ucrt:api-ms-win-crt-runtime-l1-1-0.dll
 0001:00004dd9       __register_thread_local_exe_atexit_callback 00405dd9 f   ucrt:api-ms-win-crt-runtime-l1-1-0.dll
 0001:00004ddf       __configthreadlocale       00405ddf f   ucrt:api-ms-win-crt-locale-l1-1-0.dll
 0001:00004de5       __set_new_mode             00405de5 f   ucrt:api-ms-win-crt-heap-l1-1-0.dll
 0001:00004deb       ___p__commode              00405deb f   ucrt:api-ms-win-crt-stdio-l1-1-0.dll
 0001:00004df1       __seh_filter_dll           00405df1 f   ucrt:api-ms-win-crt-runtime-l1-1-0.dll
 0001:00004df7       __initialize_onexit_table  00405df7 f   ucrt:api-ms-win-crt-runtime-l1-1-0.dll
 0001:00004dfd       __register_onexit_function 00405dfd f   ucrt:api-ms-win-crt-runtime-l1-1-0.dll
 0001:00004e03       __execute_onexit_table     00405e03 f   ucrt:api-ms-win-crt-runtime-l1-1-0.dll
 0001:00004e09       __crt_atexit               00405e09 f   ucrt:api-ms-win-crt-runtime-l1-1-0.dll
 0001:00004e0f       __crt_at_quick_exit        00405e0f f   ucrt:api-ms-win-crt-runtime-l1-1-0.dll
 0001:00004e15       __controlfp_s              00405e15 f   ucrt:api-ms-win-crt-runtime-l1-1-0.dll
 0001:00004e1b       _terminate                 00405e1b f   ucrt:api-ms-win-crt-runtime-l1-1-0.dll
 0001:00004e21       _strcpy_s                  00405e21 f   ucrt:api-ms-win-crt-string-l1-1-0.dll
 0001:00004e27       _strcat_s                  00405e27 f   ucrt:api-ms-win-crt-string-l1-1-0.dll
 0001:00004e2d       ___stdio_common_vsprintf_s 00405e2d f   ucrt:api-ms-win-crt-stdio-l1-1-0.dll
 0001:00004e33       _QueryPerformanceCounter@4 00405e33 f   kernel32:KERNEL32.dll
 0001:00004e39       _GetCurrentProcessId@0     00405e39 f   kernel32:KERNEL32.dll
 0001:00004e3f       _GetCurrentThreadId@0      00405e3f f   kernel32:KERNEL32.dll
 0001:00004e45       _GetSystemTimeAsFileTime@4 00405e45 f   kernel32:KERNEL32.dll
 0001:00004e4b       _InitializeSListHead@4     00405e4b f   kernel32:KERNEL32.dll
 0001:00004e51       _IsDebuggerPresent@0       00405e51 f   kernel32:KERNEL32.dll
 0001:00004e57       _UnhandledExceptionFilter@4 00405e57 f   kernel32:KERNEL32.dll
 0001:00004e5d       _SetUnhandledExceptionFilter@4 00405e5d f   kernel32:KERNEL32.dll
 0001:00004e63       _GetStartupInfoW@4         00405e63 f   kernel32:KERNEL32.dll
 0001:00004e69       _IsProcessorFeaturePresent@4 00405e69 f   kernel32:KERNEL32.dll
 0001:00004e6f       _GetModuleHandleW@4        00405e6f f   kernel32:KERNEL32.dll
 0001:00004e75       _RaiseException@16         00405e75 f   kernel32:KERNEL32.dll
 0001:00004e7b       _MultiByteToWideChar@24    00405e7b f   kernel32:KERNEL32.dll
 0001:00004e81       _WideCharToMultiByte@32    00405e81 f   kernel32:KERNEL32.dll
 0001:00004e87       _HeapAlloc@12              00405e87 f   kernel32:KERNEL32.dll
 0001:00004e8d       _HeapFree@12               00405e8d f   kernel32:KERNEL32.dll
 0001:00004e93       _GetProcessHeap@0          00405e93 f   kernel32:KERNEL32.dll
 0001:00004e99       _VirtualQuery@12           00405e99 f   kernel32:KERNEL32.dll
 0001:00004e9f       _FreeLibrary@4             00405e9f f   kernel32:KERNEL32.dll
 0001:00004ea5       _GetProcAddress@8          00405ea5 f   kernel32:KERNEL32.dll
 0001:00004eab       _GetCurrentProcess@0       00405eab f   kernel32:KERNEL32.dll
 0001:00004eb1       _TerminateProcess@8        00405eb1 f   kernel32:KERNEL32.dll
 0001:00004eb7       ___acrt_initialize         00405eb7 f   MSVCRT:ucrt_stubs.obj
 0001:00004eb7       ___scrt_stub_for_acrt_initialize 00405eb7 f   MSVCRT:ucrt_stubs.obj
 0001:00004eb7       ___vcrt_initialize         00405eb7 f   MSVCRT:ucrt_stubs.obj
 0001:00004eba       ___acrt_thread_attach      00405eba f   MSVCRT:ucrt_stubs.obj
 0001:00004eba       ___scrt_stub_for_acrt_thread_attach 00405eba f   MSVCRT:ucrt_stubs.obj
 0001:00004eba       ___vcrt_thread_attach      00405eba f   MSVCRT:ucrt_stubs.obj
 0001:00004ebd       ___acrt_thread_detach      00405ebd f   MSVCRT:ucrt_stubs.obj
 0001:00004ebd       ___scrt_stub_for_acrt_thread_detach 00405ebd f   MSVCRT:ucrt_stubs.obj
 0001:00004ebd       ___vcrt_thread_detach      00405ebd f   MSVCRT:ucrt_stubs.obj
 0001:00004ec0       ___acrt_uninitialize       00405ec0 f   MSVCRT:ucrt_stubs.obj
 0001:00004ec0       ___scrt_stub_for_acrt_uninitialize 00405ec0 f   MSVCRT:ucrt_stubs.obj
 0001:00004ec0       ___vcrt_uninitialize       00405ec0 f   MSVCRT:ucrt_stubs.obj
 0001:00004ec3       ___acrt_uninitialize_critical 00405ec3 f   MSVCRT:ucrt_stubs.obj
 0001:00004ec3       ___scrt_stub_for_acrt_uninitialize_critical 00405ec3 f   MSVCRT:ucrt_stubs.obj
 0001:00004ec3       ___vcrt_uninitialize_critical 00405ec3 f   MSVCRT:ucrt_stubs.obj
 0001:00004ec6       ___scrt_stub_for_is_c_termination_complete 00405ec6 f   MSVCRT:ucrt_stubs.obj
 0001:00004ec6       __is_c_termination_complete 00405ec6 f   MSVCRT:ucrt_stubs.obj
 0001:00004ec9       __filter_x86_sse2_floating_point_exception 00405ec9 f   MSVCRT:x86_exception_filter.obj
 0001:00004ec9       __filter_x86_sse2_floating_point_exception_default 00405ec9 f   MSVCRT:x86_exception_filter.obj
 0002:00000000       ___xc_a                    00408000     MSVCRT:initializers.obj
 0002:00000208       ___xc_z                    00408208     MSVCRT:initializers.obj
 0002:0000030c       ___xi_a                    0040830c     MSVCRT:initializers.obj
 0002:00000618       ___xi_z                    00408618     MSVCRT:initializers.obj
 0002:0000071c       ___xp_a                    0040871c     MSVCRT:initializers.obj
 0002:00000820       ___xp_z                    00408820     MSVCRT:initializers.obj
 0002:00000924       ___xt_a                    00408924     MSVCRT:initializers.obj
 0002:00000a28       ___xt_z                    00408a28     MSVCRT:initializers.obj
 0002:00000b48       ??_C@_0BJ@HEGAHDFO@Stack?5pointer?5corruption@ 00408b48     MSVCRT:userapi.obj
 0002:00000b68       ??_C@_0CK@FEGOIOPB@Cast?5to?5smaller?5type?5causing?5lo@ 00408b68     MSVCRT:userapi.obj
 0002:00000b9c       ??_C@_0BI@CIGMDCBH@Stack?5memory?5corruption@ 00408b9c     MSVCRT:userapi.obj
 0002:00000bb8       ??_C@_0CK@CNLNOEPB@Local?5variable?5used?5before?5init@ 00408bb8     MSVCRT:userapi.obj
 0002:00000bec       ??_C@_0BP@OGBCLIBO@Stack?5around?5_alloca?5corrupted@ 00408bec     MSVCRT:userapi.obj
 0002:00000cd0       ??_C@_0NN@JMPELKLB@The?5value?5of?5ESP?5was?5not?5proper@ 00408cd0     MSVCRT:error.obj
 0002:00000de0       ??_C@_0BBN@ELNNILBE@A?5cast?5to?5a?5smaller?5data?5type?5h@ 00408de0     MSVCRT:error.obj
 0002:00000f38       ??_C@_0BN@BPOGFMJL@Stack?5memory?5was?5corrupted?$AN?6@ 00408f38     MSVCRT:error.obj
 0002:00000f5c       ??_C@_0DG@DAJCDLPN@A?5local?5variable?5was?5used?5befor@ 00408f5c     MSVCRT:error.obj
 0002:00000f9c       ??_C@_0CM@JMIDGKLA@Stack?5memory?5around?5_alloca?5was@ 00408f9c     MSVCRT:error.obj
 0002:00000fd0       ??_C@_0BO@CHIONIOI@Unknown?5Runtime?5Check?5Error?$AN?6@ 00408fd0     MSVCRT:error.obj
 0002:00000ff8       ??_C@_1GM@CNOOJIHC@?$AAR?$AAu?$AAn?$AAt?$AAi?$AAm?$AAe?$AA?5?$AAC?$AAh?$AAe?$AAc?$AAk?$AA?5?$AAE@ 00408ff8     MSVCRT:error.obj
 0002:00001080       ??_C@_1EA@NFKNIFJP@?$AAR?$AAu?$AAn?$AA?9?$AAT?$AAi?$AAm?$AAe?$AA?5?$AAC?$AAh?$AAe?$AAc?$AAk?$AA?5@ 00409080     MSVCRT:error.obj
 0002:000010cc       ??_C@_0BB@PFFGGCJP@Unknown?5Filename@ 004090cc     MSVCRT:error.obj
 0002:000010e0       ??_C@_0BE@GNBOBNCK@Unknown?5Module?5Name@ 004090e0     MSVCRT:error.obj
 0002:000010f8       ??_C@_0CA@IODNCDPG@Run?9Time?5Check?5Failure?5?$CD?$CFd?5?9?5?$CFs@ 004090f8     MSVCRT:error.obj
 0002:00001120       ??_C@_0CG@IAFNJNEE@Stack?5corrupted?5near?5unknown?5va@ 00409120     MSVCRT:error.obj
 0002:00001150       ??_C@_05MKKEDADM@?$CF?42X?5@ 00409150     MSVCRT:error.obj
 0002:00001158       ??_C@_0EJ@LJKNEOLN@Stack?5area?5around?5_alloca?5memor@ 00409158     MSVCRT:error.obj
 0002:000011b0       ??_C@_01EEMJAFIK@?6@       004091b0     MSVCRT:error.obj
 0002:000011b4       ??_C@_02LLMPMKNF@?$DO?5@   004091b4     MSVCRT:error.obj
 0002:000011b8       ??_C@_08OMAHNMHJ@?6Data?3?5?$DM@ 004091b8     MSVCRT:error.obj
 0002:000011c4       ??_C@_0CK@DKGBICFE@?6Allocation?5number?5within?5this?5@ 004091c4     MSVCRT:error.obj
 0002:000011f8       ??_C@_07DFDJCKFN@?6Size?3?5@ 004091f8     MSVCRT:error.obj
 0002:00001204       ??_C@_0N@MHFFIMFG@?6Address?3?50x@ 00409204     MSVCRT:error.obj
 0002:00001218       ??_C@_0EI@CLEPFNGI@Stack?5area?5around?5_alloca?5memor@ 00409218     MSVCRT:error.obj
 0002:00001270       ??_C@_0BK@ODNDAGKB@?$CFs?$CFs?$CFp?$CFs?$CFzd?$CFs?$CFd?$CFs?$CFs?$CFs?$CFs?$CFs@ 00409270     MSVCRT:error.obj
 0002:00001290       ??_C@_0DE@OHJBPMBP@A?5variable?5is?5being?5used?5withou@ 00409290     MSVCRT:error.obj
 0002:000012f8       ??_C@_1EI@MLPKHBGE@?$AAa?$AAp?$AAi?$AA?9?$AAm?$AAs?$AA?9?$AAw?$AAi?$AAn?$AA?9?$AAc?$AAo?$AAr?$AAe@ 004092f8     MSVCRT:pdblkup.obj
 0002:00001350       ??_C@_1BK@JHLNAEJL@?$AAa?$AAd?$AAv?$AAa?$AAp?$AAi?$AA3?$AA2?$AA?4?$AAd?$AAl?$AAl@ 00409350     MSVCRT:pdblkup.obj
 0002:00001370       ??_C@_0O@COHOBMLB@RegOpenKeyExW@ 00409370     MSVCRT:pdblkup.obj
 0002:00001380       ??_C@_0BB@GLNAEDBD@RegQueryValueExW@ 00409380     MSVCRT:pdblkup.obj
 0002:00001394       ??_C@_0M@HLOHPNFA@RegCloseKey@ 00409394     MSVCRT:pdblkup.obj
 0002:000013a8       ??_C@_1HE@EBEAGLFB@?$AAS?$AAO?$AAF?$AAT?$AAW?$AAA?$AAR?$AAE?$AA?2?$AAW?$AAo?$AAw?$AA6?$AA4?$AA3@ 004093a8     MSVCRT:pdblkup.obj
 0002:00001434       ??_C@_1BG@EABPBLLF@?$AAP?$AAr?$AAo?$AAd?$AAu?$AAc?$AAt?$AAD?$AAi?$AAr@ 00409434     MSVCRT:pdblkup.obj
 0002:00001450       ??_C@_0BB@KCIACLNC@PDBOpenValidate5@ 00409450     MSVCRT:pdblkup.obj
 0002:00001464       ??_C@_01KDCPPGHE@r@        00409464     MSVCRT:pdblkup.obj
 0002:00001478       __load_config_used         00409478     MSVCRT:loadcfg.obj
 0002:00001700       ___CastGuardVftablesStart  00409700     MSVCRT:guard_support.obj
 0002:00001880       ___CastGuardVftablesEnd    00409880     MSVCRT:guard_support.obj
 0002:00001b60       ___rtc_iaa                 00409b60     MSVCRT:initsect.obj
 0002:00001d68       ___rtc_izz                 00409d68     MSVCRT:initsect.obj
 0002:00001e6c       ___rtc_taa                 00409e6c     MSVCRT:initsect.obj
 0002:00002074       ___rtc_tzz                 0040a074     MSVCRT:initsect.obj
 0003:00000000       _uid                       0040b000     vchat.obj
 0003:00000004       _ListenSocket              0040b004     vchat.obj
 0003:00000a44       ___scrt_native_dllmain_reason 0040ba44     MSVCRT:utility.obj
 0003:00000a48       ___scrt_default_matherr    0040ba48     MSVCRT:matherr.obj
 0003:00000a50       ?_RTC_ErrorLevels@@3PAHA   0040ba50     MSVCRT:error.obj
 0003:00000a68       ___isa_inverted            0040ba68     MSVCRT:cpu_disp.obj
 0003:00000a70       ___isa_enabled             0040ba70     MSVCRT:cpu_disp.obj
 0003:00000a80       ___security_cookie         0040ba80     MSVCRT:gs_cookie.obj
 0003:00000ac0       ___security_cookie_complement 0040bac0     MSVCRT:gs_cookie.obj
 0003:00000ad4       ___scrt_ucrt_dll_is_in_use 0040bad4     MSVCRT:ucrt_stubs.obj
 0003:00000be0       _cli_count                 0040bbe0     vchat.obj
 0003:00000be4       _MITM                      0040bbe4     vchat.obj
 0003:00000d7c       _hInput                    0040bd7c     <common>
 0003:00000d80       ?_OptionsStorage@?1??__local_stdio_printf_options@@9@9 0040bd80     <common>
 0003:00000d88       _prev_mode                 0040bd88     <common>
 0003:00000d8c       _ghMutex                   0040bd8c     <common>
 0003:00000ddc       ___scrt_current_native_startup_state 0040bddc     MSVCRT:utility.obj
 0003:00000de0       ___scrt_native_startup_lock 0040bde0     MSVCRT:utility.obj
 0003:00000e08       ?__type_info_root_node@@3U__type_info_node@@A 0040be08     MSVCRT:tncleanup.obj
 0003:00000e18       ?_OptionsStorage@?1??__local_stdio_printf_options@@9@4_KA 0040be18     MSVCRT:default_local_stdio_options.obj
 0003:00000e28       ?_OptionsStorage@?1??__local_stdio_scanf_options@@9@4_KA 0040be28     MSVCRT:default_local_stdio_options.obj
 0003:00000e34       ___scrt_debugger_hook_flag 0040be34     MSVCRT:utility_desktop.obj
 0003:00000e38       ___castguard_check_failure_user_handled_fptr 0040be38     MSVCRT:guard_support.obj
 0003:00000e3c       ___avx10_version           0040be3c     MSVCRT:cpu_disp.obj
 0003:00000e40       ___isa_available           0040be40     MSVCRT:cpu_disp.obj
 0003:00000e44       ___favor                   0040be44     MSVCRT:cpu_disp.obj
 0003:00001238       ___dyn_tls_dtor_callback   0040c238     <common>
 0003:00001244       ___dyn_tls_init_callback   0040c244     <common>
 0004:00000000       __imp__EssentialFunc1      0040d000     libessfunc:Essfun.dll
 0004:00000004       \177Essfun_NULL_THUNK_DATA 0040d004     libessfunc:Essfun.dll
 0004:00000030       __imp__GetStdHandle@4      0040d030     kernel32:KERNEL32.dll
 0004:00000034       __imp__CloseHandle@4       0040d034     kernel32:KERNEL32.dll
 0004:00000038       __imp__GetLastError@0      0040d038     kernel32:KERNEL32.dll
 0004:0000003c       __imp__ReleaseMutex@4      0040d03c     kernel32:KERNEL32.dll
 0004:00000040       __imp__WaitForSingleObject@8 0040d040     kernel32:KERNEL32.dll
 0004:00000044       __imp__CreateMutexW@12     0040d044     kernel32:KERNEL32.dll
 0004:00000048       __imp__Sleep@4             0040d048     kernel32:KERNEL32.dll
 0004:0000004c       __imp__CreateThread@24     0040d04c     kernel32:KERNEL32.dll
 0004:00000050       __imp__GetConsoleMode@8    0040d050     kernel32:KERNEL32.dll
 0004:00000054       __imp__SetConsoleMode@8    0040d054     kernel32:KERNEL32.dll
 0004:00000058       __imp__SetConsoleCtrlHandler@8 0040d058     kernel32:KERNEL32.dll
 0004:0000005c       __imp__GetCurrentProcess@0 0040d05c     kernel32:KERNEL32.dll
 0004:00000060       __imp__GetProcAddress@8    0040d060     kernel32:KERNEL32.dll
 0004:00000064       __imp__FreeLibrary@4       0040d064     kernel32:KERNEL32.dll
 0004:00000068       __imp__VirtualQuery@12     0040d068     kernel32:KERNEL32.dll
 0004:0000006c       __imp__GetProcessHeap@0    0040d06c     kernel32:KERNEL32.dll
 0004:00000070       __imp__HeapFree@12         0040d070     kernel32:KERNEL32.dll
 0004:00000074       __imp__HeapAlloc@12        0040d074     kernel32:KERNEL32.dll
 0004:00000078       __imp__WideCharToMultiByte@32 0040d078     kernel32:KERNEL32.dll
 0004:0000007c       __imp__MultiByteToWideChar@24 0040d07c     kernel32:KERNEL32.dll
 0004:00000080       __imp__RaiseException@16   0040d080     kernel32:KERNEL32.dll
 0004:00000084       __imp__GetModuleHandleW@4  0040d084     kernel32:KERNEL32.dll
 0004:00000088       __imp__IsProcessorFeaturePresent@4 0040d088     kernel32:KERNEL32.dll
 0004:0000008c       __imp__GetStartupInfoW@4   0040d08c     kernel32:KERNEL32.dll
 0004:00000090       __imp__SetUnhandledExceptionFilter@4 0040d090     kernel32:KERNEL32.dll
 0004:00000094       __imp__UnhandledExceptionFilter@4 0040d094     kernel32:KERNEL32.dll
 0004:00000098       __imp__IsDebuggerPresent@0 0040d098     kernel32:KERNEL32.dll
 0004:0000009c       __imp__InitializeSListHead@4 0040d09c     kernel32:KERNEL32.dll
 0004:000000a0       __imp__GetSystemTimeAsFileTime@4 0040d0a0     kernel32:KERNEL32.dll
 0004:000000a4       __imp__GetCurrentThreadId@0 0040d0a4     kernel32:KERNEL32.dll
 0004:000000a8       __imp__GetCurrentProcessId@0 0040d0a8     kernel32:KERNEL32.dll
 0004:000000ac       __imp__QueryPerformanceCounter@4 0040d0ac     kernel32:KERNEL32.dll
 0004:000000b0       __imp__TerminateProcess@8  0040d0b0     kernel32:KERNEL32.dll
 0004:000000b4       \177KERNEL32_NULL_THUNK_DATA 0040d0b4     kernel32:KERNEL32.dll
 0004:000000f8       __imp__memset              0040d0f8     vcruntime:VCRUNTIME140.dll
 0004:000000fc       __imp____vcrt_LoadLibraryExW 0040d0fc     vcruntime:VCRUNTIME140.dll
 0004:00000100       __imp____vcrt_GetModuleFileNameW 0040d100     vcruntime:VCRUNTIME140.dll
 0004:00000104       __imp____std_type_info_destroy_list 0040d104     vcruntime:VCRUNTIME140.dll
 0004:00000108       __imp____current_exception 0040d108     vcruntime:VCRUNTIME140.dll
 0004:0000010c       __imp____current_exception_context 0040d10c     vcruntime:VCRUNTIME140.dll
 0004:00000110       __imp__memcpy              0040d110     vcruntime:VCRUNTIME140.dll
 0004:00000114       __imp___except_handler4_common 0040d114     vcruntime:VCRUNTIME140.dll
 0004:00000118       \177VCRUNTIME140_NULL_THUNK_DATA 0040d118     vcruntime:VCRUNTIME140.dll
 0004:00000148       __imp__htons@4             0040d148     WS2_32:WS2_32.dll
 0004:0000014c       __imp__inet_ntoa@4         0040d14c     WS2_32:WS2_32.dll
 0004:00000150       __imp__listen@8            0040d150     WS2_32:WS2_32.dll
 0004:00000154       __imp__recv@16             0040d154     WS2_32:WS2_32.dll
 0004:00000158       __imp__WSAStartup@8        0040d158     WS2_32:WS2_32.dll
 0004:0000015c       __imp__socket@12           0040d15c     WS2_32:WS2_32.dll
 0004:00000160       __imp__accept@12           0040d160     WS2_32:WS2_32.dll
 0004:00000164       __imp__bind@12             0040d164     WS2_32:WS2_32.dll
 0004:00000168       __imp__closesocket@4       0040d168     WS2_32:WS2_32.dll
 0004:0000016c       __imp__WSACleanup@0        0040d16c     WS2_32:WS2_32.dll
 0004:00000170       __imp__freeaddrinfo@4      0040d170     WS2_32:WS2_32.dll
 0004:00000174       __imp__getaddrinfo@16      0040d174     WS2_32:WS2_32.dll
 0004:00000178       __imp__WSAGetLastError@0   0040d178     WS2_32:WS2_32.dll
 0004:0000017c       __imp__send@16             0040d17c     WS2_32:WS2_32.dll
 0004:00000180       \177WS2_32_NULL_THUNK_DATA 0040d180     WS2_32:WS2_32.dll
 0004:000001b4       __imp__strtoul             0040d1b4     ucrt:api-ms-win-crt-convert-l1-1-0.dll
 0004:000001b8       __imp__atoi                0040d1b8     ucrt:api-ms-win-crt-convert-l1-1-0.dll
 0004:000001bc       \177api-ms-win-crt-convert-l1-1-0_NULL_THUNK_DATA 0040d1bc     ucrt:api-ms-win-crt-convert-l1-1-0.dll
 0004:000001e8       __imp__malloc              0040d1e8     ucrt:api-ms-win-crt-heap-l1-1-0.dll
 0004:000001ec       __imp__free                0040d1ec     ucrt:api-ms-win-crt-heap-l1-1-0.dll
 0004:000001f0       __imp___set_new_mode       0040d1f0     ucrt:api-ms-win-crt-heap-l1-1-0.dll
 0004:000001f4       \177api-ms-win-crt-heap-l1-1-0_NULL_THUNK_DATA 0040d1f4     ucrt:api-ms-win-crt-heap-l1-1-0.dll
 0004:00000220       __imp___configthreadlocale 0040d220     ucrt:api-ms-win-crt-locale-l1-1-0.dll
 0004:00000224       \177api-ms-win-crt-locale-l1-1-0_NULL_THUNK_DATA 0040d224     ucrt:api-ms-win-crt-locale-l1-1-0.dll
 0004:00000250       __imp____setusermatherr    0040d250     ucrt:api-ms-win-crt-math-l1-1-0.dll
 0004:00000254       \177api-ms-win-crt-math-l1-1-0_NULL_THUNK_DATA 0040d254     ucrt:api-ms-win-crt-math-l1-1-0.dll
 0004:00000280       __imp___register_onexit_function 0040d280     ucrt:api-ms-win-crt-runtime-l1-1-0.dll
 0004:00000284       __imp___execute_onexit_table 0040d284     ucrt:api-ms-win-crt-runtime-l1-1-0.dll
 0004:00000288       __imp___crt_atexit         0040d288     ucrt:api-ms-win-crt-runtime-l1-1-0.dll
 0004:0000028c       __imp___seh_filter_dll     0040d28c     ucrt:api-ms-win-crt-runtime-l1-1-0.dll
 0004:00000290       __imp___controlfp_s        0040d290     ucrt:api-ms-win-crt-runtime-l1-1-0.dll
 0004:00000294       __imp__terminate           0040d294     ucrt:api-ms-win-crt-runtime-l1-1-0.dll
 0004:00000298       __imp___exit               0040d298     ucrt:api-ms-win-crt-runtime-l1-1-0.dll
 0004:0000029c       __imp__exit                0040d29c     ucrt:api-ms-win-crt-runtime-l1-1-0.dll
 0004:000002a0       __imp___initterm_e         0040d2a0     ucrt:api-ms-win-crt-runtime-l1-1-0.dll
 0004:000002a4       __imp___initterm           0040d2a4     ucrt:api-ms-win-crt-runtime-l1-1-0.dll
 0004:000002a8       __imp____p___argc          0040d2a8     ucrt:api-ms-win-crt-runtime-l1-1-0.dll
 0004:000002ac       __imp___register_thread_local_exe_atexit_callback 0040d2ac     ucrt:api-ms-win-crt-runtime-l1-1-0.dll
 0004:000002b0       __imp___get_initial_narrow_environment 0040d2b0     ucrt:api-ms-win-crt-runtime-l1-1-0.dll
 0004:000002b4       __imp___c_exit             0040d2b4     ucrt:api-ms-win-crt-runtime-l1-1-0.dll
 0004:000002b8       __imp___initialize_onexit_table 0040d2b8     ucrt:api-ms-win-crt-runtime-l1-1-0.dll
 0004:000002bc       __imp___crt_at_quick_exit  0040d2bc     ucrt:api-ms-win-crt-runtime-l1-1-0.dll
 0004:000002c0       __imp___configure_narrow_argv 0040d2c0     ucrt:api-ms-win-crt-runtime-l1-1-0.dll
 0004:000002c4       __imp____p___argv          0040d2c4     ucrt:api-ms-win-crt-runtime-l1-1-0.dll
 0004:000002c8       __imp___set_app_type       0040d2c8     ucrt:api-ms-win-crt-runtime-l1-1-0.dll
 0004:000002cc       __imp___seh_filter_exe     0040d2cc     ucrt:api-ms-win-crt-runtime-l1-1-0.dll
 0004:000002d0       __imp___cexit              0040d2d0     ucrt:api-ms-win-crt-runtime-l1-1-0.dll
 0004:000002d4       __imp___initialize_narrow_environment 0040d2d4     ucrt:api-ms-win-crt-runtime-l1-1-0.dll
 0004:000002d8       \177api-ms-win-crt-runtime-l1-1-0_NULL_THUNK_DATA 0040d2d8     ucrt:api-ms-win-crt-runtime-l1-1-0.dll
 0004:00000314       __imp____stdio_common_vfprintf 0040d314     ucrt:api-ms-win-crt-stdio-l1-1-0.dll
 0004:00000318       __imp____stdio_common_vsprintf_s 0040d318     ucrt:api-ms-win-crt-stdio-l1-1-0.dll
 0004:0000031c       __imp____acrt_iob_func     0040d31c     ucrt:api-ms-win-crt-stdio-l1-1-0.dll
 0004:00000320       __imp__fflush              0040d320     ucrt:api-ms-win-crt-stdio-l1-1-0.dll
 0004:00000324       __imp____p__commode        0040d324     ucrt:api-ms-win-crt-stdio-l1-1-0.dll
 0004:00000328       __imp___set_fmode          0040d328     ucrt:api-ms-win-crt-stdio-l1-1-0.dll
 0004:0000032c       __imp____stdio_common_vsprintf 0040d32c     ucrt:api-ms-win-crt-stdio-l1-1-0.dll
 0004:00000330       \177api-ms-win-crt-stdio-l1-1-0_NULL_THUNK_DATA 0040d330     ucrt:api-ms-win-crt-stdio-l1-1-0.dll
 0004:00000360       __imp__strcat_s            0040d360     ucrt:api-ms-win-crt-string-l1-1-0.dll
 0004:00000364       __imp__strncpy             0040d364     ucrt:api-ms-win-crt-string-l1-1-0.dll
 0004:00000368       __imp__strncmp             0040d368     ucrt:api-ms-win-crt-string-l1-1-0.dll
 0004:0000036c       __imp__strlen              0040d36c     ucrt:api-ms-win-crt-string-l1-1-0.dll
 0004:00000370       __imp__strcpy              0040d370     ucrt:api-ms-win-crt-string-l1-1-0.dll
 0004:00000374       __imp__strcpy_s            0040d374     ucrt:api-ms-win-crt-string-l1-1-0.dll
 0004:00000378       \177api-ms-win-crt-string-l1-1-0_NULL_THUNK_DATA 0040d378     ucrt:api-ms-win-crt-string-l1-1-0.dll
 0004:000003a8       __IMPORT_DESCRIPTOR_Essfun 0040d3a8     libessfunc:Essfun.dll
 0004:000003bc       __IMPORT_DESCRIPTOR_KERNEL32 0040d3bc     kernel32:KERNEL32.dll
 0004:000003d0       __IMPORT_DESCRIPTOR_WS2_32 0040d3d0     WS2_32:WS2_32.dll
 0004:000003e4       __IMPORT_DESCRIPTOR_VCRUNTIME140 0040d3e4     vcruntime:VCRUNTIME140.dll
 0004:000003f8       __IMPORT_DESCRIPTOR_api-ms-win-crt-string-l1-1-0 0040d3f8     ucrt:api-ms-win-crt-string-l1-1-0.dll
 0004:0000040c       __IMPORT_DESCRIPTOR_api-ms-win-crt-heap-l1-1-0 0040d40c     ucrt:api-ms-win-crt-heap-l1-1-0.dll
 0004:00000420       __IMPORT_DESCRIPTOR_api-ms-win-crt-convert-l1-1-0 0040d420     ucrt:api-ms-win-crt-convert-l1-1-0.dll
 0004:00000434       __IMPORT_DESCRIPTOR_api-ms-win-crt-stdio-l1-1-0 0040d434     ucrt:api-ms-win-crt-stdio-l1-1-0.dll
 0004:00000448       __IMPORT_DESCRIPTOR_api-ms-win-crt-runtime-l1-1-0 0040d448     ucrt:api-ms-win-crt-runtime-l1-1-0.dll
 0004:0000045c       __IMPORT_DESCRIPTOR_api-ms-win-crt-math-l1-1-0 0040d45c     ucrt:api-ms-win-crt-math-l1-1-0.dll
 0004:00000470       __IMPORT_DESCRIPTOR_api-ms-win-crt-locale-l1-1-0 0040d470     ucrt:api-ms-win-crt-locale-l1-1-0.dll
 0004:00000484       __NULL_IMPORT_DESCRIPTOR   0040d484     libessfunc:Essfun.dll
 0005:00000000       ___guard_check_icall_fptr  0040f000     MSVCRT:guard_support.obj
 0005:00000004       ___guard_xfg_check_icall_fptr 0040f004     MSVCRT:guard_support.obj
 0005:00000008       ___castguard_check_failure_os_handled_fptr 0040f008     MSVCRT:guard_support.obj

 entry point at        0001:00000014

 Static symbols

 0000:fffef000       .debug$S                   00400000     libessfunc:Essfun.dll
 0000:fffef000       .debug$S                   00400000     ucrt:api-ms-win-crt-convert-l1-1-0.dll
 0000:fffef000       .debug$S                   00400000     ucrt:api-ms-win-crt-convert-l1-1-0.dll
 0000:fffef000       .debug$S                   00400000     ucrt:api-ms-win-crt-heap-l1-1-0.dll
 0000:fffef000       .debug$S                   00400000     ucrt:api-ms-win-crt-heap-l1-1-0.dll
 0000:fffef000       .debug$S                   00400000     ucrt:api-ms-win-crt-heap-l1-1-0.dll
 0000:fffef000       .debug$S                   00400000     ucrt:api-ms-win-crt-locale-l1-1-0.dll
 0000:fffef000       .debug$S                   00400000     ucrt:api-ms-win-crt-math-l1-1-0.dll
 0000:fffef000       .debug$S                   00400000     ucrt:api-ms-win-crt-runtime-l1-1-0.dll
 0000:fffef000       .debug$S                   00400000     ucrt:api-ms-win-crt-runtime-l1-1-0.dll
 0000:fffef000       .debug$S                   00400000     ucrt:api-ms-win-crt-runtime-l1-1-0.dll
 0000:fffef000       .debug$S                   00400000     ucrt:api-ms-win-crt-runtime-l1-1-0.dll
 0000:fffef000       .debug$S                   00400000     ucrt:api-ms-win-crt-runtime-l1-1-0.dll
 0000:fffef000       .debug$S                   00400000     ucrt:api-ms-win-crt-runtime-l1-1-0.dll
 0000:fffef000       .debug$S                   00400000     ucrt:api-ms-win-crt-runtime-l1-1-0.dll
 0000:fffef000       .debug$S                   00400000     ucrt:api-ms-win-crt-runtime-l1-1-0.dll
 0000:fffef000       .debug$S                   00400000     ucrt:api-ms-win-crt-runtime-l1-1-0.dll
 0000:fffef000       .debug$S                   00400000     ucrt:api-ms-win-crt-runtime-l1-1-0.dll
 0000:fffef000       .debug$S                   00400000     ucrt:api-ms-win-crt-runtime-l1-1-0.dll
 0000:fffef000       .debug$S                   00400000     ucrt:api-ms-win-crt-runtime-l1-1-0.dll
 0000:fffef000       .debug$S                   00400000     ucrt:api-ms-win-crt-runtime-l1-1-0.dll
 0000:fffef000       .debug$S                   00400000     ucrt:api-ms-win-crt-runtime-l1-1-0.dll
 0000:fffef000       .debug$S                   00400000     ucrt:api-ms-win-crt-runtime-l1-1-0.dll
 0000:fffef000       .debug$S                   00400000     ucrt:api-ms-win-crt-runtime-l1-1-0.dll
 0000:fffef000       .debug$S                   00400000     ucrt:api-ms-win-crt-runtime-l1-1-0.dll
 0000:fffef000       .debug$S                   00400000     ucrt:api-ms-win-crt-runtime-l1-1-0.dll
 0000:fffef000       .debug$S                   00400000     ucrt:api-ms-win-crt-runtime-l1-1-0.dll
 0000:fffef000       .debug$S                   00400000     ucrt:api-ms-win-crt-runtime-l1-1-0.dll
 0000:fffef000       .debug$S                   00400000     ucrt:api-ms-win-crt-runtime-l1-1-0.dll
 0000:fffef000       .debug$S                   00400000     ucrt:api-ms-win-crt-runtime-l1-1-0.dll
 0000:fffef000       .debug$S                   00400000     ucrt:api-ms-win-crt-stdio-l1-1-0.dll
 0000:fffef000       .debug$S                   00400000     ucrt:api-ms-win-crt-stdio-l1-1-0.dll
 0000:fffef000       .debug$S                   00400000     ucrt:api-ms-win-crt-stdio-l1-1-0.dll
 0000:fffef000       .debug$S                   00400000     ucrt:api-ms-win-crt-stdio-l1-1-0.dll
 0000:fffef000       .debug$S                   00400000     ucrt:api-ms-win-crt-stdio-l1-1-0.dll
 0000:fffef000       .debug$S                   00400000     ucrt:api-ms-win-crt-stdio-l1-1-0.dll
 0000:fffef000       .debug$S                   00400000     ucrt:api-ms-win-crt-stdio-l1-1-0.dll
 0000:fffef000       .debug$S                   00400000     ucrt:api-ms-win-crt-string-l1-1-0.dll
 0000:fffef000       .debug$S                   00400000     ucrt:api-ms-win-crt-string-l1-1-0.dll
 0000:fffef000       .debug$S                   00400000     ucrt:api-ms-win-crt-string-l1-1-0.dll
 0000:fffef000       .debug$S                   00400000     ucrt:api-ms-win-crt-string-l1-1-0.dll
 0000:fffef000       .debug$S                   00400000     ucrt:api-ms-win-crt-string-l1-1-0.dll
 0000:fffef000       .debug$S                   00400000     ucrt:api-ms-win-crt-string-l1-1-0.dll
 0000:fffef000       .debug$S                   00400000     WS2_32:WS2_32.dll
 0000:fffef000       .debug$S                   00400000     WS2_32:WS2_32.dll
 0000:fffef000       .debug$S                   00400000     WS2_32:WS2_32.dll
 0000:fffef000       .debug$S                   00400000     WS2_32:WS2_32.dll
 0000:fffef000       .debug$S                   00400000     WS2_32:WS2_32.dll
 0000:fffef000       .debug$S                   00400000     WS2_32:WS2_32.dll
 0000:fffef000       .debug$S                   00400000     WS2_32:WS2_32.dll
 0000:fffef000       .debug$S                   00400000     WS2_32:WS2_32.dll
 0000:fffef000       .debug$S                   00400000     WS2_32:WS2_32.dll
 0000:fffef000       .debug$S                   00400000     WS2_32:WS2_32.dll
 0000:fffef000       .debug$S                   00400000     WS2_32:WS2_32.dll
 0000:fffef000       .debug$S                   00400000     WS2_32:WS2_32.dll
 0000:fffef000       .debug$S                   00400000     WS2_32:WS2_32.dll
 0000:fffef000       .debug$S                   00400000     WS2_32:WS2_32.dll
 0000:fffef000       .debug$S                   00400000     kernel32:KERNEL32.dll
 0000:fffef000       .debug$S                   00400000     kernel32:KERNEL32.dll
 0000:fffef000       .debug$S                   00400000     kernel32:KERNEL32.dll
 0000:fffef000       .debug$S                   00400000     kernel32:KERNEL32.dll
 0000:fffef000       .debug$S                   00400000     kernel32:KERNEL32.dll
 0000:fffef000       .debug$S                   00400000     kernel32:KERNEL32.dll
 0000:fffef000       .debug$S                   00400000     kernel32:KERNEL32.dll
 0000:fffef000       .debug$S                   00400000     kernel32:KERNEL32.dll
 0000:fffef000       .debug$S                   00400000     kernel32:KERNEL32.dll
 0000:fffef000       .debug$S                   00400000     kernel32:KERNEL32.dll
 0000:fffef000       .debug$S                   00400000     kernel32:KERNEL32.dll
 0000:fffef000       .debug$S                   00400000     kernel32:KERNEL32.dll
 0000:fffef000       .debug$S                   00400000     kernel32:KERNEL32.dll
 0000:fffef000       .debug$S                   00400000     kernel32:KERNEL32.dll
 0000:fffef000       .debug$S                   00400000     kernel32:KERNEL32.dll
 0000:fffef000       .debug$S                   00400000     kernel32:KERNEL32.dll
 0000:fffef000       .debug$S                   00400000     kernel32:KERNEL32.dll
 0000:fffef000       .debug$S                   00400000     kernel32:KERNEL32.dll
 0000:fffef000       .debug$S                   00400000     kernel32:KERNEL32.dll
 0000:fffef000       .debug$S                   00400000     kernel32:KERNEL32.dll
 0000:fffef000       .debug$S                   00400000     kernel32:KERNEL32.dll
 0000:fffef000       .debug$S                   00400000     kernel32:KERNEL32.dll
 0000:fffef000       .debug$S                   00400000     kernel32:KERNEL32.dll
 0000:fffef000       .debug$S                   00400000     kernel32:KERNEL32.dll
 0000:fffef000       .debug$S                   00400000     kernel32:KERNEL32.dll
 0000:fffef000       .debug$S                   00400000     kernel32:KERNEL32.dll
 0000:fffef000       .debug$S                   00400000     kernel32:KERNEL32.dll
 0000:fffef000       .debug$S                   00400000     kernel32:KERNEL32.dll
 0000:fffef000       .debug$S                   00400000     kernel32:KERNEL32.dll
 0000:fffef000       .debug$S                   00400000     kernel32:KERNEL32.dll
 0000:fffef000       .debug$S                   00400000     kernel32:KERNEL32.dll
 0000:fffef000       .debug$S                   00400000     kernel32:KERNEL32.dll
 0000:fffef000       .debug$S                   00400000     kernel32:KERNEL32.dll
 0000:ffff1000       __guard_fids___except_handler4 00400000     MSVCRT:chandler4gs.obj
 0000:00000000       _volmd                     00400000     MSVCRT:cpu_disp.obj
 0000:ffff1000       __guard_fids_?pre_c_initialization@@YAHXZ 00400000     MSVCRT:exe_main.obj
 0000:ffff1000       __guard_fids__             00400000     MSVCRT:exe_main.obj
 0000:00000000       _volmd                     00400000     MSVCRT:gs_report.obj
 0000:ffff1000       __guard_fids__             00400000     MSVCRT:guard_support.obj
 0000:ffff1000       __guard_fids__             00400000     MSVCRT:guard_support.obj
 0000:ffff1000       __guard_fids___guard_icall_checks_enforced 00400000     MSVCRT:guard_support.obj
 0000:00000000       _volmd                     00400000     MSVCRT:guard_support.obj
 0000:00000000       _volmd                     00400000     MSVCRT:guard_support.obj
 0000:00000000       _volmd                     00400000     MSVCRT:guard_support.obj
 0000:00000000       _volmd                     00400000     MSVCRT:guard_support.obj
 0000:00000000       _volmd                     00400000     MSVCRT:guard_support.obj
 0000:00000000       _volmd                     00400000     MSVCRT:guard_support.obj
 0000:00000000       _volmd                     00400000     MSVCRT:guard_support.obj
 0000:00000000       _volmd                     00400000     MSVCRT:guard_support.obj
 0000:00000000       _volmd                     00400000     MSVCRT:guard_support.obj
 0000:ffff1000       __guard_fids____scrt_set_unhandled_exception_filter 00400000     MSVCRT:utility_desktop.obj
 0000:fffef000       .debug$S                   00400000     vcruntime:VCRUNTIME140.dll
 0000:fffef000       .debug$S                   00400000     vcruntime:VCRUNTIME140.dll
 0000:fffef000       .debug$S                   00400000     vcruntime:VCRUNTIME140.dll
 0000:fffef000       .debug$S                   00400000     vcruntime:VCRUNTIME140.dll
 0000:fffef000       .debug$S                   00400000     vcruntime:VCRUNTIME140.dll
 0000:fffef000       .debug$S                   00400000     vcruntime:VCRUNTIME140.dll
 0000:fffef000       .debug$S                   00400000     vcruntime:VCRUNTIME140.dll
 0000:fffef000       .debug$S                   00400000     vcruntime:VCRUNTIME140.dll
 0000:ffff1004       __guard_fids__             00400004     MSVCRT:exe_main.obj
 0000:ffff1008       __guard_fids__             00400008     MSVCRT:exe_main.obj
 0001:00002653       ?pre_c_initialization@@YAHXZ 00403653 f   MSVCRT:exe_main.obj
 0001:00002728       ?post_pgo_initialization@@YAHXZ 00403728 f   MSVCRT:exe_main.obj
 0001:00002732       ?pre_cpp_initialization@@YAXXZ 00403732 f   MSVCRT:exe_main.obj
 0001:00002748       ?__scrt_common_main@@YAHXZ 00403748 f   MSVCRT:exe_main.obj
 0001:00002754       ?__scrt_common_main_seh@@YAHXZ 00403754 f   MSVCRT:exe_main.obj
 0001:0000294b       ?invoke_main@@YAHXZ        0040394b f   MSVCRT:exe_main.obj
 0001:00002a4d       ?find_pe_section@@YAPAU_IMAGE_SECTION_HEADER@@QAEI@Z 00403a4d f   MSVCRT:utility.obj
 0001:00002aa2       ?is_potentially_valid_image_base@@YA_NQAX@Z 00403aa2 f   MSVCRT:utility.obj
 0001:00002e99       ___get_entropy             00403e99 f   MSVCRT:gs_support.obj
 0001:000032f0       $$000000                   004042f0     MSVCRT:sehprolg4.obj
 0001:00003350       $$000000                   00404350     MSVCRT:sehprolg4.obj
 0001:00003447       ___castguard_check_failure_os_handled_wrapper 00404447 f   MSVCRT:guard_support.obj
 0001:0000349d       ___castguard_check_failure_user_handled_wrapper 0040449d f   MSVCRT:guard_support.obj
 0001:000034c3       ___castguard_compat_check  004044c3 f   MSVCRT:guard_support.obj
 0001:00003611       ___castguard_slow_path_compat_check 00404611 f   MSVCRT:guard_support.obj
 0001:00003647       ?DebuggerProbe@@YA_NK@Z    00404647 f   MSVCRT:error.obj
 0001:00003683       ?DebuggerRuntime@@YA_NKHPAXPB_W@Z 00404683 f   MSVCRT:error.obj
 0001:000038fe       ?_getMemBlockDataString@@YAXPAD0PBDI@Z 004048fe f   MSVCRT:error.obj
 0001:0000397d       ?_strlen_priv@@YAIPBD@Z    0040497d f   MSVCRT:error.obj
 0001:00003994       ?failwithmessage@@YAXPAXHHPBD@Z 00404994 f   MSVCRT:error.obj
 0001:00003c94       ?notify_debugger@@YAXABUtagEXCEPTION_VISUALCPP_DEBUG_INFO@@@Z 00404c94 f   MSVCRT:error.obj
 0001:00004232       ?GetPdbDll@@YAPAUHINSTANCE__@@XZ 00405232 f   MSVCRT:pdblkup.obj
 0001:00004250       ?GetPdbDllFromInstallPath@@YAPAUHINSTANCE__@@XZ 00405250 f   MSVCRT:pdblkup.obj
 0002:00000104       ?pre_cpp_initializer@@3P6AXXZA 00408104     MSVCRT:exe_main.obj
 0002:00000410       ?pre_c_initializer@@3P6AHXZA 00408410     MSVCRT:exe_main.obj
 0002:00000514       ?post_pgo_initializer@@3P6AHXZA 00408514     MSVCRT:exe_main.obj
 0002:00000b30       ?_RTC_errlist@@3QBQBDB     00408b30     MSVCRT:userapi.obj
 0002:00000c14       ?_RTC_ErrorMessages@@3QBQBDB 00408c14     MSVCRT:error.obj
 0002:00000c2c       ?_RTC_NoFalsePositives@@3QBHB 00408c2c     MSVCRT:error.obj
 0002:00000c44       ?stack_premsg@@3QBDB       00408c44     MSVCRT:error.obj
 0002:00000c60       ?stack_postmsg@@3QBDB      00408c60     MSVCRT:error.obj
 0002:00000c74       ?uninit_premsg@@3QBDB      00408c74     MSVCRT:error.obj
 0002:00000c84       ?uninit_postmsg@@3QBDB     00408c84     MSVCRT:error.obj
 0002:000012d0       ?mspdbName@@3QB_WB         004092d0     MSVCRT:pdblkup.obj
 0002:00001468       _GS_ExceptionPointers      00409468     MSVCRT:gs_report.obj
 0002:00001c64       __RTC_InitBase.rtc$IMZ     00409c64     vchat.obj
 0002:00001f70       __RTC_Shutdown.rtc$TMZ     00409f70     vchat.obj
 0002:00002178       __sehtable$?__scrt_common_main_seh@@YAHXZ 0040a178     MSVCRT:exe_main.obj
 0002:00002198       __sehtable$___scrt_is_nonwritable_in_current_image 0040a198     MSVCRT:utility.obj
 0002:000021b8       __sehtable$?notify_debugger@@YAXABUtagEXCEPTION_VISUALCPP_DEBUG_INFO@@@Z 0040a1b8     MSVCRT:error.obj
 0003:00000008       $SG67725                   0040b008     vchat.obj
 0003:00000020       $SG67730                   0040b020     vchat.obj
 0003:00000038       $SG67744                   0040b038     vchat.obj
 0003:0000006c       $SG67747                   0040b06c     vchat.obj
 0003:0000008c       $SG67749                   0040b08c     vchat.obj
 0003:000000a8       $SG67763                   0040b0a8     vchat.obj
 0003:000000dc       $SG67767                   0040b0dc     vchat.obj
 0003:00000100       $SG67769                   0040b100     vchat.obj
 0003:00000120       $SG67788                   0040b120     vchat.obj
 0003:00000140       $SG67790                   0040b140     vchat.obj
 0003:0000015c       $SG67803                   0040b15c     vchat.obj
 0003:00000180       $SG67805                   0040b180     vchat.obj
 0003:000001a0       $SG67839                   0040b1a0     vchat.obj
 0003:000001c4       $SG67841                   0040b1c4     vchat.obj
 0003:000001e8       $SG67843                   0040b1e8     vchat.obj
 0003:00000208       $SG67845                   0040b208     vchat.obj
 0003:00000228       $SG67847                   0040b228     vchat.obj
 0003:00000248       $SG67848                   0040b248     vchat.obj
 0003:0000026c       $SG67851                   0040b26c     vchat.obj
 0003:0000028c       $SG67852                   0040b28c     vchat.obj
 0003:000002b8       $SG67854                   0040b2b8     vchat.obj
 0003:000002d4       $SG67855                   0040b2d4     vchat.obj
 0003:000002e0       $SG67856                   0040b2e0     vchat.obj
 0003:000002e4       $SG67857                   0040b2e4     vchat.obj
 0003:000002e8       $SG67865                   0040b2e8     vchat.obj
 0003:00000318       $SG67945                   0040b318     vchat.obj
 0003:0000034c       $SG67946                   0040b34c     vchat.obj
 0003:00000360       $SG67948                   0040b360     vchat.obj
 0003:00000380       $SG67953                   0040b380     vchat.obj
 0003:00000388       $SG67954                   0040b388     vchat.obj
 0003:000003b8       $SG67957                   0040b3b8     vchat.obj
 0003:000003c0       $SG67958                   0040b3c0     vchat.obj
 0003:000004bc       $SG67961                   0040b4bc     vchat.obj
 0003:000004c4       $SG67962                   0040b4c4     vchat.obj
 0003:000004d8       $SG67965                   0040b4d8     vchat.obj
 0003:000004e0       $SG67966                   0040b4e0     vchat.obj
 0003:000004fc       $SG67969                   0040b4fc     vchat.obj
 0003:00000504       $SG67970                   0040b504     vchat.obj
 0003:00000520       $SG67973                   0040b520     vchat.obj
 0003:00000528       $SG67974                   0040b528     vchat.obj
 0003:00000538       $SG67977                   0040b538     vchat.obj
 0003:00000540       $SG67979                   0040b540     vchat.obj
 0003:00000550       $SG67982                   0040b550     vchat.obj
 0003:00000558       $SG67983                   0040b558     vchat.obj
 0003:00000570       $SG67985                   0040b570     vchat.obj
 0003:00000574       $SG67987                   0040b574     vchat.obj
 0003:00000580       $SG67988                   0040b580     vchat.obj
 0003:00000588       $SG67989                   0040b588     vchat.obj
 0003:00000598       $SG67992                   0040b598     vchat.obj
 0003:000005a0       $SG67997                   0040b5a0     vchat.obj
 0003:000005a8       $SG68000                   0040b5a8     vchat.obj
 0003:000005b0       $SG68003                   0040b5b0     vchat.obj
 0003:000005b8       $SG68004                   0040b5b8     vchat.obj
 0003:000005c8       $SG68009                   0040b5c8     vchat.obj
 0003:000005d0       $SG68010                   0040b5d0     vchat.obj
 0003:000005e0       $SG68013                   0040b5e0     vchat.obj
 0003:000005e8       $SG68014                   0040b5e8     vchat.obj
 0003:000005fc       $SG68017                   0040b5fc     vchat.obj
 0003:00000604       $SG68018                   0040b604     vchat.obj
 0003:00000614       $SG68021                   0040b614     vchat.obj
 0003:0000061c       $SG68022                   0040b61c     vchat.obj
 0003:00000630       $SG68025                   0040b630     vchat.obj
 0003:00000638       $SG68029                   0040b638     vchat.obj
 0003:00000648       $SG68032                   0040b648     vchat.obj
 0003:00000650       $SG68033                   0040b650     vchat.obj
 0003:00000660       $SG68036                   0040b660     vchat.obj
 0003:00000668       $SG68037                   0040b668     vchat.obj
 0003:00000674       $SG68038                   0040b674     vchat.obj
 0003:0000068c       $SG68039                   0040b68c     vchat.obj
 0003:000006a0       $SG68041                   0040b6a0     vchat.obj
 0003:000006c0       $SG68044                   0040b6c0     vchat.obj
 0003:000006d8       $SG68046                   0040b6d8     vchat.obj
 0003:000006f8       $SG68060                   0040b6f8     vchat.obj
 0003:00000768       $SG68063                   0040b768     vchat.obj
 0003:00000770       $SG68068                   0040b770     vchat.obj
 0003:00000778       $SG68069                   0040b778     vchat.obj
 0003:00000780       $SG68070                   0040b780     vchat.obj
 0003:00000788       $SG68071                   0040b788     vchat.obj
 0003:000007b0       $SG68072                   0040b7b0     vchat.obj
 0003:00000854       $SG68074                   0040b854     vchat.obj
 0003:00000874       $SG68076                   0040b874     vchat.obj
 0003:00000be8       _clients                   0040bbe8     vchat.obj
 0003:00000d78       _end_flag                  0040bd78     vchat.obj
 0003:00000dce       ?init@?1??_RTC_InitBase@@9@4_NA 0040bdce     MSVCRT:init.obj
 0003:00000dd0       ?_RTC_ErrorReportFunc@@3P6AHHPBDH00ZZA 0040bdd0     MSVCRT:userapi.obj
 0003:00000dd4       ?_RTC_ErrorReportFuncW@@3P6AHHPB_WH00ZZA 0040bdd4     MSVCRT:userapi.obj
 0003:00000de4       ?is_initialized_as_dll@@3_NA 0040bde4     MSVCRT:utility.obj
 0003:00000de5       ?module_local_atexit_table_initialized@@3_NA 0040bde5     MSVCRT:utility.obj
 0003:00000de8       ?module_local_atexit_table@@3U_onexit_table_t@@A 0040bde8     MSVCRT:utility.obj
 0003:00000df4       ?module_local_at_quick_exit_table@@3U_onexit_table_t@@A 0040bdf4     MSVCRT:utility.obj
 0003:00000e4c       ?mspdb@@3PAUHINSTANCE__@@A 0040be4c     MSVCRT:pdblkup.obj
 0003:00000e50       ?alreadyTried@?1??GetPdbDll@@YAPAUHINSTANCE__@@XZ@4_NA 0040be50     MSVCRT:pdblkup.obj
 0003:00000e51       ?PDBOK@?1??_RTC_GetSrcLine@@YAHPAEPA_WKPAH1K@Z@4_NA 0040be51     MSVCRT:pdblkup.obj
 0003:00000e58       _GS_ExceptionRecord        0040be58     MSVCRT:gs_report.obj
 0003:00000ea8       _GS_ContextRecord          0040bea8     MSVCRT:gs_report.obj
 0004:00000852       .idata$6                   0040d852     libessfunc:Essfun.dll
 0004:00000916       .idata$6                   0040d916     kernel32:KERNEL32.dll
 0004:00000942       .idata$6                   0040d942     WS2_32:WS2_32.dll
 0004:00000a04       .idata$6                   0040da04     vcruntime:VCRUNTIME140.dll
 0004:00000ce8       .idata$6                   0040dce8     ucrt:api-ms-win-crt-string-l1-1-0.dll
 0004:00000d0a       .idata$6                   0040dd0a     ucrt:api-ms-win-crt-heap-l1-1-0.dll
 0004:00000d2a       .idata$6                   0040dd2a     ucrt:api-ms-win-crt-convert-l1-1-0.dll
 0004:00000d4c       .idata$6                   0040dd4c     ucrt:api-ms-win-crt-stdio-l1-1-0.dll
 0004:00000d6c       .idata$6                   0040dd6c     ucrt:api-ms-win-crt-runtime-l1-1-0.dll
 0004:00000d8e       .idata$6                   0040dd8e     ucrt:api-ms-win-crt-math-l1-1-0.dll
 0004:00000dae       .idata$6                   0040ddae     ucrt:api-ms-win-crt-locale-l1-1-0.dll
 0006:00000170       $R000000                   00410170     * linker generated manifest res *
