 VChat

 Timestamp is 666212ee (Thu Jun  6 15:50:06 2024)

 Preferred load address is 00400000

 Start         Length     Name                   Class
 0001:00000000 00006fbaH .text$mn                CODE
 0002:00000000 00000104H .CRT$XCA                DATA
 0002:00000104 00000104H .CRT$XCAA               DATA
 0002:00000208 00000104H .CRT$XCZ                DATA
 0002:0000030c 00000104H .CRT$XIA                DATA
 0002:00000410 00000104H .CRT$XIAA               DATA
 0002:00000514 00000104H .CRT$XIAC               DATA
 0002:00000618 00000104H .CRT$XIZ                DATA
 0002:0000071c 00000104H .CRT$XPA                DATA
 0002:00000820 00000104H .CRT$XPZ                DATA
 0002:00000924 00000104H .CRT$XTA                DATA
 0002:00000a28 00000108H .CRT$XTZ                DATA
 0002:00000b30 00000bd0H .rdata                  DATA
 0002:00001700 00000180H .rdata$CastGuardVftablesA DATA
 0002:00001880 0000014cH .rdata$CastGuardVftablesC DATA
 0002:000019cc 0000019cH .rdata$zzzdbg           DATA
 0002:00001b68 00000104H .rtc$IAA                DATA
 0002:00001c6c 00000104H .rtc$IMZ                DATA
 0002:00001d70 00000104H .rtc$IZZ                DATA
 0002:00001e74 00000104H .rtc$TAA                DATA
 0002:00001f78 00000104H .rtc$TMZ                DATA
 0002:0000207c 00000104H .rtc$TZZ                DATA
 0002:00002180 00000169H .xdata$x                DATA
 0002:000022e9 00000000H .edata                  DATA
 0003:00000000 00000c28H .data                   DATA
 0003:00000c28 00000668H .bss                    DATA
 0004:00000000 000003a8H .idata$5                DATA
 0004:000003a8 000000dcH .idata$2                DATA
 0004:00000484 00000014H .idata$3                DATA
 0004:00000498 000003a8H .idata$4                DATA
 0004:00000840 00000911H .idata$6                DATA
 0005:00000000 0000018cH .gfids                  DATA
 0005:0000018c 00000000H .gfids$y                DATA
 0006:00000000 00000109H .00cfg                  DATA
 0007:00000000 00000170H .rsrc$01                DATA
 0007:00000170 000002ccH .rsrc$02                DATA

  Address         Publics by Value              Rva+Base       Lib:Object

 0000:00000000       ___AbsoluteZero            00000000     <absolute>
 0000:00000000       ___arm64x_extra_rfe_table  00000000     <absolute>
 0000:00000000       ___arm64x_extra_rfe_table_size 00000000     <absolute>
 0000:00000000       ___arm64x_native_entrypoint 00000000     <absolute>
 0000:00000000       ___arm64x_redirection_metadata 00000000     <absolute>
 0000:00000000       ___arm64x_redirection_metadata_count 00000000     <absolute>
 0000:00000000       ___dynamic_value_reloc_table 00000000     <absolute>
 0000:00000000       ___enclave_config          00000000     <absolute>
 0000:00000000       ___guard_check_icall_a64n_fptr 00000000     <absolute>
 0000:00000000       ___guard_eh_cont_count     00000000     <absolute>
 0000:00000000       ___guard_eh_cont_table     00000000     <absolute>
 0000:00000000       ___guard_iat_count         00000000     <absolute>
 0000:00000000       ___guard_iat_table         00000000     <absolute>
 0000:00000000       ___guard_longjmp_count     00000000     <absolute>
 0000:00000000       ___guard_longjmp_table     00000000     <absolute>
 0000:00000000       ___hybrid_auxiliary_delayload_iat 00000000     <absolute>
 0000:00000000       ___hybrid_auxiliary_delayload_iat_copy 00000000     <absolute>
 0000:00000000       ___hybrid_auxiliary_iat    00000000     <absolute>
 0000:00000000       ___hybrid_auxiliary_iat_copy 00000000     <absolute>
 0000:00000000       ___hybrid_code_map         00000000     <absolute>
 0000:00000000       ___hybrid_code_map_count   00000000     <absolute>
 0000:00000000       ___hybrid_image_info_bitfield 00000000     <absolute>
 0000:00000000       ___safe_se_handler_count   00000000     <absolute>
 0000:00000000       ___safe_se_handler_table   00000000     <absolute>
 0000:00000000       ___volatile_metadata       00000000     <absolute>
 0000:00000000       ___x64_code_ranges_to_entry_points 00000000     <absolute>
 0000:00000000       ___x64_code_ranges_to_entry_points_count 00000000     <absolute>
 0000:00000010       ___guard_fids_count        00000010     <absolute>
 0000:00014500       ___guard_flags             00014500     <absolute>
 0000:00000000       ___ImageBase               00400000     <linker-defined>
 0001:000010d0       _ConnectionHandler@4       004020d0 f   vchat.obj
 0001:00001d00       _acceptHandler@4           00402d00 f   vchat.obj
 0001:000020f0       _queue_delete              004030f0 f   vchat.obj
 0001:00002210       _broadcast                 00403210 f   vchat.obj
 0001:00002320       _checkVacancy              00403320 f   vchat.obj
 0001:000023d0       _controlHandler@4          004033d0 f   vchat.obj
 0001:00002490       _Function1                 00403490 f   vchat.obj
 0001:000024b0       _Function2                 004034b0 f   vchat.obj
 0001:000024d0       _Function3                 004034d0 f   vchat.obj
 0001:000024f0       _Function4                 004034f0 f   vchat.obj
 0001:00002510       _Function5                 00403510 f   vchat.obj
 0001:00002550       _good_function             00403550 f   vchat.obj
 0001:00002580       _bad_function              00403580 f   vchat.obj
 0001:000025a0       _queue_add                 004035a0 f   vchat.obj
 0001:000026a0       _main                      004036a0 f   vchat.obj
 0001:00002f60       ___local_stdio_printf_options 00403f60 f i vchat.obj
 0001:00002f70       __vfprintf_l               00403f70 f i vchat.obj
 0001:00002fb0       __vsnprintf_l              00403fb0 f i vchat.obj
 0001:00003020       __vsprintf_l               00404020 f i vchat.obj
 0001:00003050       _fprintf                   00404050 f i vchat.obj
 0001:00003090       _printf                    00404090 f i vchat.obj
 0001:000030e0       _sprintf                   004040e0 f i vchat.obj
 0001:0000311f       _EssentialFunc1            0040411f f   libessfunc:Essfun.dll
 0001:00003125       _GetStdHandle@4            00404125 f   kernel32:KERNEL32.dll
 0001:0000312b       _CloseHandle@4             0040412b f   kernel32:KERNEL32.dll
 0001:00003131       _GetLastError@0            00404131 f   kernel32:KERNEL32.dll
 0001:00003137       _ReleaseMutex@4            00404137 f   kernel32:KERNEL32.dll
 0001:0000313d       _WaitForSingleObject@8     0040413d f   kernel32:KERNEL32.dll
 0001:00003143       _CreateMutexW@12           00404143 f   kernel32:KERNEL32.dll
 0001:00003149       _Sleep@4                   00404149 f   kernel32:KERNEL32.dll
 0001:0000314f       _CreateThread@24           0040414f f   kernel32:KERNEL32.dll
 0001:00003155       _GetConsoleMode@8          00404155 f   kernel32:KERNEL32.dll
 0001:0000315b       _SetConsoleMode@8          0040415b f   kernel32:KERNEL32.dll
 0001:00003161       _SetConsoleCtrlHandler@8   00404161 f   kernel32:KERNEL32.dll
 0001:00003167       _ReadNoFence               00404167 f i odbccp32:guard_support.obj
 0001:00003176       _ReadPointerNoFence        00404176 f i odbccp32:guard_support.obj
 0001:00003185       ___castguard_check_failure_debugbreak 00404185 f i odbccp32:guard_support.obj
 0001:000031a9       ___castguard_check_failure_fastfail 004041a9 f i odbccp32:guard_support.obj
 0001:000031d2       ___castguard_check_failure_nop 004041d2 f i odbccp32:guard_support.obj
 0001:000031d5       ___castguard_check_failure_os_handled 004041d5 f i odbccp32:guard_support.obj
 0001:0000324f       ___castguard_slow_path_check_debugbreak 0040424f f i odbccp32:guard_support.obj
 0001:00003289       ___castguard_slow_path_check_fastfail 00404289 f i odbccp32:guard_support.obj
 0001:000032c8       ___castguard_slow_path_check_nop 004042c8 f i odbccp32:guard_support.obj
 0001:000032cb       ___castguard_slow_path_check_os_handled 004042cb f i odbccp32:guard_support.obj
 0001:00003341       __guard_icall_checks_enforced 00404341 f i odbccp32:guard_support.obj
 0001:00003360       @_guard_check_icall_nop@4  00404360 f i odbccp32:guard_check.obj
 0001:00003363       _accept@12                 00404363 f   WS2_32:WS2_32.dll
 0001:00003369       _bind@12                   00404369 f   WS2_32:WS2_32.dll
 0001:0000336f       _closesocket@4             0040436f f   WS2_32:WS2_32.dll
 0001:00003375       _htons@4                   00404375 f   WS2_32:WS2_32.dll
 0001:0000337b       _inet_ntoa@4               0040437b f   WS2_32:WS2_32.dll
 0001:00003381       _listen@8                  00404381 f   WS2_32:WS2_32.dll
 0001:00003387       _recv@16                   00404387 f   WS2_32:WS2_32.dll
 0001:0000338d       _send@16                   0040438d f   WS2_32:WS2_32.dll
 0001:00003393       _socket@12                 00404393 f   WS2_32:WS2_32.dll
 0001:00003399       _WSAStartup@8              00404399 f   WS2_32:WS2_32.dll
 0001:0000339f       _WSACleanup@0              0040439f f   WS2_32:WS2_32.dll
 0001:000033a5       _WSAGetLastError@0         004043a5 f   WS2_32:WS2_32.dll
 0001:000033ab       _getaddrinfo@16            004043ab f   WS2_32:WS2_32.dll
 0001:000033b1       _freeaddrinfo@4            004043b1 f   WS2_32:WS2_32.dll
 0001:000033b7       __CRT_RTC_INIT             004043b7 f   MSVCRT:init.obj
 0001:000033ba       __CRT_RTC_INITW            004043ba f   MSVCRT:init.obj
 0001:000033c0       __RTC_InitBase             004043c0 f   MSVCRT:init.obj
 0001:000033e0       __RTC_Shutdown             004043e0 f   MSVCRT:init.obj
 0001:000036e4       ?configure_argv@__scrt_narrow_argv_policy@@SAHXZ 004046e4 f i MSVCRT:exe_main.obj
 0001:000036f4       ?initialize_environment@__scrt_narrow_environment_policy@@SAHXZ 004046f4 f i MSVCRT:exe_main.obj
 0001:00003726       ?set_app_type@__scrt_main_policy@@SAXXZ 00404726 f i MSVCRT:exe_main.obj
 0001:00003731       ?set_commode@__scrt_file_policy@@SAXXZ 00404731 f i MSVCRT:exe_main.obj
 0001:00003746       ?set_fmode@__scrt_file_policy@@SAXXZ 00404746 f i MSVCRT:exe_main.obj
 0001:00003760       _mainCRTStartup            00404760 f   MSVCRT:exe_main.obj
 0001:0000376c       ?_RTC_GetErrorFunc@@YAP6AHHPBDH00ZZPBX@Z 0040476c f   MSVCRT:userapi.obj
 0001:00003772       ?_RTC_GetErrorFuncW@@YAP6AHHPB_WH00ZZPBX@Z 00404772 f   MSVCRT:userapi.obj
 0001:00003778       __RTC_GetErrDesc           00404778 f   MSVCRT:userapi.obj
 0001:00003796       __RTC_NumErrors            00404796 f   MSVCRT:userapi.obj
 0001:0000379a       __RTC_SetErrorFunc         0040479a f   MSVCRT:userapi.obj
 0001:000037ba       __RTC_SetErrorFuncW        004047ba f   MSVCRT:userapi.obj
 0001:000037da       __RTC_SetErrorType         004047da f   MSVCRT:userapi.obj
 0001:00003899       _NtCurrentTeb              00404899 f i MSVCRT:utility.obj
 0001:000038a0       ___scrt_acquire_startup_lock 004048a0 f   MSVCRT:utility.obj
 0001:000038de       ___scrt_dllmain_after_initialize_c 004048de f   MSVCRT:utility.obj
 0001:00003913       ___scrt_dllmain_before_initialize_c 00404913 f   MSVCRT:utility.obj
 0001:00003924       ___scrt_dllmain_crt_thread_attach 00404924 f   MSVCRT:utility.obj
 0001:0000394a       ___scrt_dllmain_crt_thread_detach 0040494a f   MSVCRT:utility.obj
 0001:0000395a       ___scrt_dllmain_exception_filter 0040495a f   MSVCRT:utility.obj
 0001:0000399b       ___scrt_dllmain_uninitialize_c 0040499b f   MSVCRT:utility.obj
 0001:000039c6       ___scrt_dllmain_uninitialize_critical 004049c6 f   MSVCRT:utility.obj
 0001:000039d6       ___scrt_initialize_crt     004049d6 f   MSVCRT:utility.obj
 0001:00003a1d       ___scrt_initialize_onexit_tables 00404a1d f   MSVCRT:utility.obj
 0001:00003ac5       ___scrt_is_nonwritable_in_current_image 00404ac5 f   MSVCRT:utility.obj
 0001:00003b7e       ___scrt_release_startup_lock 00404b7e f   MSVCRT:utility.obj
 0001:00003ba2       ___scrt_uninitialize_crt   00404ba2 f   MSVCRT:utility.obj
 0001:00003bd4       __onexit                   00404bd4 f   MSVCRT:utility.obj
 0001:00003c0c       _at_quick_exit             00404c0c f   MSVCRT:utility.obj
 0001:00003c37       _atexit                    00404c37 f   MSVCRT:utility.obj
 0001:00003cb1       ___security_init_cookie    00404cb1 f   MSVCRT:gs_support.obj
 0001:00003d10       __matherr                  00404d10 f   MSVCRT:matherr.obj
 0001:00003d13       __get_startup_argv_mode    00404d13 f   MSVCRT:argv_mode.obj
 0001:00003d17       __get_startup_commit_mode  00404d17 f   MSVCRT:commit_mode.obj
 0001:00003d1a       __get_startup_file_mode    00404d1a f   MSVCRT:file_mode.obj
 0001:00003d20       __get_startup_new_mode     00404d20 f   MSVCRT:new_mode.obj
 0001:00003d23       __get_startup_thread_locale_mode 00404d23 f   MSVCRT:thread_locale.obj
 0001:00003d26       ?__scrt_initialize_type_info@@YAXXZ 00404d26 f   MSVCRT:tncleanup.obj
 0001:00003d35       ?__scrt_uninitialize_type_info@@YAXXZ 00404d35 f   MSVCRT:tncleanup.obj
 0001:00003d44       __should_initialize_environment 00404d44 f   MSVCRT:env_mode.obj
 0001:00003d47       __initialize_default_precision 00404d47 f   MSVCRT:default_precision.obj
 0001:00003d70       __initialize_invalid_parameter_handler 00404d70 f   MSVCRT:invalid_parameter_handler.obj
 0001:00003d73       __initialize_denormal_control 00404d73 f   MSVCRT:denormal_control.obj
 0001:00003d76       ___local_stdio_scanf_options 00404d76 f i MSVCRT:default_local_stdio_options.obj
 0001:00003d7c       ___scrt_initialize_default_local_stdio_options 00404d7c f   MSVCRT:default_local_stdio_options.obj
 0001:00003da0       ___scrt_is_user_matherr_present 00404da0 f   MSVCRT:matherr_detection.obj
 0001:00003daf       ___scrt_get_dyn_tls_init_callback 00404daf f   MSVCRT:dyn_tls_init.obj
 0001:00003db5       ___scrt_get_dyn_tls_dtor_callback 00404db5 f   MSVCRT:dyn_tls_dtor.obj
 0001:00003dbb       ___scrt_fastfail           00404dbb f   MSVCRT:utility_desktop.obj
 0001:00003f15       ___scrt_get_show_window_mode 00404f15 f   MSVCRT:utility_desktop.obj
 0001:00003f52       ___scrt_initialize_mta     00404f52 f   MSVCRT:utility_desktop.obj
 0001:00003f57       ___scrt_initialize_winrt   00404f57 f   MSVCRT:utility_desktop.obj
 0001:00003f5a       ___scrt_is_managed_app     00404f5a f   MSVCRT:utility_desktop.obj
 0001:00003fac       ___scrt_set_unhandled_exception_filter 00404fac f   MSVCRT:utility_desktop.obj
 0001:00003fbb       ___scrt_exe_initialize_mta 00404fbb f   MSVCRT:utility_desktop.obj
 0001:00003fbb       ___scrt_stub_for_initialize_mta 00404fbb f   MSVCRT:utility_desktop.obj
 0001:00003fc0       ___scrt_unhandled_exception_filter@4 00404fc0 f   MSVCRT:utility_desktop.obj
 0001:0000402b       __crt_debugger_hook        0040502b f   MSVCRT:utility_desktop.obj
 0001:00004035       __RTC_Initialize           00405035 f   MSVCRT:initsect.obj
 0001:00004070       __RTC_Terminate            00405070 f   MSVCRT:initsect.obj
 0001:000040b0       __SEH_prolog4              004050b0 f   MSVCRT:sehprolg4.obj
 0001:00004110       __SEH_epilog4              00405110 f   MSVCRT:sehprolg4.obj
 0001:00004130       __except_handler4          00405130 f   MSVCRT:chandler4gs.obj
 0001:000041f8       ?_RTC_AllocaFailure@@YAXPAXPAU_RTC_ALLOCA_NODE@@H@Z 004051f8 f   MSVCRT:error.obj
 0001:00004307       ?_RTC_Failure@@YAXPAXH@Z   00405307 f   MSVCRT:error.obj
 0001:00004352       ?_RTC_StackFailure@@YAXPAXPBD@Z 00405352 f   MSVCRT:error.obj
 0001:0000481c       __RTC_UninitUse            0040581c f   MSVCRT:error.obj
 0001:000048e2       __vsprintf_s_l             004058e2 f i MSVCRT:error.obj
 0001:0000491a       _sprintf_s                 0040591a f i MSVCRT:error.obj
 0001:0000493d       ___isa_available_init      0040593d f   MSVCRT:cpu_disp.obj
 0001:00004d35       ___scrt_is_ucrt_dll_in_use 00405d35 f   MSVCRT:ucrt_detection.obj
 0001:00004d50       @__security_check_cookie@4 00405d50 f   MSVCRT:secchk.obj
 0001:00004fe6       ?_RTC_GetSrcLine@@YAHPAEPA_WKPAH1K@Z 00405fe6 f   MSVCRT:pdblkup.obj
 0001:00005405       __except_handler4_noexcept 00406405 f   MSVCRT:chandler4_noexcept.obj
 0001:0000545c       ___raise_securityfailure   0040645c f   MSVCRT:gs_report.obj
 0001:0000548e       ___report_gsfailure        0040648e f   MSVCRT:gs_report.obj
 0001:000055c7       ___report_rangecheckfailure 004065c7 f   MSVCRT:gs_report.obj
 0001:000055d7       ___report_securityfailure  004065d7 f   MSVCRT:gs_report.obj
 0001:000056db       ___report_securityfailureEx 004066db f   MSVCRT:gs_report.obj
 0001:00005836       _memcpy                    00406836 f   vcruntime:VCRUNTIME140.dll
 0001:0000583c       _memset                    0040683c f   vcruntime:VCRUNTIME140.dll
 0001:00005842       ___std_type_info_destroy_list 00406842 f   vcruntime:VCRUNTIME140.dll
 0001:00005848       ___current_exception       00406848 f   vcruntime:VCRUNTIME140.dll
 0001:0000584e       ___current_exception_context 0040684e f   vcruntime:VCRUNTIME140.dll
 0001:00005854       __except_handler4_common   00406854 f   vcruntime:VCRUNTIME140.dll
 0001:0000585a       ___vcrt_GetModuleFileNameW 0040685a f   vcruntime:VCRUNTIME140.dll
 0001:00005860       ___vcrt_LoadLibraryExW     00406860 f   vcruntime:VCRUNTIME140.dll
 0001:00005866       _strcpy                    00406866 f   ucrt:api-ms-win-crt-string-l1-1-0.dll
 0001:0000586c       _strlen                    0040686c f   ucrt:api-ms-win-crt-string-l1-1-0.dll
 0001:00005872       _strncmp                   00406872 f   ucrt:api-ms-win-crt-string-l1-1-0.dll
 0001:00005878       _strncpy                   00406878 f   ucrt:api-ms-win-crt-string-l1-1-0.dll
 0001:0000587e       _free                      0040687e f   ucrt:api-ms-win-crt-heap-l1-1-0.dll
 0001:00005884       _malloc                    00406884 f   ucrt:api-ms-win-crt-heap-l1-1-0.dll
 0001:0000588a       _atoi                      0040688a f   ucrt:api-ms-win-crt-convert-l1-1-0.dll
 0001:00005890       _strtoul                   00406890 f   ucrt:api-ms-win-crt-convert-l1-1-0.dll
 0001:00005896       ___acrt_iob_func           00406896 f   ucrt:api-ms-win-crt-stdio-l1-1-0.dll
 0001:0000589c       _fflush                    0040689c f   ucrt:api-ms-win-crt-stdio-l1-1-0.dll
 0001:000058a2       ___stdio_common_vfprintf   004068a2 f   ucrt:api-ms-win-crt-stdio-l1-1-0.dll
 0001:000058a8       ___stdio_common_vsprintf   004068a8 f   ucrt:api-ms-win-crt-stdio-l1-1-0.dll
 0001:000058ae       __seh_filter_exe           004068ae f   ucrt:api-ms-win-crt-runtime-l1-1-0.dll
 0001:000058b4       __set_app_type             004068b4 f   ucrt:api-ms-win-crt-runtime-l1-1-0.dll
 0001:000058ba       ___setusermatherr          004068ba f   ucrt:api-ms-win-crt-math-l1-1-0.dll
 0001:000058c0       __configure_narrow_argv    004068c0 f   ucrt:api-ms-win-crt-runtime-l1-1-0.dll
 0001:000058c6       __initialize_narrow_environment 004068c6 f   ucrt:api-ms-win-crt-runtime-l1-1-0.dll
 0001:000058cc       __get_initial_narrow_environment 004068cc f   ucrt:api-ms-win-crt-runtime-l1-1-0.dll
 0001:000058d2       __initterm                 004068d2 f   ucrt:api-ms-win-crt-runtime-l1-1-0.dll
 0001:000058d8       __initterm_e               004068d8 f   ucrt:api-ms-win-crt-runtime-l1-1-0.dll
 0001:000058de       _exit                      004068de f   ucrt:api-ms-win-crt-runtime-l1-1-0.dll
 0001:000058e4       __exit                     004068e4 f   ucrt:api-ms-win-crt-runtime-l1-1-0.dll
 0001:000058ea       __set_fmode                004068ea f   ucrt:api-ms-win-crt-stdio-l1-1-0.dll
 0001:000058f0       ___p___argc                004068f0 f   ucrt:api-ms-win-crt-runtime-l1-1-0.dll
 0001:000058f6       ___p___argv                004068f6 f   ucrt:api-ms-win-crt-runtime-l1-1-0.dll
 0001:000058fc       __cexit                    004068fc f   ucrt:api-ms-win-crt-runtime-l1-1-0.dll
 0001:00005902       __c_exit                   00406902 f   ucrt:api-ms-win-crt-runtime-l1-1-0.dll
 0001:00005908       __register_thread_local_exe_atexit_callback 00406908 f   ucrt:api-ms-win-crt-runtime-l1-1-0.dll
 0001:0000590e       __configthreadlocale       0040690e f   ucrt:api-ms-win-crt-locale-l1-1-0.dll
 0001:00005914       __set_new_mode             00406914 f   ucrt:api-ms-win-crt-heap-l1-1-0.dll
 0001:0000591a       ___p__commode              0040691a f   ucrt:api-ms-win-crt-stdio-l1-1-0.dll
 0001:00005920       __seh_filter_dll           00406920 f   ucrt:api-ms-win-crt-runtime-l1-1-0.dll
 0001:00005926       __initialize_onexit_table  00406926 f   ucrt:api-ms-win-crt-runtime-l1-1-0.dll
 0001:0000592c       __register_onexit_function 0040692c f   ucrt:api-ms-win-crt-runtime-l1-1-0.dll
 0001:00005932       __execute_onexit_table     00406932 f   ucrt:api-ms-win-crt-runtime-l1-1-0.dll
 0001:00005938       __crt_atexit               00406938 f   ucrt:api-ms-win-crt-runtime-l1-1-0.dll
 0001:0000593e       __crt_at_quick_exit        0040693e f   ucrt:api-ms-win-crt-runtime-l1-1-0.dll
 0001:00005944       __controlfp_s              00406944 f   ucrt:api-ms-win-crt-runtime-l1-1-0.dll
 0001:0000594a       _terminate                 0040694a f   ucrt:api-ms-win-crt-runtime-l1-1-0.dll
 0001:00005950       _strcpy_s                  00406950 f   ucrt:api-ms-win-crt-string-l1-1-0.dll
 0001:00005956       _strcat_s                  00406956 f   ucrt:api-ms-win-crt-string-l1-1-0.dll
 0001:0000595c       ___stdio_common_vsprintf_s 0040695c f   ucrt:api-ms-win-crt-stdio-l1-1-0.dll
 0001:00005962       _QueryPerformanceCounter@4 00406962 f   kernel32:KERNEL32.dll
 0001:00005968       _GetCurrentProcessId@0     00406968 f   kernel32:KERNEL32.dll
 0001:0000596e       _GetCurrentThreadId@0      0040696e f   kernel32:KERNEL32.dll
 0001:00005974       _GetSystemTimeAsFileTime@4 00406974 f   kernel32:KERNEL32.dll
 0001:0000597a       _InitializeSListHead@4     0040697a f   kernel32:KERNEL32.dll
 0001:00005980       _IsDebuggerPresent@0       00406980 f   kernel32:KERNEL32.dll
 0001:00005986       _UnhandledExceptionFilter@4 00406986 f   kernel32:KERNEL32.dll
 0001:0000598c       _SetUnhandledExceptionFilter@4 0040698c f   kernel32:KERNEL32.dll
 0001:00005992       _GetStartupInfoW@4         00406992 f   kernel32:KERNEL32.dll
 0001:00005998       _IsProcessorFeaturePresent@4 00406998 f   kernel32:KERNEL32.dll
 0001:0000599e       _GetModuleHandleW@4        0040699e f   kernel32:KERNEL32.dll
 0001:000059a4       _RaiseException@16         004069a4 f   kernel32:KERNEL32.dll
 0001:000059aa       _MultiByteToWideChar@24    004069aa f   kernel32:KERNEL32.dll
 0001:000059b0       _WideCharToMultiByte@32    004069b0 f   kernel32:KERNEL32.dll
 0001:000059b6       _HeapAlloc@12              004069b6 f   kernel32:KERNEL32.dll
 0001:000059bc       _HeapFree@12               004069bc f   kernel32:KERNEL32.dll
 0001:000059c2       _GetProcessHeap@0          004069c2 f   kernel32:KERNEL32.dll
 0001:000059c8       _VirtualQuery@12           004069c8 f   kernel32:KERNEL32.dll
 0001:000059ce       _FreeLibrary@4             004069ce f   kernel32:KERNEL32.dll
 0001:000059d4       _GetProcAddress@8          004069d4 f   kernel32:KERNEL32.dll
 0001:000059da       _GetCurrentProcess@0       004069da f   kernel32:KERNEL32.dll
 0001:000059e0       _TerminateProcess@8        004069e0 f   kernel32:KERNEL32.dll
 0001:000059e6       ___acrt_initialize         004069e6 f   MSVCRT:ucrt_stubs.obj
 0001:000059e6       ___scrt_stub_for_acrt_initialize 004069e6 f   MSVCRT:ucrt_stubs.obj
 0001:000059e6       ___vcrt_initialize         004069e6 f   MSVCRT:ucrt_stubs.obj
 0001:000059e9       ___acrt_thread_attach      004069e9 f   MSVCRT:ucrt_stubs.obj
 0001:000059e9       ___scrt_stub_for_acrt_thread_attach 004069e9 f   MSVCRT:ucrt_stubs.obj
 0001:000059e9       ___vcrt_thread_attach      004069e9 f   MSVCRT:ucrt_stubs.obj
 0001:000059ec       ___acrt_thread_detach      004069ec f   MSVCRT:ucrt_stubs.obj
 0001:000059ec       ___scrt_stub_for_acrt_thread_detach 004069ec f   MSVCRT:ucrt_stubs.obj
 0001:000059ec       ___vcrt_thread_detach      004069ec f   MSVCRT:ucrt_stubs.obj
 0001:000059ef       ___acrt_uninitialize       004069ef f   MSVCRT:ucrt_stubs.obj
 0001:000059ef       ___scrt_stub_for_acrt_uninitialize 004069ef f   MSVCRT:ucrt_stubs.obj
 0001:000059ef       ___vcrt_uninitialize       004069ef f   MSVCRT:ucrt_stubs.obj
 0001:000059f2       ___acrt_uninitialize_critical 004069f2 f   MSVCRT:ucrt_stubs.obj
 0001:000059f2       ___scrt_stub_for_acrt_uninitialize_critical 004069f2 f   MSVCRT:ucrt_stubs.obj
 0001:000059f2       ___vcrt_uninitialize_critical 004069f2 f   MSVCRT:ucrt_stubs.obj
 0001:000059f5       ___scrt_stub_for_is_c_termination_complete 004069f5 f   MSVCRT:ucrt_stubs.obj
 0001:000059f5       __is_c_termination_complete 004069f5 f   MSVCRT:ucrt_stubs.obj
 0001:000059f8       __filter_x86_sse2_floating_point_exception 004069f8 f   MSVCRT:x86_exception_filter.obj
 0001:000059f8       __filter_x86_sse2_floating_point_exception_default 004069f8 f   MSVCRT:x86_exception_filter.obj
 0002:00000000       ___xc_a                    00408000     MSVCRT:initializers.obj
 0002:00000208       ___xc_z                    00408208     MSVCRT:initializers.obj
 0002:0000030c       ___xi_a                    0040830c     MSVCRT:initializers.obj
 0002:00000618       ___xi_z                    00408618     MSVCRT:initializers.obj
 0002:0000071c       ___xp_a                    0040871c     MSVCRT:initializers.obj
 0002:00000820       ___xp_z                    00408820     MSVCRT:initializers.obj
 0002:00000924       ___xt_a                    00408924     MSVCRT:initializers.obj
 0002:00000a28       ___xt_z                    00408a28     MSVCRT:initializers.obj
 0002:00000b48       ??_C@_0BJ@HEGAHDFO@Stack?5pointer?5corruption@ 00408b48     MSVCRT:userapi.obj
 0002:00000b68       ??_C@_0CK@FEGOIOPB@Cast?5to?5smaller?5type?5causing?5lo@ 00408b68     MSVCRT:userapi.obj
 0002:00000b9c       ??_C@_0BI@CIGMDCBH@Stack?5memory?5corruption@ 00408b9c     MSVCRT:userapi.obj
 0002:00000bb8       ??_C@_0CK@CNLNOEPB@Local?5variable?5used?5before?5init@ 00408bb8     MSVCRT:userapi.obj
 0002:00000bec       ??_C@_0BP@OGBCLIBO@Stack?5around?5_alloca?5corrupted@ 00408bec     MSVCRT:userapi.obj
 0002:00000cd0       ??_C@_0NN@JMPELKLB@The?5value?5of?5ESP?5was?5not?5proper@ 00408cd0     MSVCRT:error.obj
 0002:00000de0       ??_C@_0BBN@ELNNILBE@A?5cast?5to?5a?5smaller?5data?5type?5h@ 00408de0     MSVCRT:error.obj
 0002:00000f38       ??_C@_0BN@BPOGFMJL@Stack?5memory?5was?5corrupted?$AN?6@ 00408f38     MSVCRT:error.obj
 0002:00000f5c       ??_C@_0DG@DAJCDLPN@A?5local?5variable?5was?5used?5befor@ 00408f5c     MSVCRT:error.obj
 0002:00000f9c       ??_C@_0CM@JMIDGKLA@Stack?5memory?5around?5_alloca?5was@ 00408f9c     MSVCRT:error.obj
 0002:00000fd0       ??_C@_0BO@CHIONIOI@Unknown?5Runtime?5Check?5Error?$AN?6@ 00408fd0     MSVCRT:error.obj
 0002:00000ff8       ??_C@_1GM@CNOOJIHC@?$AAR?$AAu?$AAn?$AAt?$AAi?$AAm?$AAe?$AA?5?$AAC?$AAh?$AAe?$AAc?$AAk?$AA?5?$AAE@ 00408ff8     MSVCRT:error.obj
 0002:00001080       ??_C@_1EA@NFKNIFJP@?$AAR?$AAu?$AAn?$AA?9?$AAT?$AAi?$AAm?$AAe?$AA?5?$AAC?$AAh?$AAe?$AAc?$AAk?$AA?5@ 00409080     MSVCRT:error.obj
 0002:000010cc       ??_C@_0BB@PFFGGCJP@Unknown?5Filename@ 004090cc     MSVCRT:error.obj
 0002:000010e0       ??_C@_0BE@GNBOBNCK@Unknown?5Module?5Name@ 004090e0     MSVCRT:error.obj
 0002:000010f8       ??_C@_0CA@IODNCDPG@Run?9Time?5Check?5Failure?5?$CD?$CFd?5?9?5?$CFs@ 004090f8     MSVCRT:error.obj
 0002:00001120       ??_C@_0CG@IAFNJNEE@Stack?5corrupted?5near?5unknown?5va@ 00409120     MSVCRT:error.obj
 0002:00001150       ??_C@_05MKKEDADM@?$CF?42X?5@ 00409150     MSVCRT:error.obj
 0002:00001158       ??_C@_0EJ@LJKNEOLN@Stack?5area?5around?5_alloca?5memor@ 00409158     MSVCRT:error.obj
 0002:000011b0       ??_C@_01EEMJAFIK@?6@       004091b0     MSVCRT:error.obj
 0002:000011b4       ??_C@_02LLMPMKNF@?$DO?5@   004091b4     MSVCRT:error.obj
 0002:000011b8       ??_C@_08OMAHNMHJ@?6Data?3?5?$DM@ 004091b8     MSVCRT:error.obj
 0002:000011c4       ??_C@_0CK@DKGBICFE@?6Allocation?5number?5within?5this?5@ 004091c4     MSVCRT:error.obj
 0002:000011f8       ??_C@_07DFDJCKFN@?6Size?3?5@ 004091f8     MSVCRT:error.obj
 0002:00001204       ??_C@_0N@MHFFIMFG@?6Address?3?50x@ 00409204     MSVCRT:error.obj
 0002:00001218       ??_C@_0EI@CLEPFNGI@Stack?5area?5around?5_alloca?5memor@ 00409218     MSVCRT:error.obj
 0002:00001270       ??_C@_0BK@ODNDAGKB@?$CFs?$CFs?$CFp?$CFs?$CFzd?$CFs?$CFd?$CFs?$CFs?$CFs?$CFs?$CFs@ 00409270     MSVCRT:error.obj
 0002:00001290       ??_C@_0DE@OHJBPMBP@A?5variable?5is?5being?5used?5withou@ 00409290     MSVCRT:error.obj
 0002:000012f8       ??_C@_1EI@MLPKHBGE@?$AAa?$AAp?$AAi?$AA?9?$AAm?$AAs?$AA?9?$AAw?$AAi?$AAn?$AA?9?$AAc?$AAo?$AAr?$AAe@ 004092f8     MSVCRT:pdblkup.obj
 0002:00001350       ??_C@_1BK@JHLNAEJL@?$AAa?$AAd?$AAv?$AAa?$AAp?$AAi?$AA3?$AA2?$AA?4?$AAd?$AAl?$AAl@ 00409350     MSVCRT:pdblkup.obj
 0002:00001370       ??_C@_0O@COHOBMLB@RegOpenKeyExW@ 00409370     MSVCRT:pdblkup.obj
 0002:00001380       ??_C@_0BB@GLNAEDBD@RegQueryValueExW@ 00409380     MSVCRT:pdblkup.obj
 0002:00001394       ??_C@_0M@HLOHPNFA@RegCloseKey@ 00409394     MSVCRT:pdblkup.obj
 0002:000013a8       ??_C@_1HE@EBEAGLFB@?$AAS?$AAO?$AAF?$AAT?$AAW?$AAA?$AAR?$AAE?$AA?2?$AAW?$AAo?$AAw?$AA6?$AA4?$AA3@ 004093a8     MSVCRT:pdblkup.obj
 0002:00001434       ??_C@_1BG@EABPBLLF@?$AAP?$AAr?$AAo?$AAd?$AAu?$AAc?$AAt?$AAD?$AAi?$AAr@ 00409434     MSVCRT:pdblkup.obj
 0002:00001450       ??_C@_0BB@KCIACLNC@PDBOpenValidate5@ 00409450     MSVCRT:pdblkup.obj
 0002:00001464       ??_C@_01KDCPPGHE@r@        00409464     MSVCRT:pdblkup.obj
 0002:00001478       __load_config_used         00409478     MSVCRT:loadcfg.obj
 0002:00001700       ___CastGuardVftablesStart  00409700     odbccp32:guard_support.obj
 0002:00001880       ___CastGuardVftablesEnd    00409880     odbccp32:guard_support.obj
 0002:00001b68       ___rtc_iaa                 00409b68     MSVCRT:initsect.obj
 0002:00001d70       ___rtc_izz                 00409d70     MSVCRT:initsect.obj
 0002:00001e74       ___rtc_taa                 00409e74     MSVCRT:initsect.obj
 0002:0000207c       ___rtc_tzz                 0040a07c     MSVCRT:initsect.obj
 0003:00000000       _uid                       0040b000     vchat.obj
 0003:00000004       _ListenSocket              0040b004     vchat.obj
 0003:00000a60       ___scrt_native_dllmain_reason 0040ba60     MSVCRT:utility.obj
 0003:00000a64       ___scrt_default_matherr    0040ba64     MSVCRT:matherr.obj
 0003:00000a70       ?_RTC_ErrorLevels@@3PAHA   0040ba70     MSVCRT:error.obj
 0003:00000a88       ___isa_inverted            0040ba88     MSVCRT:cpu_disp.obj
 0003:00000a90       ___isa_enabled             0040ba90     MSVCRT:cpu_disp.obj
 0003:00000ac0       ___security_cookie         0040bac0     MSVCRT:gs_cookie.obj
 0003:00000b00       ___security_cookie_complement 0040bb00     MSVCRT:gs_cookie.obj
 0003:00000b14       ___scrt_ucrt_dll_is_in_use 0040bb14     MSVCRT:ucrt_stubs.obj
 0003:00000c28       _cli_count                 0040bc28     vchat.obj
 0003:00000c2c       _MITM                      0040bc2c     vchat.obj
 0003:00000dc4       _hInput                    0040bdc4     <common>
 0003:00000dc8       ?_OptionsStorage@?1??__local_stdio_printf_options@@9@9 0040bdc8     <common>
 0003:00000dd0       _prev_mode                 0040bdd0     <common>
 0003:00000dd4       _ghMutex                   0040bdd4     <common>
 0003:00000e24       ___scrt_current_native_startup_state 0040be24     MSVCRT:utility.obj
 0003:00000e28       ___scrt_native_startup_lock 0040be28     MSVCRT:utility.obj
 0003:00000e50       ?__type_info_root_node@@3U__type_info_node@@A 0040be50     MSVCRT:tncleanup.obj
 0003:00000e60       ?_OptionsStorage@?1??__local_stdio_printf_options@@9@4_KA 0040be60     MSVCRT:default_local_stdio_options.obj
 0003:00000e70       ?_OptionsStorage@?1??__local_stdio_scanf_options@@9@4_KA 0040be70     MSVCRT:default_local_stdio_options.obj
 0003:00000e7c       ___scrt_debugger_hook_flag 0040be7c     MSVCRT:utility_desktop.obj
 0003:00000e80       ___avx10_version           0040be80     MSVCRT:cpu_disp.obj
 0003:00000e84       ___isa_available           0040be84     MSVCRT:cpu_disp.obj
 0003:00000e88       ___favor                   0040be88     MSVCRT:cpu_disp.obj
 0003:00001278       ___dyn_tls_dtor_callback   0040c278     <common>
 0003:00001284       ___dyn_tls_init_callback   0040c284     <common>
 0004:00000000       __imp__EssentialFunc1      0040d000     libessfunc:Essfun.dll
 0004:00000004       \177Essfun_NULL_THUNK_DATA 0040d004     libessfunc:Essfun.dll
 0004:00000030       __imp__GetStdHandle@4      0040d030     kernel32:KERNEL32.dll
 0004:00000034       __imp__CloseHandle@4       0040d034     kernel32:KERNEL32.dll
 0004:00000038       __imp__GetLastError@0      0040d038     kernel32:KERNEL32.dll
 0004:0000003c       __imp__ReleaseMutex@4      0040d03c     kernel32:KERNEL32.dll
 0004:00000040       __imp__WaitForSingleObject@8 0040d040     kernel32:KERNEL32.dll
 0004:00000044       __imp__CreateMutexW@12     0040d044     kernel32:KERNEL32.dll
 0004:00000048       __imp__Sleep@4             0040d048     kernel32:KERNEL32.dll
 0004:0000004c       __imp__CreateThread@24     0040d04c     kernel32:KERNEL32.dll
 0004:00000050       __imp__GetConsoleMode@8    0040d050     kernel32:KERNEL32.dll
 0004:00000054       __imp__SetConsoleMode@8    0040d054     kernel32:KERNEL32.dll
 0004:00000058       __imp__SetConsoleCtrlHandler@8 0040d058     kernel32:KERNEL32.dll
 0004:0000005c       __imp__GetCurrentProcess@0 0040d05c     kernel32:KERNEL32.dll
 0004:00000060       __imp__GetProcAddress@8    0040d060     kernel32:KERNEL32.dll
 0004:00000064       __imp__FreeLibrary@4       0040d064     kernel32:KERNEL32.dll
 0004:00000068       __imp__VirtualQuery@12     0040d068     kernel32:KERNEL32.dll
 0004:0000006c       __imp__GetProcessHeap@0    0040d06c     kernel32:KERNEL32.dll
 0004:00000070       __imp__HeapFree@12         0040d070     kernel32:KERNEL32.dll
 0004:00000074       __imp__HeapAlloc@12        0040d074     kernel32:KERNEL32.dll
 0004:00000078       __imp__WideCharToMultiByte@32 0040d078     kernel32:KERNEL32.dll
 0004:0000007c       __imp__MultiByteToWideChar@24 0040d07c     kernel32:KERNEL32.dll
 0004:00000080       __imp__RaiseException@16   0040d080     kernel32:KERNEL32.dll
 0004:00000084       __imp__GetModuleHandleW@4  0040d084     kernel32:KERNEL32.dll
 0004:00000088       __imp__IsProcessorFeaturePresent@4 0040d088     kernel32:KERNEL32.dll
 0004:0000008c       __imp__GetStartupInfoW@4   0040d08c     kernel32:KERNEL32.dll
 0004:00000090       __imp__SetUnhandledExceptionFilter@4 0040d090     kernel32:KERNEL32.dll
 0004:00000094       __imp__UnhandledExceptionFilter@4 0040d094     kernel32:KERNEL32.dll
 0004:00000098       __imp__IsDebuggerPresent@0 0040d098     kernel32:KERNEL32.dll
 0004:0000009c       __imp__InitializeSListHead@4 0040d09c     kernel32:KERNEL32.dll
 0004:000000a0       __imp__GetSystemTimeAsFileTime@4 0040d0a0     kernel32:KERNEL32.dll
 0004:000000a4       __imp__GetCurrentThreadId@0 0040d0a4     kernel32:KERNEL32.dll
 0004:000000a8       __imp__GetCurrentProcessId@0 0040d0a8     kernel32:KERNEL32.dll
 0004:000000ac       __imp__QueryPerformanceCounter@4 0040d0ac     kernel32:KERNEL32.dll
 0004:000000b0       __imp__TerminateProcess@8  0040d0b0     kernel32:KERNEL32.dll
 0004:000000b4       \177KERNEL32_NULL_THUNK_DATA 0040d0b4     kernel32:KERNEL32.dll
 0004:000000f8       __imp__memset              0040d0f8     vcruntime:VCRUNTIME140.dll
 0004:000000fc       __imp____vcrt_LoadLibraryExW 0040d0fc     vcruntime:VCRUNTIME140.dll
 0004:00000100       __imp____vcrt_GetModuleFileNameW 0040d100     vcruntime:VCRUNTIME140.dll
 0004:00000104       __imp____std_type_info_destroy_list 0040d104     vcruntime:VCRUNTIME140.dll
 0004:00000108       __imp____current_exception 0040d108     vcruntime:VCRUNTIME140.dll
 0004:0000010c       __imp____current_exception_context 0040d10c     vcruntime:VCRUNTIME140.dll
 0004:00000110       __imp__memcpy              0040d110     vcruntime:VCRUNTIME140.dll
 0004:00000114       __imp___except_handler4_common 0040d114     vcruntime:VCRUNTIME140.dll
 0004:00000118       \177VCRUNTIME140_NULL_THUNK_DATA 0040d118     vcruntime:VCRUNTIME140.dll
 0004:00000148       __imp__htons@4             0040d148     WS2_32:WS2_32.dll
 0004:0000014c       __imp__inet_ntoa@4         0040d14c     WS2_32:WS2_32.dll
 0004:00000150       __imp__listen@8            0040d150     WS2_32:WS2_32.dll
 0004:00000154       __imp__recv@16             0040d154     WS2_32:WS2_32.dll
 0004:00000158       __imp__WSAStartup@8        0040d158     WS2_32:WS2_32.dll
 0004:0000015c       __imp__socket@12           0040d15c     WS2_32:WS2_32.dll
 0004:00000160       __imp__accept@12           0040d160     WS2_32:WS2_32.dll
 0004:00000164       __imp__bind@12             0040d164     WS2_32:WS2_32.dll
 0004:00000168       __imp__closesocket@4       0040d168     WS2_32:WS2_32.dll
 0004:0000016c       __imp__WSACleanup@0        0040d16c     WS2_32:WS2_32.dll
 0004:00000170       __imp__freeaddrinfo@4      0040d170     WS2_32:WS2_32.dll
 0004:00000174       __imp__getaddrinfo@16      0040d174     WS2_32:WS2_32.dll
 0004:00000178       __imp__WSAGetLastError@0   0040d178     WS2_32:WS2_32.dll
 0004:0000017c       __imp__send@16             0040d17c     WS2_32:WS2_32.dll
 0004:00000180       \177WS2_32_NULL_THUNK_DATA 0040d180     WS2_32:WS2_32.dll
 0004:000001b4       __imp__strtoul             0040d1b4     ucrt:api-ms-win-crt-convert-l1-1-0.dll
 0004:000001b8       __imp__atoi                0040d1b8     ucrt:api-ms-win-crt-convert-l1-1-0.dll
 0004:000001bc       \177api-ms-win-crt-convert-l1-1-0_NULL_THUNK_DATA 0040d1bc     ucrt:api-ms-win-crt-convert-l1-1-0.dll
 0004:000001e8       __imp__malloc              0040d1e8     ucrt:api-ms-win-crt-heap-l1-1-0.dll
 0004:000001ec       __imp__free                0040d1ec     ucrt:api-ms-win-crt-heap-l1-1-0.dll
 0004:000001f0       __imp___set_new_mode       0040d1f0     ucrt:api-ms-win-crt-heap-l1-1-0.dll
 0004:000001f4       \177api-ms-win-crt-heap-l1-1-0_NULL_THUNK_DATA 0040d1f4     ucrt:api-ms-win-crt-heap-l1-1-0.dll
 0004:00000220       __imp___configthreadlocale 0040d220     ucrt:api-ms-win-crt-locale-l1-1-0.dll
 0004:00000224       \177api-ms-win-crt-locale-l1-1-0_NULL_THUNK_DATA 0040d224     ucrt:api-ms-win-crt-locale-l1-1-0.dll
 0004:00000250       __imp____setusermatherr    0040d250     ucrt:api-ms-win-crt-math-l1-1-0.dll
 0004:00000254       \177api-ms-win-crt-math-l1-1-0_NULL_THUNK_DATA 0040d254     ucrt:api-ms-win-crt-math-l1-1-0.dll
 0004:00000280       __imp___register_onexit_function 0040d280     ucrt:api-ms-win-crt-runtime-l1-1-0.dll
 0004:00000284       __imp___execute_onexit_table 0040d284     ucrt:api-ms-win-crt-runtime-l1-1-0.dll
 0004:00000288       __imp___crt_atexit         0040d288     ucrt:api-ms-win-crt-runtime-l1-1-0.dll
 0004:0000028c       __imp___seh_filter_dll     0040d28c     ucrt:api-ms-win-crt-runtime-l1-1-0.dll
 0004:00000290       __imp___controlfp_s        0040d290     ucrt:api-ms-win-crt-runtime-l1-1-0.dll
 0004:00000294       __imp__terminate           0040d294     ucrt:api-ms-win-crt-runtime-l1-1-0.dll
 0004:00000298       __imp___exit               0040d298     ucrt:api-ms-win-crt-runtime-l1-1-0.dll
 0004:0000029c       __imp__exit                0040d29c     ucrt:api-ms-win-crt-runtime-l1-1-0.dll
 0004:000002a0       __imp___initterm_e         0040d2a0     ucrt:api-ms-win-crt-runtime-l1-1-0.dll
 0004:000002a4       __imp___initterm           0040d2a4     ucrt:api-ms-win-crt-runtime-l1-1-0.dll
 0004:000002a8       __imp____p___argc          0040d2a8     ucrt:api-ms-win-crt-runtime-l1-1-0.dll
 0004:000002ac       __imp___register_thread_local_exe_atexit_callback 0040d2ac     ucrt:api-ms-win-crt-runtime-l1-1-0.dll
 0004:000002b0       __imp___get_initial_narrow_environment 0040d2b0     ucrt:api-ms-win-crt-runtime-l1-1-0.dll
 0004:000002b4       __imp___c_exit             0040d2b4     ucrt:api-ms-win-crt-runtime-l1-1-0.dll
 0004:000002b8       __imp___initialize_onexit_table 0040d2b8     ucrt:api-ms-win-crt-runtime-l1-1-0.dll
 0004:000002bc       __imp___crt_at_quick_exit  0040d2bc     ucrt:api-ms-win-crt-runtime-l1-1-0.dll
 0004:000002c0       __imp___configure_narrow_argv 0040d2c0     ucrt:api-ms-win-crt-runtime-l1-1-0.dll
 0004:000002c4       __imp____p___argv          0040d2c4     ucrt:api-ms-win-crt-runtime-l1-1-0.dll
 0004:000002c8       __imp___set_app_type       0040d2c8     ucrt:api-ms-win-crt-runtime-l1-1-0.dll
 0004:000002cc       __imp___seh_filter_exe     0040d2cc     ucrt:api-ms-win-crt-runtime-l1-1-0.dll
 0004:000002d0       __imp___cexit              0040d2d0     ucrt:api-ms-win-crt-runtime-l1-1-0.dll
 0004:000002d4       __imp___initialize_narrow_environment 0040d2d4     ucrt:api-ms-win-crt-runtime-l1-1-0.dll
 0004:000002d8       \177api-ms-win-crt-runtime-l1-1-0_NULL_THUNK_DATA 0040d2d8     ucrt:api-ms-win-crt-runtime-l1-1-0.dll
 0004:00000314       __imp____stdio_common_vfprintf 0040d314     ucrt:api-ms-win-crt-stdio-l1-1-0.dll
 0004:00000318       __imp____stdio_common_vsprintf_s 0040d318     ucrt:api-ms-win-crt-stdio-l1-1-0.dll
 0004:0000031c       __imp____acrt_iob_func     0040d31c     ucrt:api-ms-win-crt-stdio-l1-1-0.dll
 0004:00000320       __imp__fflush              0040d320     ucrt:api-ms-win-crt-stdio-l1-1-0.dll
 0004:00000324       __imp____p__commode        0040d324     ucrt:api-ms-win-crt-stdio-l1-1-0.dll
 0004:00000328       __imp___set_fmode          0040d328     ucrt:api-ms-win-crt-stdio-l1-1-0.dll
 0004:0000032c       __imp____stdio_common_vsprintf 0040d32c     ucrt:api-ms-win-crt-stdio-l1-1-0.dll
 0004:00000330       \177api-ms-win-crt-stdio-l1-1-0_NULL_THUNK_DATA 0040d330     ucrt:api-ms-win-crt-stdio-l1-1-0.dll
 0004:00000360       __imp__strcat_s            0040d360     ucrt:api-ms-win-crt-string-l1-1-0.dll
 0004:00000364       __imp__strncpy             0040d364     ucrt:api-ms-win-crt-string-l1-1-0.dll
 0004:00000368       __imp__strncmp             0040d368     ucrt:api-ms-win-crt-string-l1-1-0.dll
 0004:0000036c       __imp__strlen              0040d36c     ucrt:api-ms-win-crt-string-l1-1-0.dll
 0004:00000370       __imp__strcpy              0040d370     ucrt:api-ms-win-crt-string-l1-1-0.dll
 0004:00000374       __imp__strcpy_s            0040d374     ucrt:api-ms-win-crt-string-l1-1-0.dll
 0004:00000378       \177api-ms-win-crt-string-l1-1-0_NULL_THUNK_DATA 0040d378     ucrt:api-ms-win-crt-string-l1-1-0.dll
 0004:000003a8       __IMPORT_DESCRIPTOR_Essfun 0040d3a8     libessfunc:Essfun.dll
 0004:000003bc       __IMPORT_DESCRIPTOR_KERNEL32 0040d3bc     kernel32:KERNEL32.dll
 0004:000003d0       __IMPORT_DESCRIPTOR_WS2_32 0040d3d0     WS2_32:WS2_32.dll
 0004:000003e4       __IMPORT_DESCRIPTOR_VCRUNTIME140 0040d3e4     vcruntime:VCRUNTIME140.dll
 0004:000003f8       __IMPORT_DESCRIPTOR_api-ms-win-crt-string-l1-1-0 0040d3f8     ucrt:api-ms-win-crt-string-l1-1-0.dll
 0004:0000040c       __IMPORT_DESCRIPTOR_api-ms-win-crt-heap-l1-1-0 0040d40c     ucrt:api-ms-win-crt-heap-l1-1-0.dll
 0004:00000420       __IMPORT_DESCRIPTOR_api-ms-win-crt-convert-l1-1-0 0040d420     ucrt:api-ms-win-crt-convert-l1-1-0.dll
 0004:00000434       __IMPORT_DESCRIPTOR_api-ms-win-crt-stdio-l1-1-0 0040d434     ucrt:api-ms-win-crt-stdio-l1-1-0.dll
 0004:00000448       __IMPORT_DESCRIPTOR_api-ms-win-crt-runtime-l1-1-0 0040d448     ucrt:api-ms-win-crt-runtime-l1-1-0.dll
 0004:0000045c       __IMPORT_DESCRIPTOR_api-ms-win-crt-math-l1-1-0 0040d45c     ucrt:api-ms-win-crt-math-l1-1-0.dll
 0004:00000470       __IMPORT_DESCRIPTOR_api-ms-win-crt-locale-l1-1-0 0040d470     ucrt:api-ms-win-crt-locale-l1-1-0.dll
 0004:00000484       __NULL_IMPORT_DESCRIPTOR   0040d484     libessfunc:Essfun.dll
 0005:00000000       ___guard_fids_table        0040f000     <linker-defined>
 0006:00000000       ___guard_check_icall_fptr  00410000     odbccp32:guard_support.obj
 0006:00000004       ___castguard_check_failure_os_handled_fptr 00410004     odbccp32:guard_support.obj

 entry point at        0001:00000040

 Static symbols

 0005:ffff1000       __guard_fids__             00400000     vchat.obj
 0005:ffff1000       __guard_fids__             00400000     vchat.obj
 0005:ffff1000       __guard_fids__acceptHandler@4 00400000     vchat.obj
 0000:fffee000       .debug$S                   00400000     ucrt:api-ms-win-crt-convert-l1-1-0.dll
 0000:fffee000       .debug$S                   00400000     ucrt:api-ms-win-crt-convert-l1-1-0.dll
 0000:fffee000       .debug$S                   00400000     ucrt:api-ms-win-crt-heap-l1-1-0.dll
 0000:fffee000       .debug$S                   00400000     ucrt:api-ms-win-crt-heap-l1-1-0.dll
 0000:fffee000       .debug$S                   00400000     ucrt:api-ms-win-crt-heap-l1-1-0.dll
 0000:fffee000       .debug$S                   00400000     ucrt:api-ms-win-crt-locale-l1-1-0.dll
 0000:fffee000       .debug$S                   00400000     ucrt:api-ms-win-crt-math-l1-1-0.dll
 0000:fffee000       .debug$S                   00400000     ucrt:api-ms-win-crt-runtime-l1-1-0.dll
 0000:fffee000       .debug$S                   00400000     ucrt:api-ms-win-crt-runtime-l1-1-0.dll
 0000:fffee000       .debug$S                   00400000     ucrt:api-ms-win-crt-runtime-l1-1-0.dll
 0000:fffee000       .debug$S                   00400000     ucrt:api-ms-win-crt-runtime-l1-1-0.dll
 0000:fffee000       .debug$S                   00400000     ucrt:api-ms-win-crt-runtime-l1-1-0.dll
 0000:fffee000       .debug$S                   00400000     ucrt:api-ms-win-crt-runtime-l1-1-0.dll
 0000:fffee000       .debug$S                   00400000     ucrt:api-ms-win-crt-runtime-l1-1-0.dll
 0000:fffee000       .debug$S                   00400000     ucrt:api-ms-win-crt-runtime-l1-1-0.dll
 0000:fffee000       .debug$S                   00400000     ucrt:api-ms-win-crt-runtime-l1-1-0.dll
 0000:fffee000       .debug$S                   00400000     ucrt:api-ms-win-crt-runtime-l1-1-0.dll
 0000:fffee000       .debug$S                   00400000     ucrt:api-ms-win-crt-runtime-l1-1-0.dll
 0000:fffee000       .debug$S                   00400000     ucrt:api-ms-win-crt-runtime-l1-1-0.dll
 0000:fffee000       .debug$S                   00400000     ucrt:api-ms-win-crt-runtime-l1-1-0.dll
 0000:fffee000       .debug$S                   00400000     ucrt:api-ms-win-crt-runtime-l1-1-0.dll
 0000:fffee000       .debug$S                   00400000     ucrt:api-ms-win-crt-runtime-l1-1-0.dll
 0000:fffee000       .debug$S                   00400000     ucrt:api-ms-win-crt-runtime-l1-1-0.dll
 0000:fffee000       .debug$S                   00400000     ucrt:api-ms-win-crt-runtime-l1-1-0.dll
 0000:fffee000       .debug$S                   00400000     ucrt:api-ms-win-crt-runtime-l1-1-0.dll
 0000:fffee000       .debug$S                   00400000     ucrt:api-ms-win-crt-runtime-l1-1-0.dll
 0000:fffee000       .debug$S                   00400000     ucrt:api-ms-win-crt-runtime-l1-1-0.dll
 0000:fffee000       .debug$S                   00400000     ucrt:api-ms-win-crt-runtime-l1-1-0.dll
 0000:fffee000       .debug$S                   00400000     ucrt:api-ms-win-crt-runtime-l1-1-0.dll
 0000:fffee000       .debug$S                   00400000     ucrt:api-ms-win-crt-stdio-l1-1-0.dll
 0000:fffee000       .debug$S                   00400000     ucrt:api-ms-win-crt-stdio-l1-1-0.dll
 0000:fffee000       .debug$S                   00400000     ucrt:api-ms-win-crt-stdio-l1-1-0.dll
 0000:fffee000       .debug$S                   00400000     ucrt:api-ms-win-crt-stdio-l1-1-0.dll
 0000:fffee000       .debug$S                   00400000     ucrt:api-ms-win-crt-stdio-l1-1-0.dll
 0000:fffee000       .debug$S                   00400000     ucrt:api-ms-win-crt-stdio-l1-1-0.dll
 0000:fffee000       .debug$S                   00400000     ucrt:api-ms-win-crt-stdio-l1-1-0.dll
 0000:fffee000       .debug$S                   00400000     ucrt:api-ms-win-crt-string-l1-1-0.dll
 0000:fffee000       .debug$S                   00400000     ucrt:api-ms-win-crt-string-l1-1-0.dll
 0000:fffee000       .debug$S                   00400000     ucrt:api-ms-win-crt-string-l1-1-0.dll
 0000:fffee000       .debug$S                   00400000     ucrt:api-ms-win-crt-string-l1-1-0.dll
 0000:fffee000       .debug$S                   00400000     ucrt:api-ms-win-crt-string-l1-1-0.dll
 0000:fffee000       .debug$S                   00400000     ucrt:api-ms-win-crt-string-l1-1-0.dll
 0000:fffee000       .debug$S                   00400000     WS2_32:WS2_32.dll
 0000:fffee000       .debug$S                   00400000     WS2_32:WS2_32.dll
 0000:fffee000       .debug$S                   00400000     WS2_32:WS2_32.dll
 0000:fffee000       .debug$S                   00400000     WS2_32:WS2_32.dll
 0000:fffee000       .debug$S                   00400000     WS2_32:WS2_32.dll
 0000:fffee000       .debug$S                   00400000     WS2_32:WS2_32.dll
 0000:fffee000       .debug$S                   00400000     WS2_32:WS2_32.dll
 0000:fffee000       .debug$S                   00400000     WS2_32:WS2_32.dll
 0000:fffee000       .debug$S                   00400000     WS2_32:WS2_32.dll
 0000:fffee000       .debug$S                   00400000     WS2_32:WS2_32.dll
 0000:fffee000       .debug$S                   00400000     WS2_32:WS2_32.dll
 0000:fffee000       .debug$S                   00400000     WS2_32:WS2_32.dll
 0000:fffee000       .debug$S                   00400000     WS2_32:WS2_32.dll
 0000:fffee000       .debug$S                   00400000     WS2_32:WS2_32.dll
 0000:fffee000       .debug$S                   00400000     kernel32:KERNEL32.dll
 0000:fffee000       .debug$S                   00400000     kernel32:KERNEL32.dll
 0000:fffee000       .debug$S                   00400000     kernel32:KERNEL32.dll
 0000:fffee000       .debug$S                   00400000     kernel32:KERNEL32.dll
 0000:fffee000       .debug$S                   00400000     kernel32:KERNEL32.dll
 0000:fffee000       .debug$S                   00400000     kernel32:KERNEL32.dll
 0000:fffee000       .debug$S                   00400000     kernel32:KERNEL32.dll
 0000:fffee000       .debug$S                   00400000     kernel32:KERNEL32.dll
 0000:fffee000       .debug$S                   00400000     kernel32:KERNEL32.dll
 0000:fffee000       .debug$S                   00400000     kernel32:KERNEL32.dll
 0000:fffee000       .debug$S                   00400000     kernel32:KERNEL32.dll
 0000:fffee000       .debug$S                   00400000     kernel32:KERNEL32.dll
 0000:fffee000       .debug$S                   00400000     kernel32:KERNEL32.dll
 0000:fffee000       .debug$S                   00400000     kernel32:KERNEL32.dll
 0000:fffee000       .debug$S                   00400000     kernel32:KERNEL32.dll
 0000:fffee000       .debug$S                   00400000     kernel32:KERNEL32.dll
 0000:fffee000       .debug$S                   00400000     kernel32:KERNEL32.dll
 0000:fffee000       .debug$S                   00400000     kernel32:KERNEL32.dll
 0000:fffee000       .debug$S                   00400000     kernel32:KERNEL32.dll
 0000:fffee000       .debug$S                   00400000     kernel32:KERNEL32.dll
 0000:fffee000       .debug$S                   00400000     kernel32:KERNEL32.dll
 0000:fffee000       .debug$S                   00400000     kernel32:KERNEL32.dll
 0000:fffee000       .debug$S                   00400000     kernel32:KERNEL32.dll
 0000:fffee000       .debug$S                   00400000     kernel32:KERNEL32.dll
 0000:fffee000       .debug$S                   00400000     kernel32:KERNEL32.dll
 0000:fffee000       .debug$S                   00400000     kernel32:KERNEL32.dll
 0000:fffee000       .debug$S                   00400000     kernel32:KERNEL32.dll
 0000:fffee000       .debug$S                   00400000     kernel32:KERNEL32.dll
 0000:fffee000       .debug$S                   00400000     kernel32:KERNEL32.dll
 0000:fffee000       .debug$S                   00400000     kernel32:KERNEL32.dll
 0000:fffee000       .debug$S                   00400000     kernel32:KERNEL32.dll
 0000:fffee000       .debug$S                   00400000     kernel32:KERNEL32.dll
 0000:fffee000       .debug$S                   00400000     kernel32:KERNEL32.dll
 0005:ffff1000       __guard_fids__             00400000     odbccp32:guard_support.obj
 0005:ffff1000       __guard_fids___guard_icall_checks_enforced 00400000     odbccp32:guard_support.obj
 0000:00000000       _volmd                     00400000     odbccp32:guard_support.obj
 0000:00000000       _volmd                     00400000     odbccp32:guard_support.obj
 0000:00000000       _volmd                     00400000     odbccp32:guard_support.obj
 0000:00000000       _volmd                     00400000     odbccp32:guard_support.obj
 0000:00000000       _volmd                     00400000     odbccp32:guard_support.obj
 0000:00000000       _volmd                     00400000     odbccp32:guard_support.obj
 0005:ffff1000       __guard_fids___except_handler4 00400000     MSVCRT:chandler4gs.obj
 0000:00000000       _volmd                     00400000     MSVCRT:cpu_disp.obj
 0005:ffff1000       __guard_fids_?pre_c_initialization@@YAHXZ 00400000     MSVCRT:exe_main.obj
 0005:ffff1000       __guard_fids__             00400000     MSVCRT:exe_main.obj
 0000:00000000       _volmd                     00400000     MSVCRT:gs_report.obj
 0005:ffff1000       __guard_fids____scrt_set_unhandled_exception_filter 00400000     MSVCRT:utility_desktop.obj
 0000:fffee000       .debug$S                   00400000     vcruntime:VCRUNTIME140.dll
 0000:fffee000       .debug$S                   00400000     vcruntime:VCRUNTIME140.dll
 0000:fffee000       .debug$S                   00400000     vcruntime:VCRUNTIME140.dll
 0000:fffee000       .debug$S                   00400000     vcruntime:VCRUNTIME140.dll
 0000:fffee000       .debug$S                   00400000     vcruntime:VCRUNTIME140.dll
 0000:fffee000       .debug$S                   00400000     vcruntime:VCRUNTIME140.dll
 0000:fffee000       .debug$S                   00400000     vcruntime:VCRUNTIME140.dll
 0000:fffee000       .debug$S                   00400000     vcruntime:VCRUNTIME140.dll
 0000:fffee000       .debug$S                   00400000     libessfunc:Essfun.dll
 0005:ffff1004       __guard_fids__Function5    00400004     vchat.obj
 0005:ffff1004       __guard_fids__             00400004     MSVCRT:exe_main.obj
 0005:ffff1008       __guard_fids__main         00400008     vchat.obj
 0005:ffff1008       __guard_fids__             00400008     MSVCRT:exe_main.obj
 0001:0000320d       ___castguard_check_failure_os_handled_wrapper 0040420d f   odbccp32:guard_support.obj
 0001:0000322b       ___castguard_compat_check  0040422b f   odbccp32:guard_support.obj
 0001:0000331e       ___castguard_slow_path_compat_check 0040431e f   odbccp32:guard_support.obj
 0001:000033f0       ?pre_c_initialization@@YAHXZ 004043f0 f   MSVCRT:exe_main.obj
 0001:000034d0       ?post_pgo_initialization@@YAHXZ 004044d0 f   MSVCRT:exe_main.obj
 0001:000034e0       ?pre_cpp_initialization@@YAXXZ 004044e0 f   MSVCRT:exe_main.obj
 0001:000034f6       ?__scrt_common_main@@YAHXZ 004044f6 f   MSVCRT:exe_main.obj
 0001:00003502       ?__scrt_common_main_seh@@YAHXZ 00404502 f   MSVCRT:exe_main.obj
 0001:000036f9       ?invoke_main@@YAHXZ        004046f9 f   MSVCRT:exe_main.obj
 0001:00003805       ?find_pe_section@@YAPAU_IMAGE_SECTION_HEADER@@QAEI@Z 00404805 f   MSVCRT:utility.obj
 0001:0000385a       ?is_potentially_valid_image_base@@YA_NQAX@Z 0040485a f   MSVCRT:utility.obj
 0001:00003c51       ___get_entropy             00404c51 f   MSVCRT:gs_support.obj
 0001:000040b0       $$000000                   004050b0     MSVCRT:sehprolg4.obj
 0001:00004110       $$000000                   00405110     MSVCRT:sehprolg4.obj
 0001:0000416a       ?DebuggerProbe@@YA_NK@Z    0040516a f   MSVCRT:error.obj
 0001:000041a6       ?DebuggerRuntime@@YA_NKHPAXPB_W@Z 004051a6 f   MSVCRT:error.obj
 0001:00004421       ?_getMemBlockDataString@@YAXPAD0PBDI@Z 00405421 f   MSVCRT:error.obj
 0001:000044a0       ?_strlen_priv@@YAIPBD@Z    004054a0 f   MSVCRT:error.obj
 0001:000044b7       ?failwithmessage@@YAXPAXHHPBD@Z 004054b7 f   MSVCRT:error.obj
 0001:000047b7       ?notify_debugger@@YAXABUtagEXCEPTION_VISUALCPP_DEBUG_INFO@@@Z 004057b7 f   MSVCRT:error.obj
 0001:00004d61       ?GetPdbDll@@YAPAUHINSTANCE__@@XZ 00405d61 f   MSVCRT:pdblkup.obj
 0001:00004d7f       ?GetPdbDllFromInstallPath@@YAPAUHINSTANCE__@@XZ 00405d7f f   MSVCRT:pdblkup.obj
 0002:00000104       ?pre_cpp_initializer@@3P6AXXZA 00408104     MSVCRT:exe_main.obj
 0002:00000410       ?pre_c_initializer@@3P6AHXZA 00408410     MSVCRT:exe_main.obj
 0002:00000514       ?post_pgo_initializer@@3P6AHXZA 00408514     MSVCRT:exe_main.obj
 0002:00000b30       ?_RTC_errlist@@3QBQBDB     00408b30     MSVCRT:userapi.obj
 0002:00000c14       ?_RTC_ErrorMessages@@3QBQBDB 00408c14     MSVCRT:error.obj
 0002:00000c2c       ?_RTC_NoFalsePositives@@3QBHB 00408c2c     MSVCRT:error.obj
 0002:00000c44       ?stack_premsg@@3QBDB       00408c44     MSVCRT:error.obj
 0002:00000c60       ?stack_postmsg@@3QBDB      00408c60     MSVCRT:error.obj
 0002:00000c74       ?uninit_premsg@@3QBDB      00408c74     MSVCRT:error.obj
 0002:00000c84       ?uninit_postmsg@@3QBDB     00408c84     MSVCRT:error.obj
 0002:000012d0       ?mspdbName@@3QB_WB         004092d0     MSVCRT:pdblkup.obj
 0002:00001468       _GS_ExceptionPointers      00409468     MSVCRT:gs_report.obj
 0002:00001c6c       __RTC_InitBase.rtc$IMZ     00409c6c     vchat.obj
 0002:00001f78       __RTC_Shutdown.rtc$TMZ     00409f78     vchat.obj
 0002:00002180       __sehtable$?__scrt_common_main_seh@@YAHXZ 0040a180     MSVCRT:exe_main.obj
 0002:000021a0       __sehtable$___scrt_is_nonwritable_in_current_image 0040a1a0     MSVCRT:utility.obj
 0002:000021c0       __sehtable$?notify_debugger@@YAXABUtagEXCEPTION_VISUALCPP_DEBUG_INFO@@@Z 0040a1c0     MSVCRT:error.obj
 0003:00000008       $SG67729                   0040b008     vchat.obj
 0003:00000020       $SG67730                   0040b020     vchat.obj
 0003:00000038       $SG67735                   0040b038     vchat.obj
 0003:00000050       $SG67749                   0040b050     vchat.obj
 0003:00000084       $SG67752                   0040b084     vchat.obj
 0003:000000a4       $SG67754                   0040b0a4     vchat.obj
 0003:000000c0       $SG67768                   0040b0c0     vchat.obj
 0003:000000f4       $SG67772                   0040b0f4     vchat.obj
 0003:00000118       $SG67774                   0040b118     vchat.obj
 0003:00000138       $SG67793                   0040b138     vchat.obj
 0003:00000158       $SG67795                   0040b158     vchat.obj
 0003:00000174       $SG67808                   0040b174     vchat.obj
 0003:00000198       $SG67810                   0040b198     vchat.obj
 0003:000001b8       $SG67844                   0040b1b8     vchat.obj
 0003:000001dc       $SG67846                   0040b1dc     vchat.obj
 0003:00000200       $SG67848                   0040b200     vchat.obj
 0003:00000220       $SG67850                   0040b220     vchat.obj
 0003:00000240       $SG67852                   0040b240     vchat.obj
 0003:00000260       $SG67853                   0040b260     vchat.obj
 0003:00000284       $SG67856                   0040b284     vchat.obj
 0003:000002a4       $SG67857                   0040b2a4     vchat.obj
 0003:000002d0       $SG67859                   0040b2d0     vchat.obj
 0003:000002ec       $SG67860                   0040b2ec     vchat.obj
 0003:000002f8       $SG67861                   0040b2f8     vchat.obj
 0003:000002fc       $SG67862                   0040b2fc     vchat.obj
 0003:00000300       $SG67870                   0040b300     vchat.obj
 0003:00000330       $SG67949                   0040b330     vchat.obj
 0003:00000364       $SG67950                   0040b364     vchat.obj
 0003:00000378       $SG67952                   0040b378     vchat.obj
 0003:00000398       $SG67957                   0040b398     vchat.obj
 0003:000003a0       $SG67958                   0040b3a0     vchat.obj
 0003:000003d0       $SG67961                   0040b3d0     vchat.obj
 0003:000003d8       $SG67962                   0040b3d8     vchat.obj
 0003:000004d4       $SG67965                   0040b4d4     vchat.obj
 0003:000004dc       $SG67966                   0040b4dc     vchat.obj
 0003:000004f0       $SG67969                   0040b4f0     vchat.obj
 0003:000004f8       $SG67970                   0040b4f8     vchat.obj
 0003:00000514       $SG67973                   0040b514     vchat.obj
 0003:0000051c       $SG67974                   0040b51c     vchat.obj
 0003:00000538       $SG67977                   0040b538     vchat.obj
 0003:00000540       $SG67978                   0040b540     vchat.obj
 0003:00000550       $SG67981                   0040b550     vchat.obj
 0003:00000558       $SG67983                   0040b558     vchat.obj
 0003:00000568       $SG67986                   0040b568     vchat.obj
 0003:00000570       $SG67987                   0040b570     vchat.obj
 0003:00000588       $SG67989                   0040b588     vchat.obj
 0003:0000058c       $SG67991                   0040b58c     vchat.obj
 0003:00000598       $SG67992                   0040b598     vchat.obj
 0003:000005a0       $SG67993                   0040b5a0     vchat.obj
 0003:000005b0       $SG67996                   0040b5b0     vchat.obj
 0003:000005b8       $SG68001                   0040b5b8     vchat.obj
 0003:000005c0       $SG68004                   0040b5c0     vchat.obj
 0003:000005c8       $SG68007                   0040b5c8     vchat.obj
 0003:000005d0       $SG68008                   0040b5d0     vchat.obj
 0003:000005e0       $SG68013                   0040b5e0     vchat.obj
 0003:000005e8       $SG68014                   0040b5e8     vchat.obj
 0003:000005f8       $SG68017                   0040b5f8     vchat.obj
 0003:00000600       $SG68018                   0040b600     vchat.obj
 0003:00000614       $SG68021                   0040b614     vchat.obj
 0003:0000061c       $SG68022                   0040b61c     vchat.obj
 0003:0000062c       $SG68025                   0040b62c     vchat.obj
 0003:00000634       $SG68026                   0040b634     vchat.obj
 0003:00000648       $SG68029                   0040b648     vchat.obj
 0003:00000650       $SG68033                   0040b650     vchat.obj
 0003:00000660       $SG68036                   0040b660     vchat.obj
 0003:00000668       $SG68037                   0040b668     vchat.obj
 0003:00000678       $SG68040                   0040b678     vchat.obj
 0003:00000680       $SG68041                   0040b680     vchat.obj
 0003:0000068c       $SG68042                   0040b68c     vchat.obj
 0003:000006a4       $SG68043                   0040b6a4     vchat.obj
 0003:000006b8       $SG68045                   0040b6b8     vchat.obj
 0003:000006d8       $SG68048                   0040b6d8     vchat.obj
 0003:000006f0       $SG68050                   0040b6f0     vchat.obj
 0003:00000710       $SG68064                   0040b710     vchat.obj
 0003:00000780       $SG68067                   0040b780     vchat.obj
 0003:00000788       $SG68072                   0040b788     vchat.obj
 0003:00000790       $SG68073                   0040b790     vchat.obj
 0003:00000798       $SG68074                   0040b798     vchat.obj
 0003:000007a0       $SG68075                   0040b7a0     vchat.obj
 0003:000007c8       $SG68076                   0040b7c8     vchat.obj
 0003:0000086c       $SG68078                   0040b86c     vchat.obj
 0003:0000088c       $SG68080                   0040b88c     vchat.obj
 0003:00000c30       _clients                   0040bc30     vchat.obj
 0003:00000dc0       _end_flag                  0040bdc0     vchat.obj
 0003:00000e16       ?init@?1??_RTC_InitBase@@9@4_NA 0040be16     MSVCRT:init.obj
 0003:00000e18       ?_RTC_ErrorReportFunc@@3P6AHHPBDH00ZZA 0040be18     MSVCRT:userapi.obj
 0003:00000e1c       ?_RTC_ErrorReportFuncW@@3P6AHHPB_WH00ZZA 0040be1c     MSVCRT:userapi.obj
 0003:00000e2c       ?is_initialized_as_dll@@3_NA 0040be2c     MSVCRT:utility.obj
 0003:00000e2d       ?module_local_atexit_table_initialized@@3_NA 0040be2d     MSVCRT:utility.obj
 0003:00000e30       ?module_local_atexit_table@@3U_onexit_table_t@@A 0040be30     MSVCRT:utility.obj
 0003:00000e3c       ?module_local_at_quick_exit_table@@3U_onexit_table_t@@A 0040be3c     MSVCRT:utility.obj
 0003:00000e90       ?mspdb@@3PAUHINSTANCE__@@A 0040be90     MSVCRT:pdblkup.obj
 0003:00000e94       ?alreadyTried@?1??GetPdbDll@@YAPAUHINSTANCE__@@XZ@4_NA 0040be94     MSVCRT:pdblkup.obj
 0003:00000e95       ?PDBOK@?1??_RTC_GetSrcLine@@YAHPAEPA_WKPAH1K@Z@4_NA 0040be95     MSVCRT:pdblkup.obj
 0003:00000e98       _GS_ExceptionRecord        0040be98     MSVCRT:gs_report.obj
 0003:00000ee8       _GS_ContextRecord          0040bee8     MSVCRT:gs_report.obj
 0004:00000852       .idata$6                   0040d852     libessfunc:Essfun.dll
 0004:00000916       .idata$6                   0040d916     kernel32:KERNEL32.dll
 0004:00000942       .idata$6                   0040d942     WS2_32:WS2_32.dll
 0004:00000a04       .idata$6                   0040da04     vcruntime:VCRUNTIME140.dll
 0004:00000ce8       .idata$6                   0040dce8     ucrt:api-ms-win-crt-string-l1-1-0.dll
 0004:00000d0a       .idata$6                   0040dd0a     ucrt:api-ms-win-crt-heap-l1-1-0.dll
 0004:00000d2a       .idata$6                   0040dd2a     ucrt:api-ms-win-crt-convert-l1-1-0.dll
 0004:00000d4c       .idata$6                   0040dd4c     ucrt:api-ms-win-crt-stdio-l1-1-0.dll
 0004:00000d6c       .idata$6                   0040dd6c     ucrt:api-ms-win-crt-runtime-l1-1-0.dll
 0004:00000d8e       .idata$6                   0040dd8e     ucrt:api-ms-win-crt-math-l1-1-0.dll
 0004:00000dae       .idata$6                   0040ddae     ucrt:api-ms-win-crt-locale-l1-1-0.dll
 0007:00000170       $R000000                   00411170     * linker generated manifest res *
