 VChat

 Timestamp is 66992f09 (Thu Jul 18 11:04:41 2024)

 Preferred load address is 00400000

 Start         Length     Name                   Class
 0001:00000000 000079c9H .text$mn                CODE
 0002:00000000 00000104H .CRT$XCA                DATA
 0002:00000104 00000104H .CRT$XCAA               DATA
 0002:00000208 00000104H .CRT$XCZ                DATA
 0002:0000030c 00000104H .CRT$XIA                DATA
 0002:00000410 00000104H .CRT$XIAA               DATA
 0002:00000514 00000104H .CRT$XIAC               DATA
 0002:00000618 00000104H .CRT$XIZ                DATA
 0002:0000071c 00000104H .CRT$XPA                DATA
 0002:00000820 00000104H .CRT$XPZ                DATA
 0002:00000924 00000104H .CRT$XTA                DATA
 0002:00000a28 00000108H .CRT$XTZ                DATA
 0002:00000b30 00000bd0H .rdata                  DATA
 0002:00001700 00000180H .rdata$CastGuardVftablesA DATA
 0002:00001880 0000014cH .rdata$CastGuardVftablesC DATA
 0002:000019cc 0000019cH .rdata$zzzdbg           DATA
 0002:00001b68 00000104H .rtc$IAA                DATA
 0002:00001c6c 00000104H .rtc$IMZ                DATA
 0002:00001d70 00000104H .rtc$IZZ                DATA
 0002:00001e74 00000104H .rtc$TAA                DATA
 0002:00001f78 00000104H .rtc$TMZ                DATA
 0002:0000207c 00000104H .rtc$TZZ                DATA
 0002:00002180 00000169H .xdata$x                DATA
 0002:000022e9 00000000H .edata                  DATA
 0003:00000000 00000eb0H .data                   DATA
 0003:00000eb0 00000668H .bss                    DATA
 0004:00000000 000003e0H .idata$5                DATA
 0004:000003e0 000000f0H .idata$2                DATA
 0004:000004d0 00000014H .idata$3                DATA
 0004:000004e4 000003e0H .idata$4                DATA
 0004:000008c4 0000092cH .idata$6                DATA
 0005:00000000 00000190H .gfids                  DATA
 0005:00000190 00000000H .gfids$y                DATA
 0006:00000000 00000109H .00cfg                  DATA
 0007:00000000 00000170H .rsrc$01                DATA
 0007:00000170 000002ccH .rsrc$02                DATA

  Address         Publics by Value              Rva+Base       Lib:Object

 0000:00000000       ___AbsoluteZero            00000000     <absolute>
 0000:00000000       ___arm64x_extra_rfe_table  00000000     <absolute>
 0000:00000000       ___arm64x_extra_rfe_table_size 00000000     <absolute>
 0000:00000000       ___arm64x_native_entrypoint 00000000     <absolute>
 0000:00000000       ___arm64x_redirection_metadata 00000000     <absolute>
 0000:00000000       ___arm64x_redirection_metadata_count 00000000     <absolute>
 0000:00000000       ___dynamic_value_reloc_table 00000000     <absolute>
 0000:00000000       ___enclave_config          00000000     <absolute>
 0000:00000000       ___guard_check_icall_a64n_fptr 00000000     <absolute>
 0000:00000000       ___guard_eh_cont_count     00000000     <absolute>
 0000:00000000       ___guard_eh_cont_table     00000000     <absolute>
 0000:00000000       ___guard_iat_count         00000000     <absolute>
 0000:00000000       ___guard_iat_table         00000000     <absolute>
 0000:00000000       ___guard_longjmp_count     00000000     <absolute>
 0000:00000000       ___guard_longjmp_table     00000000     <absolute>
 0000:00000000       ___hybrid_auxiliary_delayload_iat 00000000     <absolute>
 0000:00000000       ___hybrid_auxiliary_delayload_iat_copy 00000000     <absolute>
 0000:00000000       ___hybrid_auxiliary_iat    00000000     <absolute>
 0000:00000000       ___hybrid_auxiliary_iat_copy 00000000     <absolute>
 0000:00000000       ___hybrid_code_map         00000000     <absolute>
 0000:00000000       ___hybrid_code_map_count   00000000     <absolute>
 0000:00000000       ___hybrid_image_info_bitfield 00000000     <absolute>
 0000:00000000       ___safe_se_handler_count   00000000     <absolute>
 0000:00000000       ___safe_se_handler_table   00000000     <absolute>
 0000:00000000       ___volatile_metadata       00000000     <absolute>
 0000:00000000       ___x64_code_ranges_to_entry_points 00000000     <absolute>
 0000:00000000       ___x64_code_ranges_to_entry_points_count 00000000     <absolute>
 0000:00000011       ___guard_fids_count        00000011     <absolute>
 0000:00014500       ___guard_flags             00014500     <absolute>
 0000:00000000       ___ImageBase               00400000     <linker-defined>
 0001:00001170       _ConnectionHandler@4       00402170 f   vchat.obj
 0001:00001f10       _acceptHandler@4           00402f10 f   vchat.obj
 0001:000022c0       _queue_delete              004032c0 f   vchat.obj
 0001:00002400       _broadcast                 00403400 f   vchat.obj
 0001:00002510       _checkVacancy              00403510 f   vchat.obj
 0001:000025c0       _controlHandler@4          004035c0 f   vchat.obj
 0001:00002680       _Function1                 00403680 f   vchat.obj
 0001:000026a0       _Function2                 004036a0 f   vchat.obj
 0001:000026c0       _Function3                 004036c0 f   vchat.obj
 0001:000026e0       _Function4                 004036e0 f   vchat.obj
 0001:00002700       _Function5                 00403700 f   vchat.obj
 0001:00002740       _Function6a                00403740 f   vchat.obj
 0001:00002900       _Function6b                00403900 f   vchat.obj
 0001:00002970       _Function7                 00403970 f   vchat.obj
 0001:00002b60       _Function8a                00403b60 f   vchat.obj
 0001:00002f50       _Function8b                00403f50 f   vchat.obj
 0001:00002f90       _good_function             00403f90 f   vchat.obj
 0001:00002fc0       _bad_function              00403fc0 f   vchat.obj
 0001:00002fe0       _fill_array                00403fe0 f   vchat.obj
 0001:00003010       _queue_add                 00404010 f   vchat.obj
 0001:00003110       _main                      00404110 f   vchat.obj
 0001:00003930       ___local_stdio_printf_options 00404930 f i vchat.obj
 0001:00003940       __vfprintf_l               00404940 f i vchat.obj
 0001:00003980       __vsnprintf_l              00404980 f i vchat.obj
 0001:000039f0       __vsprintf_l               004049f0 f i vchat.obj
 0001:00003a20       _fprintf                   00404a20 f i vchat.obj
 0001:00003a60       _printf                    00404a60 f i vchat.obj
 0001:00003ab0       _sprintf                   00404ab0 f i vchat.obj
 0001:00003aef       _EssentialFunc1            00404aef f   libessfunc:Essfun.dll
 0001:00003af5       _GetStdHandle@4            00404af5 f   kernel32:KERNEL32.dll
 0001:00003afb       _CloseHandle@4             00404afb f   kernel32:KERNEL32.dll
 0001:00003b01       _GetLastError@0            00404b01 f   kernel32:KERNEL32.dll
 0001:00003b07       _HeapAlloc@12              00404b07 f   kernel32:KERNEL32.dll
 0001:00003b0d       _HeapFree@12               00404b0d f   kernel32:KERNEL32.dll
 0001:00003b13       _GetProcessHeap@0          00404b13 f   kernel32:KERNEL32.dll
 0001:00003b19       _ReleaseMutex@4            00404b19 f   kernel32:KERNEL32.dll
 0001:00003b1f       _WaitForSingleObject@8     00404b1f f   kernel32:KERNEL32.dll
 0001:00003b25       _CreateMutexW@12           00404b25 f   kernel32:KERNEL32.dll
 0001:00003b2b       _Sleep@4                   00404b2b f   kernel32:KERNEL32.dll
 0001:00003b31       _CreateThread@24           00404b31 f   kernel32:KERNEL32.dll
 0001:00003b37       _GetConsoleMode@8          00404b37 f   kernel32:KERNEL32.dll
 0001:00003b3d       _SetConsoleMode@8          00404b3d f   kernel32:KERNEL32.dll
 0001:00003b43       _SetConsoleCtrlHandler@8   00404b43 f   kernel32:KERNEL32.dll
 0001:00003b49       _SysAllocString@4          00404b49 f   oleaut32:OLEAUT32.dll
 0001:00003b4f       _SysStringByteLen@4        00404b4f f   oleaut32:OLEAUT32.dll
 0001:00003b55       _ReadNoFence               00404b55 f i odbccp32:guard_support.obj
 0001:00003b64       _ReadPointerNoFence        00404b64 f i odbccp32:guard_support.obj
 0001:00003b73       ___castguard_check_failure_debugbreak 00404b73 f i odbccp32:guard_support.obj
 0001:00003b97       ___castguard_check_failure_fastfail 00404b97 f i odbccp32:guard_support.obj
 0001:00003bc0       ___castguard_check_failure_nop 00404bc0 f i odbccp32:guard_support.obj
 0001:00003bc3       ___castguard_check_failure_os_handled 00404bc3 f i odbccp32:guard_support.obj
 0001:00003c3d       ___castguard_slow_path_check_debugbreak 00404c3d f i odbccp32:guard_support.obj
 0001:00003c77       ___castguard_slow_path_check_fastfail 00404c77 f i odbccp32:guard_support.obj
 0001:00003cb6       ___castguard_slow_path_check_nop 00404cb6 f i odbccp32:guard_support.obj
 0001:00003cb9       ___castguard_slow_path_check_os_handled 00404cb9 f i odbccp32:guard_support.obj
 0001:00003d2f       __guard_icall_checks_enforced 00404d2f f i odbccp32:guard_support.obj
 0001:00003d50       @_guard_check_icall_nop@4  00404d50 f i odbccp32:guard_check.obj
 0001:00003d53       _accept@12                 00404d53 f   WS2_32:WS2_32.dll
 0001:00003d59       _bind@12                   00404d59 f   WS2_32:WS2_32.dll
 0001:00003d5f       _closesocket@4             00404d5f f   WS2_32:WS2_32.dll
 0001:00003d65       _htons@4                   00404d65 f   WS2_32:WS2_32.dll
 0001:00003d6b       _inet_ntoa@4               00404d6b f   WS2_32:WS2_32.dll
 0001:00003d71       _listen@8                  00404d71 f   WS2_32:WS2_32.dll
 0001:00003d77       _recv@16                   00404d77 f   WS2_32:WS2_32.dll
 0001:00003d7d       _send@16                   00404d7d f   WS2_32:WS2_32.dll
 0001:00003d83       _socket@12                 00404d83 f   WS2_32:WS2_32.dll
 0001:00003d89       _WSAStartup@8              00404d89 f   WS2_32:WS2_32.dll
 0001:00003d8f       _WSACleanup@0              00404d8f f   WS2_32:WS2_32.dll
 0001:00003d95       _WSAGetLastError@0         00404d95 f   WS2_32:WS2_32.dll
 0001:00003d9b       _getaddrinfo@16            00404d9b f   WS2_32:WS2_32.dll
 0001:00003da1       _freeaddrinfo@4            00404da1 f   WS2_32:WS2_32.dll
 0001:00003da7       __CRT_RTC_INIT             00404da7 f   MSVCRT:init.obj
 0001:00003daa       __CRT_RTC_INITW            00404daa f   MSVCRT:init.obj
 0001:00003db0       __RTC_InitBase             00404db0 f   MSVCRT:init.obj
 0001:00003dd0       __RTC_Shutdown             00404dd0 f   MSVCRT:init.obj
 0001:000040d4       ?configure_argv@__scrt_narrow_argv_policy@@SAHXZ 004050d4 f i MSVCRT:exe_main.obj
 0001:000040e4       ?initialize_environment@__scrt_narrow_environment_policy@@SAHXZ 004050e4 f i MSVCRT:exe_main.obj
 0001:00004116       ?set_app_type@__scrt_main_policy@@SAXXZ 00405116 f i MSVCRT:exe_main.obj
 0001:00004121       ?set_commode@__scrt_file_policy@@SAXXZ 00405121 f i MSVCRT:exe_main.obj
 0001:00004136       ?set_fmode@__scrt_file_policy@@SAXXZ 00405136 f i MSVCRT:exe_main.obj
 0001:00004150       _mainCRTStartup            00405150 f   MSVCRT:exe_main.obj
 0001:0000415c       ?_RTC_GetErrorFunc@@YAP6AHHPBDH00ZZPBX@Z 0040515c f   MSVCRT:userapi.obj
 0001:00004162       ?_RTC_GetErrorFuncW@@YAP6AHHPB_WH00ZZPBX@Z 00405162 f   MSVCRT:userapi.obj
 0001:00004168       __RTC_GetErrDesc           00405168 f   MSVCRT:userapi.obj
 0001:00004186       __RTC_NumErrors            00405186 f   MSVCRT:userapi.obj
 0001:0000418a       __RTC_SetErrorFunc         0040518a f   MSVCRT:userapi.obj
 0001:000041aa       __RTC_SetErrorFuncW        004051aa f   MSVCRT:userapi.obj
 0001:000041ca       __RTC_SetErrorType         004051ca f   MSVCRT:userapi.obj
 0001:00004289       _NtCurrentTeb              00405289 f i MSVCRT:utility.obj
 0001:00004290       ___scrt_acquire_startup_lock 00405290 f   MSVCRT:utility.obj
 0001:000042ce       ___scrt_dllmain_after_initialize_c 004052ce f   MSVCRT:utility.obj
 0001:00004303       ___scrt_dllmain_before_initialize_c 00405303 f   MSVCRT:utility.obj
 0001:00004314       ___scrt_dllmain_crt_thread_attach 00405314 f   MSVCRT:utility.obj
 0001:0000433a       ___scrt_dllmain_crt_thread_detach 0040533a f   MSVCRT:utility.obj
 0001:0000434a       ___scrt_dllmain_exception_filter 0040534a f   MSVCRT:utility.obj
 0001:0000438b       ___scrt_dllmain_uninitialize_c 0040538b f   MSVCRT:utility.obj
 0001:000043b6       ___scrt_dllmain_uninitialize_critical 004053b6 f   MSVCRT:utility.obj
 0001:000043c6       ___scrt_initialize_crt     004053c6 f   MSVCRT:utility.obj
 0001:0000440d       ___scrt_initialize_onexit_tables 0040540d f   MSVCRT:utility.obj
 0001:000044b5       ___scrt_is_nonwritable_in_current_image 004054b5 f   MSVCRT:utility.obj
 0001:0000456e       ___scrt_release_startup_lock 0040556e f   MSVCRT:utility.obj
 0001:00004592       ___scrt_uninitialize_crt   00405592 f   MSVCRT:utility.obj
 0001:000045c4       __onexit                   004055c4 f   MSVCRT:utility.obj
 0001:000045fc       _at_quick_exit             004055fc f   MSVCRT:utility.obj
 0001:00004627       _atexit                    00405627 f   MSVCRT:utility.obj
 0001:000046a1       ___security_init_cookie    004056a1 f   MSVCRT:gs_support.obj
 0001:00004700       __matherr                  00405700 f   MSVCRT:matherr.obj
 0001:00004703       __get_startup_argv_mode    00405703 f   MSVCRT:argv_mode.obj
 0001:00004707       __get_startup_commit_mode  00405707 f   MSVCRT:commit_mode.obj
 0001:0000470a       __get_startup_file_mode    0040570a f   MSVCRT:file_mode.obj
 0001:00004710       __get_startup_new_mode     00405710 f   MSVCRT:new_mode.obj
 0001:00004713       __get_startup_thread_locale_mode 00405713 f   MSVCRT:thread_locale.obj
 0001:00004716       ?__scrt_initialize_type_info@@YAXXZ 00405716 f   MSVCRT:tncleanup.obj
 0001:00004725       ?__scrt_uninitialize_type_info@@YAXXZ 00405725 f   MSVCRT:tncleanup.obj
 0001:00004734       __should_initialize_environment 00405734 f   MSVCRT:env_mode.obj
 0001:00004737       __initialize_default_precision 00405737 f   MSVCRT:default_precision.obj
 0001:00004760       __initialize_invalid_parameter_handler 00405760 f   MSVCRT:invalid_parameter_handler.obj
 0001:00004763       __initialize_denormal_control 00405763 f   MSVCRT:denormal_control.obj
 0001:00004766       ___local_stdio_scanf_options 00405766 f i MSVCRT:default_local_stdio_options.obj
 0001:0000476c       ___scrt_initialize_default_local_stdio_options 0040576c f   MSVCRT:default_local_stdio_options.obj
 0001:00004790       ___scrt_is_user_matherr_present 00405790 f   MSVCRT:matherr_detection.obj
 0001:0000479f       ___scrt_get_dyn_tls_init_callback 0040579f f   MSVCRT:dyn_tls_init.obj
 0001:000047a5       ___scrt_get_dyn_tls_dtor_callback 004057a5 f   MSVCRT:dyn_tls_dtor.obj
 0001:000047ab       ___scrt_fastfail           004057ab f   MSVCRT:utility_desktop.obj
 0001:00004905       ___scrt_get_show_window_mode 00405905 f   MSVCRT:utility_desktop.obj
 0001:00004942       ___scrt_initialize_mta     00405942 f   MSVCRT:utility_desktop.obj
 0001:00004947       ___scrt_initialize_winrt   00405947 f   MSVCRT:utility_desktop.obj
 0001:0000494a       ___scrt_is_managed_app     0040594a f   MSVCRT:utility_desktop.obj
 0001:0000499c       ___scrt_set_unhandled_exception_filter 0040599c f   MSVCRT:utility_desktop.obj
 0001:000049ab       ___scrt_exe_initialize_mta 004059ab f   MSVCRT:utility_desktop.obj
 0001:000049ab       ___scrt_stub_for_initialize_mta 004059ab f   MSVCRT:utility_desktop.obj
 0001:000049b0       ___scrt_unhandled_exception_filter@4 004059b0 f   MSVCRT:utility_desktop.obj
 0001:00004a1b       __crt_debugger_hook        00405a1b f   MSVCRT:utility_desktop.obj
 0001:00004a25       __RTC_Initialize           00405a25 f   MSVCRT:initsect.obj
 0001:00004a60       __RTC_Terminate            00405a60 f   MSVCRT:initsect.obj
 0001:00004aa0       __SEH_prolog4              00405aa0 f   MSVCRT:sehprolg4.obj
 0001:00004b00       __SEH_epilog4              00405b00 f   MSVCRT:sehprolg4.obj
 0001:00004b20       __except_handler4          00405b20 f   MSVCRT:chandler4gs.obj
 0001:00004be8       ?_RTC_AllocaFailure@@YAXPAXPAU_RTC_ALLOCA_NODE@@H@Z 00405be8 f   MSVCRT:error.obj
 0001:00004cf7       ?_RTC_Failure@@YAXPAXH@Z   00405cf7 f   MSVCRT:error.obj
 0001:00004d42       ?_RTC_StackFailure@@YAXPAXPBD@Z 00405d42 f   MSVCRT:error.obj
 0001:0000520c       __RTC_UninitUse            0040620c f   MSVCRT:error.obj
 0001:000052d2       __vsprintf_s_l             004062d2 f i MSVCRT:error.obj
 0001:0000530a       _sprintf_s                 0040630a f i MSVCRT:error.obj
 0001:0000532d       ___isa_available_init      0040632d f   MSVCRT:cpu_disp.obj
 0001:00005725       ___scrt_is_ucrt_dll_in_use 00406725 f   MSVCRT:ucrt_detection.obj
 0001:00005740       @__security_check_cookie@4 00406740 f   MSVCRT:secchk.obj
 0001:000059d6       ?_RTC_GetSrcLine@@YAHPAEPA_WKPAH1K@Z 004069d6 f   MSVCRT:pdblkup.obj
 0001:00005df5       __except_handler4_noexcept 00406df5 f   MSVCRT:chandler4_noexcept.obj
 0001:00005e4c       ___raise_securityfailure   00406e4c f   MSVCRT:gs_report.obj
 0001:00005e7e       ___report_gsfailure        00406e7e f   MSVCRT:gs_report.obj
 0001:00005fb7       ___report_rangecheckfailure 00406fb7 f   MSVCRT:gs_report.obj
 0001:00005fc7       ___report_securityfailure  00406fc7 f   MSVCRT:gs_report.obj
 0001:000060cb       ___report_securityfailureEx 004070cb f   MSVCRT:gs_report.obj
 0001:00006226       _memcpy                    00407226 f   vcruntime:VCRUNTIME140.dll
 0001:0000622c       _memset                    0040722c f   vcruntime:VCRUNTIME140.dll
 0001:00006232       ___std_type_info_destroy_list 00407232 f   vcruntime:VCRUNTIME140.dll
 0001:00006238       ___current_exception       00407238 f   vcruntime:VCRUNTIME140.dll
 0001:0000623e       ___current_exception_context 0040723e f   vcruntime:VCRUNTIME140.dll
 0001:00006244       __except_handler4_common   00407244 f   vcruntime:VCRUNTIME140.dll
 0001:0000624a       ___vcrt_GetModuleFileNameW 0040724a f   vcruntime:VCRUNTIME140.dll
 0001:00006250       ___vcrt_LoadLibraryExW     00407250 f   vcruntime:VCRUNTIME140.dll
 0001:00006256       _strcmp                    00407256 f   ucrt:api-ms-win-crt-string-l1-1-0.dll
 0001:0000625c       _strcpy                    0040725c f   ucrt:api-ms-win-crt-string-l1-1-0.dll
 0001:00006262       _strlen                    00407262 f   ucrt:api-ms-win-crt-string-l1-1-0.dll
 0001:00006268       _strncmp                   00407268 f   ucrt:api-ms-win-crt-string-l1-1-0.dll
 0001:0000626e       _strncpy                   0040726e f   ucrt:api-ms-win-crt-string-l1-1-0.dll
 0001:00006274       _free                      00407274 f   ucrt:api-ms-win-crt-heap-l1-1-0.dll
 0001:0000627a       _malloc                    0040727a f   ucrt:api-ms-win-crt-heap-l1-1-0.dll
 0001:00006280       _atoi                      00407280 f   ucrt:api-ms-win-crt-convert-l1-1-0.dll
 0001:00006286       _strtoul                   00407286 f   ucrt:api-ms-win-crt-convert-l1-1-0.dll
 0001:0000628c       ___acrt_iob_func           0040728c f   ucrt:api-ms-win-crt-stdio-l1-1-0.dll
 0001:00006292       _fflush                    00407292 f   ucrt:api-ms-win-crt-stdio-l1-1-0.dll
 0001:00006298       ___stdio_common_vfprintf   00407298 f   ucrt:api-ms-win-crt-stdio-l1-1-0.dll
 0001:0000629e       ___stdio_common_vsprintf   0040729e f   ucrt:api-ms-win-crt-stdio-l1-1-0.dll
 0001:000062a4       __seh_filter_exe           004072a4 f   ucrt:api-ms-win-crt-runtime-l1-1-0.dll
 0001:000062aa       __set_app_type             004072aa f   ucrt:api-ms-win-crt-runtime-l1-1-0.dll
 0001:000062b0       ___setusermatherr          004072b0 f   ucrt:api-ms-win-crt-math-l1-1-0.dll
 0001:000062b6       __configure_narrow_argv    004072b6 f   ucrt:api-ms-win-crt-runtime-l1-1-0.dll
 0001:000062bc       __initialize_narrow_environment 004072bc f   ucrt:api-ms-win-crt-runtime-l1-1-0.dll
 0001:000062c2       __get_initial_narrow_environment 004072c2 f   ucrt:api-ms-win-crt-runtime-l1-1-0.dll
 0001:000062c8       __initterm                 004072c8 f   ucrt:api-ms-win-crt-runtime-l1-1-0.dll
 0001:000062ce       __initterm_e               004072ce f   ucrt:api-ms-win-crt-runtime-l1-1-0.dll
 0001:000062d4       _exit                      004072d4 f   ucrt:api-ms-win-crt-runtime-l1-1-0.dll
 0001:000062da       __exit                     004072da f   ucrt:api-ms-win-crt-runtime-l1-1-0.dll
 0001:000062e0       __set_fmode                004072e0 f   ucrt:api-ms-win-crt-stdio-l1-1-0.dll
 0001:000062e6       ___p___argc                004072e6 f   ucrt:api-ms-win-crt-runtime-l1-1-0.dll
 0001:000062ec       ___p___argv                004072ec f   ucrt:api-ms-win-crt-runtime-l1-1-0.dll
 0001:000062f2       __cexit                    004072f2 f   ucrt:api-ms-win-crt-runtime-l1-1-0.dll
 0001:000062f8       __c_exit                   004072f8 f   ucrt:api-ms-win-crt-runtime-l1-1-0.dll
 0001:000062fe       __register_thread_local_exe_atexit_callback 004072fe f   ucrt:api-ms-win-crt-runtime-l1-1-0.dll
 0001:00006304       __configthreadlocale       00407304 f   ucrt:api-ms-win-crt-locale-l1-1-0.dll
 0001:0000630a       __set_new_mode             0040730a f   ucrt:api-ms-win-crt-heap-l1-1-0.dll
 0001:00006310       ___p__commode              00407310 f   ucrt:api-ms-win-crt-stdio-l1-1-0.dll
 0001:00006316       __seh_filter_dll           00407316 f   ucrt:api-ms-win-crt-runtime-l1-1-0.dll
 0001:0000631c       __initialize_onexit_table  0040731c f   ucrt:api-ms-win-crt-runtime-l1-1-0.dll
 0001:00006322       __register_onexit_function 00407322 f   ucrt:api-ms-win-crt-runtime-l1-1-0.dll
 0001:00006328       __execute_onexit_table     00407328 f   ucrt:api-ms-win-crt-runtime-l1-1-0.dll
 0001:0000632e       __crt_atexit               0040732e f   ucrt:api-ms-win-crt-runtime-l1-1-0.dll
 0001:00006334       __crt_at_quick_exit        00407334 f   ucrt:api-ms-win-crt-runtime-l1-1-0.dll
 0001:0000633a       __controlfp_s              0040733a f   ucrt:api-ms-win-crt-runtime-l1-1-0.dll
 0001:00006340       _terminate                 00407340 f   ucrt:api-ms-win-crt-runtime-l1-1-0.dll
 0001:00006346       _strcpy_s                  00407346 f   ucrt:api-ms-win-crt-string-l1-1-0.dll
 0001:0000634c       _strcat_s                  0040734c f   ucrt:api-ms-win-crt-string-l1-1-0.dll
 0001:00006352       ___stdio_common_vsprintf_s 00407352 f   ucrt:api-ms-win-crt-stdio-l1-1-0.dll
 0001:00006358       _QueryPerformanceCounter@4 00407358 f   kernel32:KERNEL32.dll
 0001:0000635e       _GetCurrentProcessId@0     0040735e f   kernel32:KERNEL32.dll
 0001:00006364       _GetCurrentThreadId@0      00407364 f   kernel32:KERNEL32.dll
 0001:0000636a       _GetSystemTimeAsFileTime@4 0040736a f   kernel32:KERNEL32.dll
 0001:00006370       _InitializeSListHead@4     00407370 f   kernel32:KERNEL32.dll
 0001:00006376       _IsDebuggerPresent@0       00407376 f   kernel32:KERNEL32.dll
 0001:0000637c       _UnhandledExceptionFilter@4 0040737c f   kernel32:KERNEL32.dll
 0001:00006382       _SetUnhandledExceptionFilter@4 00407382 f   kernel32:KERNEL32.dll
 0001:00006388       _GetStartupInfoW@4         00407388 f   kernel32:KERNEL32.dll
 0001:0000638e       _IsProcessorFeaturePresent@4 0040738e f   kernel32:KERNEL32.dll
 0001:00006394       _GetModuleHandleW@4        00407394 f   kernel32:KERNEL32.dll
 0001:0000639a       _RaiseException@16         0040739a f   kernel32:KERNEL32.dll
 0001:000063a0       _MultiByteToWideChar@24    004073a0 f   kernel32:KERNEL32.dll
 0001:000063a6       _WideCharToMultiByte@32    004073a6 f   kernel32:KERNEL32.dll
 0001:000063ac       _VirtualQuery@12           004073ac f   kernel32:KERNEL32.dll
 0001:000063b2       _FreeLibrary@4             004073b2 f   kernel32:KERNEL32.dll
 0001:000063b8       _GetProcAddress@8          004073b8 f   kernel32:KERNEL32.dll
 0001:000063be       _GetCurrentProcess@0       004073be f   kernel32:KERNEL32.dll
 0001:000063c4       _TerminateProcess@8        004073c4 f   kernel32:KERNEL32.dll
 0001:000063ca       ___acrt_initialize         004073ca f   MSVCRT:ucrt_stubs.obj
 0001:000063ca       ___scrt_stub_for_acrt_initialize 004073ca f   MSVCRT:ucrt_stubs.obj
 0001:000063ca       ___vcrt_initialize         004073ca f   MSVCRT:ucrt_stubs.obj
 0001:000063cd       ___acrt_thread_attach      004073cd f   MSVCRT:ucrt_stubs.obj
 0001:000063cd       ___scrt_stub_for_acrt_thread_attach 004073cd f   MSVCRT:ucrt_stubs.obj
 0001:000063cd       ___vcrt_thread_attach      004073cd f   MSVCRT:ucrt_stubs.obj
 0001:000063d0       ___acrt_thread_detach      004073d0 f   MSVCRT:ucrt_stubs.obj
 0001:000063d0       ___scrt_stub_for_acrt_thread_detach 004073d0 f   MSVCRT:ucrt_stubs.obj
 0001:000063d0       ___vcrt_thread_detach      004073d0 f   MSVCRT:ucrt_stubs.obj
 0001:000063d3       ___acrt_uninitialize       004073d3 f   MSVCRT:ucrt_stubs.obj
 0001:000063d3       ___scrt_stub_for_acrt_uninitialize 004073d3 f   MSVCRT:ucrt_stubs.obj
 0001:000063d3       ___vcrt_uninitialize       004073d3 f   MSVCRT:ucrt_stubs.obj
 0001:000063d6       ___acrt_uninitialize_critical 004073d6 f   MSVCRT:ucrt_stubs.obj
 0001:000063d6       ___scrt_stub_for_acrt_uninitialize_critical 004073d6 f   MSVCRT:ucrt_stubs.obj
 0001:000063d6       ___vcrt_uninitialize_critical 004073d6 f   MSVCRT:ucrt_stubs.obj
 0001:000063d9       ___scrt_stub_for_is_c_termination_complete 004073d9 f   MSVCRT:ucrt_stubs.obj
 0001:000063d9       __is_c_termination_complete 004073d9 f   MSVCRT:ucrt_stubs.obj
 0001:000063dc       __filter_x86_sse2_floating_point_exception 004073dc f   MSVCRT:x86_exception_filter.obj
 0001:000063dc       __filter_x86_sse2_floating_point_exception_default 004073dc f   MSVCRT:x86_exception_filter.obj
 0002:00000000       ___xc_a                    00409000     MSVCRT:initializers.obj
 0002:00000208       ___xc_z                    00409208     MSVCRT:initializers.obj
 0002:0000030c       ___xi_a                    0040930c     MSVCRT:initializers.obj
 0002:00000618       ___xi_z                    00409618     MSVCRT:initializers.obj
 0002:0000071c       ___xp_a                    0040971c     MSVCRT:initializers.obj
 0002:00000820       ___xp_z                    00409820     MSVCRT:initializers.obj
 0002:00000924       ___xt_a                    00409924     MSVCRT:initializers.obj
 0002:00000a28       ___xt_z                    00409a28     MSVCRT:initializers.obj
 0002:00000b48       ??_C@_0BJ@HEGAHDFO@Stack?5pointer?5corruption@ 00409b48     MSVCRT:userapi.obj
 0002:00000b68       ??_C@_0CK@FEGOIOPB@Cast?5to?5smaller?5type?5causing?5lo@ 00409b68     MSVCRT:userapi.obj
 0002:00000b9c       ??_C@_0BI@CIGMDCBH@Stack?5memory?5corruption@ 00409b9c     MSVCRT:userapi.obj
 0002:00000bb8       ??_C@_0CK@CNLNOEPB@Local?5variable?5used?5before?5init@ 00409bb8     MSVCRT:userapi.obj
 0002:00000bec       ??_C@_0BP@OGBCLIBO@Stack?5around?5_alloca?5corrupted@ 00409bec     MSVCRT:userapi.obj
 0002:00000cd0       ??_C@_0NN@JMPELKLB@The?5value?5of?5ESP?5was?5not?5proper@ 00409cd0     MSVCRT:error.obj
 0002:00000de0       ??_C@_0BBN@ELNNILBE@A?5cast?5to?5a?5smaller?5data?5type?5h@ 00409de0     MSVCRT:error.obj
 0002:00000f38       ??_C@_0BN@BPOGFMJL@Stack?5memory?5was?5corrupted?$AN?6@ 00409f38     MSVCRT:error.obj
 0002:00000f5c       ??_C@_0DG@DAJCDLPN@A?5local?5variable?5was?5used?5befor@ 00409f5c     MSVCRT:error.obj
 0002:00000f9c       ??_C@_0CM@JMIDGKLA@Stack?5memory?5around?5_alloca?5was@ 00409f9c     MSVCRT:error.obj
 0002:00000fd0       ??_C@_0BO@CHIONIOI@Unknown?5Runtime?5Check?5Error?$AN?6@ 00409fd0     MSVCRT:error.obj
 0002:00000ff8       ??_C@_1GM@CNOOJIHC@?$AAR?$AAu?$AAn?$AAt?$AAi?$AAm?$AAe?$AA?5?$AAC?$AAh?$AAe?$AAc?$AAk?$AA?5?$AAE@ 00409ff8     MSVCRT:error.obj
 0002:00001080       ??_C@_1EA@NFKNIFJP@?$AAR?$AAu?$AAn?$AA?9?$AAT?$AAi?$AAm?$AAe?$AA?5?$AAC?$AAh?$AAe?$AAc?$AAk?$AA?5@ 0040a080     MSVCRT:error.obj
 0002:000010cc       ??_C@_0BB@PFFGGCJP@Unknown?5Filename@ 0040a0cc     MSVCRT:error.obj
 0002:000010e0       ??_C@_0BE@GNBOBNCK@Unknown?5Module?5Name@ 0040a0e0     MSVCRT:error.obj
 0002:000010f8       ??_C@_0CA@IODNCDPG@Run?9Time?5Check?5Failure?5?$CD?$CFd?5?9?5?$CFs@ 0040a0f8     MSVCRT:error.obj
 0002:00001120       ??_C@_0CG@IAFNJNEE@Stack?5corrupted?5near?5unknown?5va@ 0040a120     MSVCRT:error.obj
 0002:00001150       ??_C@_05MKKEDADM@?$CF?42X?5@ 0040a150     MSVCRT:error.obj
 0002:00001158       ??_C@_0EJ@LJKNEOLN@Stack?5area?5around?5_alloca?5memor@ 0040a158     MSVCRT:error.obj
 0002:000011b0       ??_C@_01EEMJAFIK@?6@       0040a1b0     MSVCRT:error.obj
 0002:000011b4       ??_C@_02LLMPMKNF@?$DO?5@   0040a1b4     MSVCRT:error.obj
 0002:000011b8       ??_C@_08OMAHNMHJ@?6Data?3?5?$DM@ 0040a1b8     MSVCRT:error.obj
 0002:000011c4       ??_C@_0CK@DKGBICFE@?6Allocation?5number?5within?5this?5@ 0040a1c4     MSVCRT:error.obj
 0002:000011f8       ??_C@_07DFDJCKFN@?6Size?3?5@ 0040a1f8     MSVCRT:error.obj
 0002:00001204       ??_C@_0N@MHFFIMFG@?6Address?3?50x@ 0040a204     MSVCRT:error.obj
 0002:00001218       ??_C@_0EI@CLEPFNGI@Stack?5area?5around?5_alloca?5memor@ 0040a218     MSVCRT:error.obj
 0002:00001270       ??_C@_0BK@ODNDAGKB@?$CFs?$CFs?$CFp?$CFs?$CFzd?$CFs?$CFd?$CFs?$CFs?$CFs?$CFs?$CFs@ 0040a270     MSVCRT:error.obj
 0002:00001290       ??_C@_0DE@OHJBPMBP@A?5variable?5is?5being?5used?5withou@ 0040a290     MSVCRT:error.obj
 0002:000012f8       ??_C@_1EI@MLPKHBGE@?$AAa?$AAp?$AAi?$AA?9?$AAm?$AAs?$AA?9?$AAw?$AAi?$AAn?$AA?9?$AAc?$AAo?$AAr?$AAe@ 0040a2f8     MSVCRT:pdblkup.obj
 0002:00001350       ??_C@_1BK@JHLNAEJL@?$AAa?$AAd?$AAv?$AAa?$AAp?$AAi?$AA3?$AA2?$AA?4?$AAd?$AAl?$AAl@ 0040a350     MSVCRT:pdblkup.obj
 0002:00001370       ??_C@_0O@COHOBMLB@RegOpenKeyExW@ 0040a370     MSVCRT:pdblkup.obj
 0002:00001380       ??_C@_0BB@GLNAEDBD@RegQueryValueExW@ 0040a380     MSVCRT:pdblkup.obj
 0002:00001394       ??_C@_0M@HLOHPNFA@RegCloseKey@ 0040a394     MSVCRT:pdblkup.obj
 0002:000013a8       ??_C@_1HE@EBEAGLFB@?$AAS?$AAO?$AAF?$AAT?$AAW?$AAA?$AAR?$AAE?$AA?2?$AAW?$AAo?$AAw?$AA6?$AA4?$AA3@ 0040a3a8     MSVCRT:pdblkup.obj
 0002:00001434       ??_C@_1BG@EABPBLLF@?$AAP?$AAr?$AAo?$AAd?$AAu?$AAc?$AAt?$AAD?$AAi?$AAr@ 0040a434     MSVCRT:pdblkup.obj
 0002:00001450       ??_C@_0BB@KCIACLNC@PDBOpenValidate5@ 0040a450     MSVCRT:pdblkup.obj
 0002:00001464       ??_C@_01KDCPPGHE@r@        0040a464     MSVCRT:pdblkup.obj
 0002:00001478       __load_config_used         0040a478     MSVCRT:loadcfg.obj
 0002:00001700       ___CastGuardVftablesStart  0040a700     odbccp32:guard_support.obj
 0002:00001880       ___CastGuardVftablesEnd    0040a880     odbccp32:guard_support.obj
 0002:00001b68       ___rtc_iaa                 0040ab68     MSVCRT:initsect.obj
 0002:00001d70       ___rtc_izz                 0040ad70     MSVCRT:initsect.obj
 0002:00001e74       ___rtc_taa                 0040ae74     MSVCRT:initsect.obj
 0002:0000207c       ___rtc_tzz                 0040b07c     MSVCRT:initsect.obj
 0003:00000000       _uid                       0040c000     vchat.obj
 0003:00000004       _ListenSocket              0040c004     vchat.obj
 0003:00000cd0       ___scrt_native_dllmain_reason 0040ccd0     MSVCRT:utility.obj
 0003:00000cd4       ___scrt_default_matherr    0040ccd4     MSVCRT:matherr.obj
 0003:00000ce0       ?_RTC_ErrorLevels@@3PAHA   0040cce0     MSVCRT:error.obj
 0003:00000cf8       ___isa_inverted            0040ccf8     MSVCRT:cpu_disp.obj
 0003:00000d00       ___isa_enabled             0040cd00     MSVCRT:cpu_disp.obj
 0003:00000d40       ___security_cookie         0040cd40     MSVCRT:gs_cookie.obj
 0003:00000d80       ___security_cookie_complement 0040cd80     MSVCRT:gs_cookie.obj
 0003:00000d94       ___scrt_ucrt_dll_is_in_use 0040cd94     MSVCRT:ucrt_stubs.obj
 0003:00000eb0       _cli_count                 0040ceb0     vchat.obj
 0003:00000eb4       _MITM                      0040ceb4     vchat.obj
 0003:0000104c       _hInput                    0040d04c     <common>
 0003:00001050       ?_OptionsStorage@?1??__local_stdio_printf_options@@9@9 0040d050     <common>
 0003:00001058       _prev_mode                 0040d058     <common>
 0003:0000105c       _ghMutex                   0040d05c     <common>
 0003:000010ac       ___scrt_current_native_startup_state 0040d0ac     MSVCRT:utility.obj
 0003:000010b0       ___scrt_native_startup_lock 0040d0b0     MSVCRT:utility.obj
 0003:000010d8       ?__type_info_root_node@@3U__type_info_node@@A 0040d0d8     MSVCRT:tncleanup.obj
 0003:000010e8       ?_OptionsStorage@?1??__local_stdio_printf_options@@9@4_KA 0040d0e8     MSVCRT:default_local_stdio_options.obj
 0003:000010f8       ?_OptionsStorage@?1??__local_stdio_scanf_options@@9@4_KA 0040d0f8     MSVCRT:default_local_stdio_options.obj
 0003:00001104       ___scrt_debugger_hook_flag 0040d104     MSVCRT:utility_desktop.obj
 0003:00001108       ___avx10_version           0040d108     MSVCRT:cpu_disp.obj
 0003:0000110c       ___isa_available           0040d10c     MSVCRT:cpu_disp.obj
 0003:00001110       ___favor                   0040d110     MSVCRT:cpu_disp.obj
 0003:00001500       ___dyn_tls_dtor_callback   0040d500     <common>
 0003:0000150c       ___dyn_tls_init_callback   0040d50c     <common>
 0004:00000000       __imp__EssentialFunc1      0040e000     libessfunc:Essfun.dll
 0004:00000004       \177Essfun_NULL_THUNK_DATA 0040e004     libessfunc:Essfun.dll
 0004:00000030       __imp__GetStdHandle@4      0040e030     kernel32:KERNEL32.dll
 0004:00000034       __imp__CloseHandle@4       0040e034     kernel32:KERNEL32.dll
 0004:00000038       __imp__GetLastError@0      0040e038     kernel32:KERNEL32.dll
 0004:0000003c       __imp__HeapAlloc@12        0040e03c     kernel32:KERNEL32.dll
 0004:00000040       __imp__HeapFree@12         0040e040     kernel32:KERNEL32.dll
 0004:00000044       __imp__GetProcessHeap@0    0040e044     kernel32:KERNEL32.dll
 0004:00000048       __imp__ReleaseMutex@4      0040e048     kernel32:KERNEL32.dll
 0004:0000004c       __imp__WaitForSingleObject@8 0040e04c     kernel32:KERNEL32.dll
 0004:00000050       __imp__CreateMutexW@12     0040e050     kernel32:KERNEL32.dll
 0004:00000054       __imp__Sleep@4             0040e054     kernel32:KERNEL32.dll
 0004:00000058       __imp__CreateThread@24     0040e058     kernel32:KERNEL32.dll
 0004:0000005c       __imp__GetConsoleMode@8    0040e05c     kernel32:KERNEL32.dll
 0004:00000060       __imp__SetConsoleMode@8    0040e060     kernel32:KERNEL32.dll
 0004:00000064       __imp__SetConsoleCtrlHandler@8 0040e064     kernel32:KERNEL32.dll
 0004:00000068       __imp__GetCurrentProcess@0 0040e068     kernel32:KERNEL32.dll
 0004:0000006c       __imp__GetProcAddress@8    0040e06c     kernel32:KERNEL32.dll
 0004:00000070       __imp__FreeLibrary@4       0040e070     kernel32:KERNEL32.dll
 0004:00000074       __imp__VirtualQuery@12     0040e074     kernel32:KERNEL32.dll
 0004:00000078       __imp__WideCharToMultiByte@32 0040e078     kernel32:KERNEL32.dll
 0004:0000007c       __imp__MultiByteToWideChar@24 0040e07c     kernel32:KERNEL32.dll
 0004:00000080       __imp__RaiseException@16   0040e080     kernel32:KERNEL32.dll
 0004:00000084       __imp__GetModuleHandleW@4  0040e084     kernel32:KERNEL32.dll
 0004:00000088       __imp__IsProcessorFeaturePresent@4 0040e088     kernel32:KERNEL32.dll
 0004:0000008c       __imp__GetStartupInfoW@4   0040e08c     kernel32:KERNEL32.dll
 0004:00000090       __imp__SetUnhandledExceptionFilter@4 0040e090     kernel32:KERNEL32.dll
 0004:00000094       __imp__UnhandledExceptionFilter@4 0040e094     kernel32:KERNEL32.dll
 0004:00000098       __imp__IsDebuggerPresent@0 0040e098     kernel32:KERNEL32.dll
 0004:0000009c       __imp__InitializeSListHead@4 0040e09c     kernel32:KERNEL32.dll
 0004:000000a0       __imp__GetSystemTimeAsFileTime@4 0040e0a0     kernel32:KERNEL32.dll
 0004:000000a4       __imp__GetCurrentThreadId@0 0040e0a4     kernel32:KERNEL32.dll
 0004:000000a8       __imp__GetCurrentProcessId@0 0040e0a8     kernel32:KERNEL32.dll
 0004:000000ac       __imp__QueryPerformanceCounter@4 0040e0ac     kernel32:KERNEL32.dll
 0004:000000b0       __imp__TerminateProcess@8  0040e0b0     kernel32:KERNEL32.dll
 0004:000000b4       \177KERNEL32_NULL_THUNK_DATA 0040e0b4     kernel32:KERNEL32.dll
 0004:000000f8       __imp__SysStringByteLen@4  0040e0f8     oleaut32:OLEAUT32.dll
 0004:000000fc       __imp__SysAllocString@4    0040e0fc     oleaut32:OLEAUT32.dll
 0004:00000100       \177OLEAUT32_NULL_THUNK_DATA 0040e100     oleaut32:OLEAUT32.dll
 0004:0000012c       __imp____current_exception 0040e12c     vcruntime:VCRUNTIME140.dll
 0004:00000130       __imp____vcrt_GetModuleFileNameW 0040e130     vcruntime:VCRUNTIME140.dll
 0004:00000134       __imp____vcrt_LoadLibraryExW 0040e134     vcruntime:VCRUNTIME140.dll
 0004:00000138       __imp____std_type_info_destroy_list 0040e138     vcruntime:VCRUNTIME140.dll
 0004:0000013c       __imp__memset              0040e13c     vcruntime:VCRUNTIME140.dll
 0004:00000140       __imp___except_handler4_common 0040e140     vcruntime:VCRUNTIME140.dll
 0004:00000144       __imp____current_exception_context 0040e144     vcruntime:VCRUNTIME140.dll
 0004:00000148       __imp__memcpy              0040e148     vcruntime:VCRUNTIME140.dll
 0004:0000014c       \177VCRUNTIME140_NULL_THUNK_DATA 0040e14c     vcruntime:VCRUNTIME140.dll
 0004:0000017c       __imp__accept@12           0040e17c     WS2_32:WS2_32.dll
 0004:00000180       __imp__freeaddrinfo@4      0040e180     WS2_32:WS2_32.dll
 0004:00000184       __imp__getaddrinfo@16      0040e184     WS2_32:WS2_32.dll
 0004:00000188       __imp__WSACleanup@0        0040e188     WS2_32:WS2_32.dll
 0004:0000018c       __imp__WSAStartup@8        0040e18c     WS2_32:WS2_32.dll
 0004:00000190       __imp__bind@12             0040e190     WS2_32:WS2_32.dll
 0004:00000194       __imp__closesocket@4       0040e194     WS2_32:WS2_32.dll
 0004:00000198       __imp__htons@4             0040e198     WS2_32:WS2_32.dll
 0004:0000019c       __imp__socket@12           0040e19c     WS2_32:WS2_32.dll
 0004:000001a0       __imp__inet_ntoa@4         0040e1a0     WS2_32:WS2_32.dll
 0004:000001a4       __imp__listen@8            0040e1a4     WS2_32:WS2_32.dll
 0004:000001a8       __imp__recv@16             0040e1a8     WS2_32:WS2_32.dll
 0004:000001ac       __imp__send@16             0040e1ac     WS2_32:WS2_32.dll
 0004:000001b0       __imp__WSAGetLastError@0   0040e1b0     WS2_32:WS2_32.dll
 0004:000001b4       \177WS2_32_NULL_THUNK_DATA 0040e1b4     WS2_32:WS2_32.dll
 0004:000001e8       __imp__atoi                0040e1e8     ucrt:api-ms-win-crt-convert-l1-1-0.dll
 0004:000001ec       __imp__strtoul             0040e1ec     ucrt:api-ms-win-crt-convert-l1-1-0.dll
 0004:000001f0       \177api-ms-win-crt-convert-l1-1-0_NULL_THUNK_DATA 0040e1f0     ucrt:api-ms-win-crt-convert-l1-1-0.dll
 0004:0000021c       __imp__free                0040e21c     ucrt:api-ms-win-crt-heap-l1-1-0.dll
 0004:00000220       __imp__malloc              0040e220     ucrt:api-ms-win-crt-heap-l1-1-0.dll
 0004:00000224       __imp___set_new_mode       0040e224     ucrt:api-ms-win-crt-heap-l1-1-0.dll
 0004:00000228       \177api-ms-win-crt-heap-l1-1-0_NULL_THUNK_DATA 0040e228     ucrt:api-ms-win-crt-heap-l1-1-0.dll
 0004:00000254       __imp___configthreadlocale 0040e254     ucrt:api-ms-win-crt-locale-l1-1-0.dll
 0004:00000258       \177api-ms-win-crt-locale-l1-1-0_NULL_THUNK_DATA 0040e258     ucrt:api-ms-win-crt-locale-l1-1-0.dll
 0004:00000284       __imp____setusermatherr    0040e284     ucrt:api-ms-win-crt-math-l1-1-0.dll
 0004:00000288       \177api-ms-win-crt-math-l1-1-0_NULL_THUNK_DATA 0040e288     ucrt:api-ms-win-crt-math-l1-1-0.dll
 0004:000002b4       __imp____p___argc          0040e2b4     ucrt:api-ms-win-crt-runtime-l1-1-0.dll
 0004:000002b8       __imp___seh_filter_exe     0040e2b8     ucrt:api-ms-win-crt-runtime-l1-1-0.dll
 0004:000002bc       __imp___seh_filter_dll     0040e2bc     ucrt:api-ms-win-crt-runtime-l1-1-0.dll
 0004:000002c0       __imp___initialize_onexit_table 0040e2c0     ucrt:api-ms-win-crt-runtime-l1-1-0.dll
 0004:000002c4       __imp___register_onexit_function 0040e2c4     ucrt:api-ms-win-crt-runtime-l1-1-0.dll
 0004:000002c8       __imp___execute_onexit_table 0040e2c8     ucrt:api-ms-win-crt-runtime-l1-1-0.dll
 0004:000002cc       __imp___crt_atexit         0040e2cc     ucrt:api-ms-win-crt-runtime-l1-1-0.dll
 0004:000002d0       __imp___register_thread_local_exe_atexit_callback 0040e2d0     ucrt:api-ms-win-crt-runtime-l1-1-0.dll
 0004:000002d4       __imp___controlfp_s        0040e2d4     ucrt:api-ms-win-crt-runtime-l1-1-0.dll
 0004:000002d8       __imp__terminate           0040e2d8     ucrt:api-ms-win-crt-runtime-l1-1-0.dll
 0004:000002dc       __imp___set_app_type       0040e2dc     ucrt:api-ms-win-crt-runtime-l1-1-0.dll
 0004:000002e0       __imp___c_exit             0040e2e0     ucrt:api-ms-win-crt-runtime-l1-1-0.dll
 0004:000002e4       __imp___configure_narrow_argv 0040e2e4     ucrt:api-ms-win-crt-runtime-l1-1-0.dll
 0004:000002e8       __imp___initialize_narrow_environment 0040e2e8     ucrt:api-ms-win-crt-runtime-l1-1-0.dll
 0004:000002ec       __imp___cexit              0040e2ec     ucrt:api-ms-win-crt-runtime-l1-1-0.dll
 0004:000002f0       __imp___get_initial_narrow_environment 0040e2f0     ucrt:api-ms-win-crt-runtime-l1-1-0.dll
 0004:000002f4       __imp___initterm           0040e2f4     ucrt:api-ms-win-crt-runtime-l1-1-0.dll
 0004:000002f8       __imp__exit                0040e2f8     ucrt:api-ms-win-crt-runtime-l1-1-0.dll
 0004:000002fc       __imp___crt_at_quick_exit  0040e2fc     ucrt:api-ms-win-crt-runtime-l1-1-0.dll
 0004:00000300       __imp____p___argv          0040e300     ucrt:api-ms-win-crt-runtime-l1-1-0.dll
 0004:00000304       __imp___exit               0040e304     ucrt:api-ms-win-crt-runtime-l1-1-0.dll
 0004:00000308       __imp___initterm_e         0040e308     ucrt:api-ms-win-crt-runtime-l1-1-0.dll
 0004:0000030c       \177api-ms-win-crt-runtime-l1-1-0_NULL_THUNK_DATA 0040e30c     ucrt:api-ms-win-crt-runtime-l1-1-0.dll
 0004:00000348       __imp__fflush              0040e348     ucrt:api-ms-win-crt-stdio-l1-1-0.dll
 0004:0000034c       __imp___set_fmode          0040e34c     ucrt:api-ms-win-crt-stdio-l1-1-0.dll
 0004:00000350       __imp____acrt_iob_func     0040e350     ucrt:api-ms-win-crt-stdio-l1-1-0.dll
 0004:00000354       __imp____stdio_common_vsprintf_s 0040e354     ucrt:api-ms-win-crt-stdio-l1-1-0.dll
 0004:00000358       __imp____stdio_common_vsprintf 0040e358     ucrt:api-ms-win-crt-stdio-l1-1-0.dll
 0004:0000035c       __imp____stdio_common_vfprintf 0040e35c     ucrt:api-ms-win-crt-stdio-l1-1-0.dll
 0004:00000360       __imp____p__commode        0040e360     ucrt:api-ms-win-crt-stdio-l1-1-0.dll
 0004:00000364       \177api-ms-win-crt-stdio-l1-1-0_NULL_THUNK_DATA 0040e364     ucrt:api-ms-win-crt-stdio-l1-1-0.dll
 0004:00000394       __imp__strcat_s            0040e394     ucrt:api-ms-win-crt-string-l1-1-0.dll
 0004:00000398       __imp__strcmp              0040e398     ucrt:api-ms-win-crt-string-l1-1-0.dll
 0004:0000039c       __imp__strncpy             0040e39c     ucrt:api-ms-win-crt-string-l1-1-0.dll
 0004:000003a0       __imp__strncmp             0040e3a0     ucrt:api-ms-win-crt-string-l1-1-0.dll
 0004:000003a4       __imp__strlen              0040e3a4     ucrt:api-ms-win-crt-string-l1-1-0.dll
 0004:000003a8       __imp__strcpy              0040e3a8     ucrt:api-ms-win-crt-string-l1-1-0.dll
 0004:000003ac       __imp__strcpy_s            0040e3ac     ucrt:api-ms-win-crt-string-l1-1-0.dll
 0004:000003b0       \177api-ms-win-crt-string-l1-1-0_NULL_THUNK_DATA 0040e3b0     ucrt:api-ms-win-crt-string-l1-1-0.dll
 0004:000003e0       __IMPORT_DESCRIPTOR_Essfun 0040e3e0     libessfunc:Essfun.dll
 0004:000003f4       __IMPORT_DESCRIPTOR_KERNEL32 0040e3f4     kernel32:KERNEL32.dll
 0004:00000408       __IMPORT_DESCRIPTOR_OLEAUT32 0040e408     oleaut32:OLEAUT32.dll
 0004:0000041c       __IMPORT_DESCRIPTOR_WS2_32 0040e41c     WS2_32:WS2_32.dll
 0004:00000430       __IMPORT_DESCRIPTOR_VCRUNTIME140 0040e430     vcruntime:VCRUNTIME140.dll
 0004:00000444       __IMPORT_DESCRIPTOR_api-ms-win-crt-string-l1-1-0 0040e444     ucrt:api-ms-win-crt-string-l1-1-0.dll
 0004:00000458       __IMPORT_DESCRIPTOR_api-ms-win-crt-heap-l1-1-0 0040e458     ucrt:api-ms-win-crt-heap-l1-1-0.dll
 0004:0000046c       __IMPORT_DESCRIPTOR_api-ms-win-crt-convert-l1-1-0 0040e46c     ucrt:api-ms-win-crt-convert-l1-1-0.dll
 0004:00000480       __IMPORT_DESCRIPTOR_api-ms-win-crt-stdio-l1-1-0 0040e480     ucrt:api-ms-win-crt-stdio-l1-1-0.dll
 0004:00000494       __IMPORT_DESCRIPTOR_api-ms-win-crt-runtime-l1-1-0 0040e494     ucrt:api-ms-win-crt-runtime-l1-1-0.dll
 0004:000004a8       __IMPORT_DESCRIPTOR_api-ms-win-crt-math-l1-1-0 0040e4a8     ucrt:api-ms-win-crt-math-l1-1-0.dll
 0004:000004bc       __IMPORT_DESCRIPTOR_api-ms-win-crt-locale-l1-1-0 0040e4bc     ucrt:api-ms-win-crt-locale-l1-1-0.dll
 0004:000004d0       __NULL_IMPORT_DESCRIPTOR   0040e4d0     libessfunc:Essfun.dll
 0005:00000000       ___guard_fids_table        00410000     <linker-defined>
 0006:00000000       ___guard_check_icall_fptr  00411000     odbccp32:guard_support.obj
 0006:00000004       ___castguard_check_failure_os_handled_fptr 00411004     odbccp32:guard_support.obj

 entry point at        0001:00000050

 Static symbols

 0005:ffff0000       __guard_fids__             00400000     vchat.obj
 0005:ffff0000       __guard_fids__             00400000     vchat.obj
 0005:ffff0000       __guard_fids__acceptHandler@4 00400000     vchat.obj
 0000:fffec000       .debug$S                   00400000     ucrt:api-ms-win-crt-convert-l1-1-0.dll
 0000:fffec000       .debug$S                   00400000     ucrt:api-ms-win-crt-convert-l1-1-0.dll
 0000:fffec000       .debug$S                   00400000     ucrt:api-ms-win-crt-heap-l1-1-0.dll
 0000:fffec000       .debug$S                   00400000     ucrt:api-ms-win-crt-heap-l1-1-0.dll
 0000:fffec000       .debug$S                   00400000     ucrt:api-ms-win-crt-heap-l1-1-0.dll
 0000:fffec000       .debug$S                   00400000     ucrt:api-ms-win-crt-locale-l1-1-0.dll
 0000:fffec000       .debug$S                   00400000     ucrt:api-ms-win-crt-math-l1-1-0.dll
 0000:fffec000       .debug$S                   00400000     ucrt:api-ms-win-crt-runtime-l1-1-0.dll
 0000:fffec000       .debug$S                   00400000     ucrt:api-ms-win-crt-runtime-l1-1-0.dll
 0000:fffec000       .debug$S                   00400000     ucrt:api-ms-win-crt-runtime-l1-1-0.dll
 0000:fffec000       .debug$S                   00400000     ucrt:api-ms-win-crt-runtime-l1-1-0.dll
 0000:fffec000       .debug$S                   00400000     ucrt:api-ms-win-crt-runtime-l1-1-0.dll
 0000:fffec000       .debug$S                   00400000     ucrt:api-ms-win-crt-runtime-l1-1-0.dll
 0000:fffec000       .debug$S                   00400000     ucrt:api-ms-win-crt-runtime-l1-1-0.dll
 0000:fffec000       .debug$S                   00400000     ucrt:api-ms-win-crt-runtime-l1-1-0.dll
 0000:fffec000       .debug$S                   00400000     ucrt:api-ms-win-crt-runtime-l1-1-0.dll
 0000:fffec000       .debug$S                   00400000     ucrt:api-ms-win-crt-runtime-l1-1-0.dll
 0000:fffec000       .debug$S                   00400000     ucrt:api-ms-win-crt-runtime-l1-1-0.dll
 0000:fffec000       .debug$S                   00400000     ucrt:api-ms-win-crt-runtime-l1-1-0.dll
 0000:fffec000       .debug$S                   00400000     ucrt:api-ms-win-crt-runtime-l1-1-0.dll
 0000:fffec000       .debug$S                   00400000     ucrt:api-ms-win-crt-runtime-l1-1-0.dll
 0000:fffec000       .debug$S                   00400000     ucrt:api-ms-win-crt-runtime-l1-1-0.dll
 0000:fffec000       .debug$S                   00400000     ucrt:api-ms-win-crt-runtime-l1-1-0.dll
 0000:fffec000       .debug$S                   00400000     ucrt:api-ms-win-crt-runtime-l1-1-0.dll
 0000:fffec000       .debug$S                   00400000     ucrt:api-ms-win-crt-runtime-l1-1-0.dll
 0000:fffec000       .debug$S                   00400000     ucrt:api-ms-win-crt-runtime-l1-1-0.dll
 0000:fffec000       .debug$S                   00400000     ucrt:api-ms-win-crt-runtime-l1-1-0.dll
 0000:fffec000       .debug$S                   00400000     ucrt:api-ms-win-crt-runtime-l1-1-0.dll
 0000:fffec000       .debug$S                   00400000     ucrt:api-ms-win-crt-runtime-l1-1-0.dll
 0000:fffec000       .debug$S                   00400000     ucrt:api-ms-win-crt-stdio-l1-1-0.dll
 0000:fffec000       .debug$S                   00400000     ucrt:api-ms-win-crt-stdio-l1-1-0.dll
 0000:fffec000       .debug$S                   00400000     ucrt:api-ms-win-crt-stdio-l1-1-0.dll
 0000:fffec000       .debug$S                   00400000     ucrt:api-ms-win-crt-stdio-l1-1-0.dll
 0000:fffec000       .debug$S                   00400000     ucrt:api-ms-win-crt-stdio-l1-1-0.dll
 0000:fffec000       .debug$S                   00400000     ucrt:api-ms-win-crt-stdio-l1-1-0.dll
 0000:fffec000       .debug$S                   00400000     ucrt:api-ms-win-crt-stdio-l1-1-0.dll
 0000:fffec000       .debug$S                   00400000     ucrt:api-ms-win-crt-string-l1-1-0.dll
 0000:fffec000       .debug$S                   00400000     ucrt:api-ms-win-crt-string-l1-1-0.dll
 0000:fffec000       .debug$S                   00400000     ucrt:api-ms-win-crt-string-l1-1-0.dll
 0000:fffec000       .debug$S                   00400000     ucrt:api-ms-win-crt-string-l1-1-0.dll
 0000:fffec000       .debug$S                   00400000     ucrt:api-ms-win-crt-string-l1-1-0.dll
 0000:fffec000       .debug$S                   00400000     ucrt:api-ms-win-crt-string-l1-1-0.dll
 0000:fffec000       .debug$S                   00400000     ucrt:api-ms-win-crt-string-l1-1-0.dll
 0000:fffec000       .debug$S                   00400000     WS2_32:WS2_32.dll
 0000:fffec000       .debug$S                   00400000     WS2_32:WS2_32.dll
 0000:fffec000       .debug$S                   00400000     WS2_32:WS2_32.dll
 0000:fffec000       .debug$S                   00400000     WS2_32:WS2_32.dll
 0000:fffec000       .debug$S                   00400000     WS2_32:WS2_32.dll
 0000:fffec000       .debug$S                   00400000     WS2_32:WS2_32.dll
 0000:fffec000       .debug$S                   00400000     WS2_32:WS2_32.dll
 0000:fffec000       .debug$S                   00400000     WS2_32:WS2_32.dll
 0000:fffec000       .debug$S                   00400000     WS2_32:WS2_32.dll
 0000:fffec000       .debug$S                   00400000     WS2_32:WS2_32.dll
 0000:fffec000       .debug$S                   00400000     WS2_32:WS2_32.dll
 0000:fffec000       .debug$S                   00400000     WS2_32:WS2_32.dll
 0000:fffec000       .debug$S                   00400000     WS2_32:WS2_32.dll
 0000:fffec000       .debug$S                   00400000     WS2_32:WS2_32.dll
 0000:fffec000       .debug$S                   00400000     kernel32:KERNEL32.dll
 0000:fffec000       .debug$S                   00400000     kernel32:KERNEL32.dll
 0000:fffec000       .debug$S                   00400000     kernel32:KERNEL32.dll
 0000:fffec000       .debug$S                   00400000     kernel32:KERNEL32.dll
 0000:fffec000       .debug$S                   00400000     kernel32:KERNEL32.dll
 0000:fffec000       .debug$S                   00400000     kernel32:KERNEL32.dll
 0000:fffec000       .debug$S                   00400000     kernel32:KERNEL32.dll
 0000:fffec000       .debug$S                   00400000     kernel32:KERNEL32.dll
 0000:fffec000       .debug$S                   00400000     kernel32:KERNEL32.dll
 0000:fffec000       .debug$S                   00400000     kernel32:KERNEL32.dll
 0000:fffec000       .debug$S                   00400000     kernel32:KERNEL32.dll
 0000:fffec000       .debug$S                   00400000     kernel32:KERNEL32.dll
 0000:fffec000       .debug$S                   00400000     kernel32:KERNEL32.dll
 0000:fffec000       .debug$S                   00400000     kernel32:KERNEL32.dll
 0000:fffec000       .debug$S                   00400000     kernel32:KERNEL32.dll
 0000:fffec000       .debug$S                   00400000     kernel32:KERNEL32.dll
 0000:fffec000       .debug$S                   00400000     kernel32:KERNEL32.dll
 0000:fffec000       .debug$S                   00400000     kernel32:KERNEL32.dll
 0000:fffec000       .debug$S                   00400000     kernel32:KERNEL32.dll
 0000:fffec000       .debug$S                   00400000     kernel32:KERNEL32.dll
 0000:fffec000       .debug$S                   00400000     kernel32:KERNEL32.dll
 0000:fffec000       .debug$S                   00400000     kernel32:KERNEL32.dll
 0000:fffec000       .debug$S                   00400000     kernel32:KERNEL32.dll
 0000:fffec000       .debug$S                   00400000     kernel32:KERNEL32.dll
 0000:fffec000       .debug$S                   00400000     kernel32:KERNEL32.dll
 0000:fffec000       .debug$S                   00400000     kernel32:KERNEL32.dll
 0000:fffec000       .debug$S                   00400000     kernel32:KERNEL32.dll
 0000:fffec000       .debug$S                   00400000     kernel32:KERNEL32.dll
 0000:fffec000       .debug$S                   00400000     kernel32:KERNEL32.dll
 0000:fffec000       .debug$S                   00400000     kernel32:KERNEL32.dll
 0000:fffec000       .debug$S                   00400000     kernel32:KERNEL32.dll
 0000:fffec000       .debug$S                   00400000     kernel32:KERNEL32.dll
 0000:fffec000       .debug$S                   00400000     kernel32:KERNEL32.dll
 0005:ffff0000       __guard_fids__             00400000     odbccp32:guard_support.obj
 0005:ffff0000       __guard_fids___guard_icall_checks_enforced 00400000     odbccp32:guard_support.obj
 0000:00000000       _volmd                     00400000     odbccp32:guard_support.obj
 0000:00000000       _volmd                     00400000     odbccp32:guard_support.obj
 0000:00000000       _volmd                     00400000     odbccp32:guard_support.obj
 0000:00000000       _volmd                     00400000     odbccp32:guard_support.obj
 0000:00000000       _volmd                     00400000     odbccp32:guard_support.obj
 0000:00000000       _volmd                     00400000     odbccp32:guard_support.obj
 0000:fffec000       .debug$S                   00400000     oleaut32:OLEAUT32.dll
 0000:fffec000       .debug$S                   00400000     oleaut32:OLEAUT32.dll
 0005:ffff0000       __guard_fids___except_handler4 00400000     MSVCRT:chandler4gs.obj
 0000:00000000       _volmd                     00400000     MSVCRT:cpu_disp.obj
 0005:ffff0000       __guard_fids_?pre_c_initialization@@YAHXZ 00400000     MSVCRT:exe_main.obj
 0005:ffff0000       __guard_fids__             00400000     MSVCRT:exe_main.obj
 0000:00000000       _volmd                     00400000     MSVCRT:gs_report.obj
 0005:ffff0000       __guard_fids____scrt_set_unhandled_exception_filter 00400000     MSVCRT:utility_desktop.obj
 0000:fffec000       .debug$S                   00400000     vcruntime:VCRUNTIME140.dll
 0000:fffec000       .debug$S                   00400000     vcruntime:VCRUNTIME140.dll
 0000:fffec000       .debug$S                   00400000     vcruntime:VCRUNTIME140.dll
 0000:fffec000       .debug$S                   00400000     vcruntime:VCRUNTIME140.dll
 0000:fffec000       .debug$S                   00400000     vcruntime:VCRUNTIME140.dll
 0000:fffec000       .debug$S                   00400000     vcruntime:VCRUNTIME140.dll
 0000:fffec000       .debug$S                   00400000     vcruntime:VCRUNTIME140.dll
 0000:fffec000       .debug$S                   00400000     vcruntime:VCRUNTIME140.dll
 0000:fffec000       .debug$S                   00400000     libessfunc:Essfun.dll
 0005:ffff0004       __guard_fids__Function5    00400004     vchat.obj
 0005:ffff0004       __guard_fids__             00400004     MSVCRT:exe_main.obj
 0005:ffff0008       __guard_fids__Function6a   00400008     vchat.obj
 0005:ffff0008       __guard_fids__             00400008     MSVCRT:exe_main.obj
 0005:ffff000c       __guard_fids__Function7    0040000c     vchat.obj
 0005:ffff0010       __guard_fids__Function8a   00400010     vchat.obj
 0005:ffff0014       __guard_fids__main         00400014     vchat.obj
 0001:00003bfb       ___castguard_check_failure_os_handled_wrapper 00404bfb f   odbccp32:guard_support.obj
 0001:00003c19       ___castguard_compat_check  00404c19 f   odbccp32:guard_support.obj
 0001:00003d0c       ___castguard_slow_path_compat_check 00404d0c f   odbccp32:guard_support.obj
 0001:00003de0       ?pre_c_initialization@@YAHXZ 00404de0 f   MSVCRT:exe_main.obj
 0001:00003ec0       ?post_pgo_initialization@@YAHXZ 00404ec0 f   MSVCRT:exe_main.obj
 0001:00003ed0       ?pre_cpp_initialization@@YAXXZ 00404ed0 f   MSVCRT:exe_main.obj
 0001:00003ee6       ?__scrt_common_main@@YAHXZ 00404ee6 f   MSVCRT:exe_main.obj
 0001:00003ef2       ?__scrt_common_main_seh@@YAHXZ 00404ef2 f   MSVCRT:exe_main.obj
 0001:000040e9       ?invoke_main@@YAHXZ        004050e9 f   MSVCRT:exe_main.obj
 0001:000041f5       ?find_pe_section@@YAPAU_IMAGE_SECTION_HEADER@@QAEI@Z 004051f5 f   MSVCRT:utility.obj
 0001:0000424a       ?is_potentially_valid_image_base@@YA_NQAX@Z 0040524a f   MSVCRT:utility.obj
 0001:00004641       ___get_entropy             00405641 f   MSVCRT:gs_support.obj
 0001:00004aa0       $$000000                   00405aa0     MSVCRT:sehprolg4.obj
 0001:00004b00       $$000000                   00405b00     MSVCRT:sehprolg4.obj
 0001:00004b5a       ?DebuggerProbe@@YA_NK@Z    00405b5a f   MSVCRT:error.obj
 0001:00004b96       ?DebuggerRuntime@@YA_NKHPAXPB_W@Z 00405b96 f   MSVCRT:error.obj
 0001:00004e11       ?_getMemBlockDataString@@YAXPAD0PBDI@Z 00405e11 f   MSVCRT:error.obj
 0001:00004e90       ?_strlen_priv@@YAIPBD@Z    00405e90 f   MSVCRT:error.obj
 0001:00004ea7       ?failwithmessage@@YAXPAXHHPBD@Z 00405ea7 f   MSVCRT:error.obj
 0001:000051a7       ?notify_debugger@@YAXABUtagEXCEPTION_VISUALCPP_DEBUG_INFO@@@Z 004061a7 f   MSVCRT:error.obj
 0001:00005751       ?GetPdbDll@@YAPAUHINSTANCE__@@XZ 00406751 f   MSVCRT:pdblkup.obj
 0001:0000576f       ?GetPdbDllFromInstallPath@@YAPAUHINSTANCE__@@XZ 0040676f f   MSVCRT:pdblkup.obj
 0002:00000104       ?pre_cpp_initializer@@3P6AXXZA 00409104     MSVCRT:exe_main.obj
 0002:00000410       ?pre_c_initializer@@3P6AHXZA 00409410     MSVCRT:exe_main.obj
 0002:00000514       ?post_pgo_initializer@@3P6AHXZA 00409514     MSVCRT:exe_main.obj
 0002:00000b30       ?_RTC_errlist@@3QBQBDB     00409b30     MSVCRT:userapi.obj
 0002:00000c14       ?_RTC_ErrorMessages@@3QBQBDB 00409c14     MSVCRT:error.obj
 0002:00000c2c       ?_RTC_NoFalsePositives@@3QBHB 00409c2c     MSVCRT:error.obj
 0002:00000c44       ?stack_premsg@@3QBDB       00409c44     MSVCRT:error.obj
 0002:00000c60       ?stack_postmsg@@3QBDB      00409c60     MSVCRT:error.obj
 0002:00000c74       ?uninit_premsg@@3QBDB      00409c74     MSVCRT:error.obj
 0002:00000c84       ?uninit_postmsg@@3QBDB     00409c84     MSVCRT:error.obj
 0002:000012d0       ?mspdbName@@3QB_WB         0040a2d0     MSVCRT:pdblkup.obj
 0002:00001468       _GS_ExceptionPointers      0040a468     MSVCRT:gs_report.obj
 0002:00001c6c       __RTC_InitBase.rtc$IMZ     0040ac6c     vchat.obj
 0002:00001f78       __RTC_Shutdown.rtc$TMZ     0040af78     vchat.obj
 0002:00002180       __sehtable$?__scrt_common_main_seh@@YAHXZ 0040b180     MSVCRT:exe_main.obj
 0002:000021a0       __sehtable$___scrt_is_nonwritable_in_current_image 0040b1a0     MSVCRT:utility.obj
 0002:000021c0       __sehtable$?notify_debugger@@YAXABUtagEXCEPTION_VISUALCPP_DEBUG_INFO@@@Z 0040b1c0     MSVCRT:error.obj
 0003:00000008       $SG67745                   0040c008     vchat.obj
 0003:00000020       $SG67746                   0040c020     vchat.obj
 0003:00000038       $SG67751                   0040c038     vchat.obj
 0003:00000050       $SG67774                   0040c050     vchat.obj
 0003:00000084       $SG67777                   0040c084     vchat.obj
 0003:000000a4       $SG67779                   0040c0a4     vchat.obj
 0003:000000c0       $SG67793                   0040c0c0     vchat.obj
 0003:000000f4       $SG67797                   0040c0f4     vchat.obj
 0003:00000118       $SG67799                   0040c118     vchat.obj
 0003:00000138       $SG67818                   0040c138     vchat.obj
 0003:00000158       $SG67820                   0040c158     vchat.obj
 0003:00000174       $SG67833                   0040c174     vchat.obj
 0003:00000198       $SG67835                   0040c198     vchat.obj
 0003:000001b8       $SG67869                   0040c1b8     vchat.obj
 0003:000001dc       $SG67871                   0040c1dc     vchat.obj
 0003:00000200       $SG67873                   0040c200     vchat.obj
 0003:00000220       $SG67875                   0040c220     vchat.obj
 0003:00000240       $SG67877                   0040c240     vchat.obj
 0003:00000260       $SG67878                   0040c260     vchat.obj
 0003:00000284       $SG67881                   0040c284     vchat.obj
 0003:000002a4       $SG67882                   0040c2a4     vchat.obj
 0003:000002d0       $SG67884                   0040c2d0     vchat.obj
 0003:000002ec       $SG67885                   0040c2ec     vchat.obj
 0003:000002f8       $SG67886                   0040c2f8     vchat.obj
 0003:000002fc       $SG67887                   0040c2fc     vchat.obj
 0003:00000300       $SG67895                   0040c300     vchat.obj
 0003:00000330       $SG67981                   0040c330     vchat.obj
 0003:00000378       $SG68007                   0040c378     vchat.obj
 0003:00000450       $SG68009                   0040c450     vchat.obj
 0003:00000454       $SG68012                   0040c454     vchat.obj
 0003:0000045c       $SG68013                   0040c45c     vchat.obj
 0003:00000478       $SG68016                   0040c478     vchat.obj
 0003:00000484       $SG68020                   0040c484     vchat.obj
 0003:0000048c       $SG68022                   0040c48c     vchat.obj
 0003:000004b4       $SG68024                   0040c4b4     vchat.obj
 0003:000004ec       $SG68026                   0040c4ec     vchat.obj
 0003:000004f4       $SG68029                   0040c4f4     vchat.obj
 0003:00000510       $SG68031                   0040c510     vchat.obj
 0003:0000051c       $SG68032                   0040c51c     vchat.obj
 0003:00000528       $SG68034                   0040c528     vchat.obj
 0003:00000534       $SG68104                   0040c534     vchat.obj
 0003:00000568       $SG68105                   0040c568     vchat.obj
 0003:0000057c       $SG68107                   0040c57c     vchat.obj
 0003:0000059c       $SG68112                   0040c59c     vchat.obj
 0003:000005a4       $SG68113                   0040c5a4     vchat.obj
 0003:000005d4       $SG68116                   0040c5d4     vchat.obj
 0003:000005e0       $SG68117                   0040c5e0     vchat.obj
 0003:00000704       $SG68120                   0040c704     vchat.obj
 0003:0000070c       $SG68121                   0040c70c     vchat.obj
 0003:00000720       $SG68124                   0040c720     vchat.obj
 0003:00000728       $SG68125                   0040c728     vchat.obj
 0003:00000744       $SG68128                   0040c744     vchat.obj
 0003:0000074c       $SG68129                   0040c74c     vchat.obj
 0003:00000768       $SG68132                   0040c768     vchat.obj
 0003:00000770       $SG68133                   0040c770     vchat.obj
 0003:00000780       $SG68136                   0040c780     vchat.obj
 0003:00000788       $SG68138                   0040c788     vchat.obj
 0003:00000798       $SG68141                   0040c798     vchat.obj
 0003:000007a0       $SG68142                   0040c7a0     vchat.obj
 0003:000007b8       $SG68144                   0040c7b8     vchat.obj
 0003:000007bc       $SG68146                   0040c7bc     vchat.obj
 0003:000007c8       $SG68147                   0040c7c8     vchat.obj
 0003:000007d0       $SG68148                   0040c7d0     vchat.obj
 0003:000007e0       $SG68151                   0040c7e0     vchat.obj
 0003:000007e8       $SG68156                   0040c7e8     vchat.obj
 0003:000007f0       $SG68159                   0040c7f0     vchat.obj
 0003:000007f8       $SG68160                   0040c7f8     vchat.obj
 0003:00000808       $SG68163                   0040c808     vchat.obj
 0003:00000810       $SG68164                   0040c810     vchat.obj
 0003:00000820       $SG68167                   0040c820     vchat.obj
 0003:00000828       $SG68168                   0040c828     vchat.obj
 0003:00000838       $SG68171                   0040c838     vchat.obj
 0003:00000840       $SG68172                   0040c840     vchat.obj
 0003:00000850       $SG68175                   0040c850     vchat.obj
 0003:00000858       $SG68176                   0040c858     vchat.obj
 0003:00000868       $SG68181                   0040c868     vchat.obj
 0003:00000870       $SG68182                   0040c870     vchat.obj
 0003:00000880       $SG68185                   0040c880     vchat.obj
 0003:00000888       $SG68186                   0040c888     vchat.obj
 0003:0000089c       $SG68189                   0040c89c     vchat.obj
 0003:000008a4       $SG68190                   0040c8a4     vchat.obj
 0003:000008b4       $SG68193                   0040c8b4     vchat.obj
 0003:000008bc       $SG68194                   0040c8bc     vchat.obj
 0003:000008d0       $SG68197                   0040c8d0     vchat.obj
 0003:000008d8       $SG68201                   0040c8d8     vchat.obj
 0003:000008e8       $SG68204                   0040c8e8     vchat.obj
 0003:000008f0       $SG68205                   0040c8f0     vchat.obj
 0003:00000900       $SG68208                   0040c900     vchat.obj
 0003:00000908       $SG68209                   0040c908     vchat.obj
 0003:00000914       $SG68210                   0040c914     vchat.obj
 0003:0000092c       $SG68213                   0040c92c     vchat.obj
 0003:00000930       $SG68214                   0040c930     vchat.obj
 0003:00000944       $SG68216                   0040c944     vchat.obj
 0003:00000964       $SG68219                   0040c964     vchat.obj
 0003:0000097c       $SG68221                   0040c97c     vchat.obj
 0003:000009a0       $SG68235                   0040c9a0     vchat.obj
 0003:00000a10       $SG68238                   0040ca10     vchat.obj
 0003:00000a18       $SG68243                   0040ca18     vchat.obj
 0003:00000a20       $SG68244                   0040ca20     vchat.obj
 0003:00000a28       $SG68245                   0040ca28     vchat.obj
 0003:00000a30       $SG68246                   0040ca30     vchat.obj
 0003:00000a58       $SG68247                   0040ca58     vchat.obj
 0003:00000afc       $SG68249                   0040cafc     vchat.obj
 0003:00000b1c       $SG68251                   0040cb1c     vchat.obj
 0003:00000eb8       _clients                   0040ceb8     vchat.obj
 0003:00001048       _end_flag                  0040d048     vchat.obj
 0003:0000109e       ?init@?1??_RTC_InitBase@@9@4_NA 0040d09e     MSVCRT:init.obj
 0003:000010a0       ?_RTC_ErrorReportFunc@@3P6AHHPBDH00ZZA 0040d0a0     MSVCRT:userapi.obj
 0003:000010a4       ?_RTC_ErrorReportFuncW@@3P6AHHPB_WH00ZZA 0040d0a4     MSVCRT:userapi.obj
 0003:000010b4       ?is_initialized_as_dll@@3_NA 0040d0b4     MSVCRT:utility.obj
 0003:000010b5       ?module_local_atexit_table_initialized@@3_NA 0040d0b5     MSVCRT:utility.obj
 0003:000010b8       ?module_local_atexit_table@@3U_onexit_table_t@@A 0040d0b8     MSVCRT:utility.obj
 0003:000010c4       ?module_local_at_quick_exit_table@@3U_onexit_table_t@@A 0040d0c4     MSVCRT:utility.obj
 0003:00001118       ?mspdb@@3PAUHINSTANCE__@@A 0040d118     MSVCRT:pdblkup.obj
 0003:0000111c       ?alreadyTried@?1??GetPdbDll@@YAPAUHINSTANCE__@@XZ@4_NA 0040d11c     MSVCRT:pdblkup.obj
 0003:0000111d       ?PDBOK@?1??_RTC_GetSrcLine@@YAHPAEPA_WKPAH1K@Z@4_NA 0040d11d     MSVCRT:pdblkup.obj
 0003:00001120       _GS_ExceptionRecord        0040d120     MSVCRT:gs_report.obj
 0003:00001170       _GS_ContextRecord          0040d170     MSVCRT:gs_report.obj
 0004:000008d6       .idata$6                   0040e8d6     libessfunc:Essfun.dll
 0004:000009c4       .idata$6                   0040e9c4     kernel32:KERNEL32.dll
 0004:000009d2       .idata$6                   0040e9d2     oleaut32:OLEAUT32.dll
 0004:000009fe       .idata$6                   0040e9fe     WS2_32:WS2_32.dll
 0004:00000ac0       .idata$6                   0040eac0     vcruntime:VCRUNTIME140.dll
 0004:00000dae       .idata$6                   0040edae     ucrt:api-ms-win-crt-string-l1-1-0.dll
 0004:00000dd0       .idata$6                   0040edd0     ucrt:api-ms-win-crt-heap-l1-1-0.dll
 0004:00000df0       .idata$6                   0040edf0     ucrt:api-ms-win-crt-convert-l1-1-0.dll
 0004:00000e12       .idata$6                   0040ee12     ucrt:api-ms-win-crt-stdio-l1-1-0.dll
 0004:00000e32       .idata$6                   0040ee32     ucrt:api-ms-win-crt-runtime-l1-1-0.dll
 0004:00000e54       .idata$6                   0040ee54     ucrt:api-ms-win-crt-math-l1-1-0.dll
 0004:00000e74       .idata$6                   0040ee74     ucrt:api-ms-win-crt-locale-l1-1-0.dll
 0007:00000170       $R000000                   00412170     * linker generated manifest res *
