 VChat

 Timestamp is 66882fc0 (Fri Jul  5 13:39:12 2024)

 Preferred load address is 00400000

 Start         Length     Name                   Class
 0001:00000000 00006f1aH .text$mn                CODE
 0002:00000000 00000104H .CRT$XCA                DATA
 0002:00000104 00000104H .CRT$XCAA               DATA
 0002:00000208 00000104H .CRT$XCZ                DATA
 0002:0000030c 00000104H .CRT$XIA                DATA
 0002:00000410 00000104H .CRT$XIAA               DATA
 0002:00000514 00000104H .CRT$XIAC               DATA
 0002:00000618 00000104H .CRT$XIZ                DATA
 0002:0000071c 00000104H .CRT$XPA                DATA
 0002:00000820 00000104H .CRT$XPZ                DATA
 0002:00000924 00000104H .CRT$XTA                DATA
 0002:00000a28 00000108H .CRT$XTZ                DATA
 0002:00000b30 00000bd0H .rdata                  DATA
 0002:00001700 00000180H .rdata$CastGuardVftablesA DATA
 0002:00001880 0000014cH .rdata$CastGuardVftablesC DATA
 0002:000019cc 0000019cH .rdata$zzzdbg           DATA
 0002:00001b68 00000104H .rtc$IAA                DATA
 0002:00001c6c 00000104H .rtc$IMZ                DATA
 0002:00001d70 00000104H .rtc$IZZ                DATA
 0002:00001e74 00000104H .rtc$TAA                DATA
 0002:00001f78 00000104H .rtc$TMZ                DATA
 0002:0000207c 00000104H .rtc$TZZ                DATA
 0002:00002180 00000169H .xdata$x                DATA
 0002:000022e9 00000000H .edata                  DATA
 0003:00000000 00000c28H .data                   DATA
 0003:00000c28 00000668H .bss                    DATA
 0004:00000000 000003a8H .idata$5                DATA
 0004:000003a8 000000dcH .idata$2                DATA
 0004:00000484 00000014H .idata$3                DATA
 0004:00000498 000003a8H .idata$4                DATA
 0004:00000840 00000911H .idata$6                DATA
 0005:00000000 0000018cH .gfids                  DATA
 0005:0000018c 00000000H .gfids$y                DATA
 0006:00000000 00000109H .00cfg                  DATA
 0007:00000000 00000170H .rsrc$01                DATA
 0007:00000170 000002ccH .rsrc$02                DATA

  Address         Publics by Value              Rva+Base       Lib:Object

 0000:00000000       ___AbsoluteZero            00000000     <absolute>
 0000:00000000       ___arm64x_extra_rfe_table  00000000     <absolute>
 0000:00000000       ___arm64x_extra_rfe_table_size 00000000     <absolute>
 0000:00000000       ___arm64x_native_entrypoint 00000000     <absolute>
 0000:00000000       ___arm64x_redirection_metadata 00000000     <absolute>
 0000:00000000       ___arm64x_redirection_metadata_count 00000000     <absolute>
 0000:00000000       ___dynamic_value_reloc_table 00000000     <absolute>
 0000:00000000       ___enclave_config          00000000     <absolute>
 0000:00000000       ___guard_check_icall_a64n_fptr 00000000     <absolute>
 0000:00000000       ___guard_eh_cont_count     00000000     <absolute>
 0000:00000000       ___guard_eh_cont_table     00000000     <absolute>
 0000:00000000       ___guard_iat_count         00000000     <absolute>
 0000:00000000       ___guard_iat_table         00000000     <absolute>
 0000:00000000       ___guard_longjmp_count     00000000     <absolute>
 0000:00000000       ___guard_longjmp_table     00000000     <absolute>
 0000:00000000       ___hybrid_auxiliary_delayload_iat 00000000     <absolute>
 0000:00000000       ___hybrid_auxiliary_delayload_iat_copy 00000000     <absolute>
 0000:00000000       ___hybrid_auxiliary_iat    00000000     <absolute>
 0000:00000000       ___hybrid_auxiliary_iat_copy 00000000     <absolute>
 0000:00000000       ___hybrid_code_map         00000000     <absolute>
 0000:00000000       ___hybrid_code_map_count   00000000     <absolute>
 0000:00000000       ___hybrid_image_info_bitfield 00000000     <absolute>
 0000:00000000       ___safe_se_handler_count   00000000     <absolute>
 0000:00000000       ___safe_se_handler_table   00000000     <absolute>
 0000:00000000       ___volatile_metadata       00000000     <absolute>
 0000:00000000       ___x64_code_ranges_to_entry_points 00000000     <absolute>
 0000:00000000       ___x64_code_ranges_to_entry_points_count 00000000     <absolute>
 0000:00000010       ___guard_fids_count        00000010     <absolute>
 0000:00014500       ___guard_flags             00014500     <absolute>
 0000:00000000       ___ImageBase               00400000     <linker-defined>
 0001:000010d0       _ConnectionHandler@4       004020d0 f   vchat.obj
 0001:00001d50       _acceptHandler@4           00402d50 f   vchat.obj
 0001:00002100       _queue_delete              00403100 f   vchat.obj
 0001:00002240       _broadcast                 00403240 f   vchat.obj
 0001:00002350       _checkVacancy              00403350 f   vchat.obj
 0001:00002400       _controlHandler@4          00403400 f   vchat.obj
 0001:000024c0       _Function1                 004034c0 f   vchat.obj
 0001:000024e0       _Function2                 004034e0 f   vchat.obj
 0001:00002500       _Function3                 00403500 f   vchat.obj
 0001:00002520       _Function4                 00403520 f   vchat.obj
 0001:00002540       _Function5                 00403540 f   vchat.obj
 0001:00002580       _Function6a                00403580 f   vchat.obj
 0001:00002740       _Function6b                00403740 f   vchat.obj
 0001:000027b0       _good_function             004037b0 f   vchat.obj
 0001:000027e0       _bad_function              004037e0 f   vchat.obj
 0001:00002800       _fill_array                00403800 f   vchat.obj
 0001:00002830       _queue_add                 00403830 f   vchat.obj
 0001:00002930       _main                      00403930 f   vchat.obj
 0001:00002ec0       ___local_stdio_printf_options 00403ec0 f i vchat.obj
 0001:00002ed0       __vfprintf_l               00403ed0 f i vchat.obj
 0001:00002f10       __vsnprintf_l              00403f10 f i vchat.obj
 0001:00002f80       __vsprintf_l               00403f80 f i vchat.obj
 0001:00002fb0       _fprintf                   00403fb0 f i vchat.obj
 0001:00002ff0       _printf                    00403ff0 f i vchat.obj
 0001:00003040       _sprintf                   00404040 f i vchat.obj
 0001:0000307f       _EssentialFunc1            0040407f f   libessfunc:Essfun.dll
 0001:00003085       _GetStdHandle@4            00404085 f   kernel32:KERNEL32.dll
 0001:0000308b       _CloseHandle@4             0040408b f   kernel32:KERNEL32.dll
 0001:00003091       _GetLastError@0            00404091 f   kernel32:KERNEL32.dll
 0001:00003097       _ReleaseMutex@4            00404097 f   kernel32:KERNEL32.dll
 0001:0000309d       _WaitForSingleObject@8     0040409d f   kernel32:KERNEL32.dll
 0001:000030a3       _CreateMutexW@12           004040a3 f   kernel32:KERNEL32.dll
 0001:000030a9       _Sleep@4                   004040a9 f   kernel32:KERNEL32.dll
 0001:000030af       _CreateThread@24           004040af f   kernel32:KERNEL32.dll
 0001:000030b5       _GetConsoleMode@8          004040b5 f   kernel32:KERNEL32.dll
 0001:000030bb       _SetConsoleMode@8          004040bb f   kernel32:KERNEL32.dll
 0001:000030c1       _SetConsoleCtrlHandler@8   004040c1 f   kernel32:KERNEL32.dll
 0001:000030c7       _ReadNoFence               004040c7 f i odbccp32:guard_support.obj
 0001:000030d6       _ReadPointerNoFence        004040d6 f i odbccp32:guard_support.obj
 0001:000030e5       ___castguard_check_failure_debugbreak 004040e5 f i odbccp32:guard_support.obj
 0001:00003109       ___castguard_check_failure_fastfail 00404109 f i odbccp32:guard_support.obj
 0001:00003132       ___castguard_check_failure_nop 00404132 f i odbccp32:guard_support.obj
 0001:00003135       ___castguard_check_failure_os_handled 00404135 f i odbccp32:guard_support.obj
 0001:000031af       ___castguard_slow_path_check_debugbreak 004041af f i odbccp32:guard_support.obj
 0001:000031e9       ___castguard_slow_path_check_fastfail 004041e9 f i odbccp32:guard_support.obj
 0001:00003228       ___castguard_slow_path_check_nop 00404228 f i odbccp32:guard_support.obj
 0001:0000322b       ___castguard_slow_path_check_os_handled 0040422b f i odbccp32:guard_support.obj
 0001:000032a1       __guard_icall_checks_enforced 004042a1 f i odbccp32:guard_support.obj
 0001:000032c0       @_guard_check_icall_nop@4  004042c0 f i odbccp32:guard_check.obj
 0001:000032c3       _accept@12                 004042c3 f   WS2_32:WS2_32.dll
 0001:000032c9       _bind@12                   004042c9 f   WS2_32:WS2_32.dll
 0001:000032cf       _closesocket@4             004042cf f   WS2_32:WS2_32.dll
 0001:000032d5       _htons@4                   004042d5 f   WS2_32:WS2_32.dll
 0001:000032db       _inet_ntoa@4               004042db f   WS2_32:WS2_32.dll
 0001:000032e1       _listen@8                  004042e1 f   WS2_32:WS2_32.dll
 0001:000032e7       _recv@16                   004042e7 f   WS2_32:WS2_32.dll
 0001:000032ed       _send@16                   004042ed f   WS2_32:WS2_32.dll
 0001:000032f3       _socket@12                 004042f3 f   WS2_32:WS2_32.dll
 0001:000032f9       _WSAStartup@8              004042f9 f   WS2_32:WS2_32.dll
 0001:000032ff       _WSACleanup@0              004042ff f   WS2_32:WS2_32.dll
 0001:00003305       _WSAGetLastError@0         00404305 f   WS2_32:WS2_32.dll
 0001:0000330b       _getaddrinfo@16            0040430b f   WS2_32:WS2_32.dll
 0001:00003311       _freeaddrinfo@4            00404311 f   WS2_32:WS2_32.dll
 0001:00003317       __CRT_RTC_INIT             00404317 f   MSVCRT:init.obj
 0001:0000331a       __CRT_RTC_INITW            0040431a f   MSVCRT:init.obj
 0001:00003320       __RTC_InitBase             00404320 f   MSVCRT:init.obj
 0001:00003340       __RTC_Shutdown             00404340 f   MSVCRT:init.obj
 0001:00003644       ?configure_argv@__scrt_narrow_argv_policy@@SAHXZ 00404644 f i MSVCRT:exe_main.obj
 0001:00003654       ?initialize_environment@__scrt_narrow_environment_policy@@SAHXZ 00404654 f i MSVCRT:exe_main.obj
 0001:00003686       ?set_app_type@__scrt_main_policy@@SAXXZ 00404686 f i MSVCRT:exe_main.obj
 0001:00003691       ?set_commode@__scrt_file_policy@@SAXXZ 00404691 f i MSVCRT:exe_main.obj
 0001:000036a6       ?set_fmode@__scrt_file_policy@@SAXXZ 004046a6 f i MSVCRT:exe_main.obj
 0001:000036c0       _mainCRTStartup            004046c0 f   MSVCRT:exe_main.obj
 0001:000036cc       ?_RTC_GetErrorFunc@@YAP6AHHPBDH00ZZPBX@Z 004046cc f   MSVCRT:userapi.obj
 0001:000036d2       ?_RTC_GetErrorFuncW@@YAP6AHHPB_WH00ZZPBX@Z 004046d2 f   MSVCRT:userapi.obj
 0001:000036d8       __RTC_GetErrDesc           004046d8 f   MSVCRT:userapi.obj
 0001:000036f6       __RTC_NumErrors            004046f6 f   MSVCRT:userapi.obj
 0001:000036fa       __RTC_SetErrorFunc         004046fa f   MSVCRT:userapi.obj
 0001:0000371a       __RTC_SetErrorFuncW        0040471a f   MSVCRT:userapi.obj
 0001:0000373a       __RTC_SetErrorType         0040473a f   MSVCRT:userapi.obj
 0001:000037f9       _NtCurrentTeb              004047f9 f i MSVCRT:utility.obj
 0001:00003800       ___scrt_acquire_startup_lock 00404800 f   MSVCRT:utility.obj
 0001:0000383e       ___scrt_dllmain_after_initialize_c 0040483e f   MSVCRT:utility.obj
 0001:00003873       ___scrt_dllmain_before_initialize_c 00404873 f   MSVCRT:utility.obj
 0001:00003884       ___scrt_dllmain_crt_thread_attach 00404884 f   MSVCRT:utility.obj
 0001:000038aa       ___scrt_dllmain_crt_thread_detach 004048aa f   MSVCRT:utility.obj
 0001:000038ba       ___scrt_dllmain_exception_filter 004048ba f   MSVCRT:utility.obj
 0001:000038fb       ___scrt_dllmain_uninitialize_c 004048fb f   MSVCRT:utility.obj
 0001:00003926       ___scrt_dllmain_uninitialize_critical 00404926 f   MSVCRT:utility.obj
 0001:00003936       ___scrt_initialize_crt     00404936 f   MSVCRT:utility.obj
 0001:0000397d       ___scrt_initialize_onexit_tables 0040497d f   MSVCRT:utility.obj
 0001:00003a25       ___scrt_is_nonwritable_in_current_image 00404a25 f   MSVCRT:utility.obj
 0001:00003ade       ___scrt_release_startup_lock 00404ade f   MSVCRT:utility.obj
 0001:00003b02       ___scrt_uninitialize_crt   00404b02 f   MSVCRT:utility.obj
 0001:00003b34       __onexit                   00404b34 f   MSVCRT:utility.obj
 0001:00003b6c       _at_quick_exit             00404b6c f   MSVCRT:utility.obj
 0001:00003b97       _atexit                    00404b97 f   MSVCRT:utility.obj
 0001:00003c11       ___security_init_cookie    00404c11 f   MSVCRT:gs_support.obj
 0001:00003c70       __matherr                  00404c70 f   MSVCRT:matherr.obj
 0001:00003c73       __get_startup_argv_mode    00404c73 f   MSVCRT:argv_mode.obj
 0001:00003c77       __get_startup_commit_mode  00404c77 f   MSVCRT:commit_mode.obj
 0001:00003c7a       __get_startup_file_mode    00404c7a f   MSVCRT:file_mode.obj
 0001:00003c80       __get_startup_new_mode     00404c80 f   MSVCRT:new_mode.obj
 0001:00003c83       __get_startup_thread_locale_mode 00404c83 f   MSVCRT:thread_locale.obj
 0001:00003c86       ?__scrt_initialize_type_info@@YAXXZ 00404c86 f   MSVCRT:tncleanup.obj
 0001:00003c95       ?__scrt_uninitialize_type_info@@YAXXZ 00404c95 f   MSVCRT:tncleanup.obj
 0001:00003ca4       __should_initialize_environment 00404ca4 f   MSVCRT:env_mode.obj
 0001:00003ca7       __initialize_default_precision 00404ca7 f   MSVCRT:default_precision.obj
 0001:00003cd0       __initialize_invalid_parameter_handler 00404cd0 f   MSVCRT:invalid_parameter_handler.obj
 0001:00003cd3       __initialize_denormal_control 00404cd3 f   MSVCRT:denormal_control.obj
 0001:00003cd6       ___local_stdio_scanf_options 00404cd6 f i MSVCRT:default_local_stdio_options.obj
 0001:00003cdc       ___scrt_initialize_default_local_stdio_options 00404cdc f   MSVCRT:default_local_stdio_options.obj
 0001:00003d00       ___scrt_is_user_matherr_present 00404d00 f   MSVCRT:matherr_detection.obj
 0001:00003d0f       ___scrt_get_dyn_tls_init_callback 00404d0f f   MSVCRT:dyn_tls_init.obj
 0001:00003d15       ___scrt_get_dyn_tls_dtor_callback 00404d15 f   MSVCRT:dyn_tls_dtor.obj
 0001:00003d1b       ___scrt_fastfail           00404d1b f   MSVCRT:utility_desktop.obj
 0001:00003e75       ___scrt_get_show_window_mode 00404e75 f   MSVCRT:utility_desktop.obj
 0001:00003eb2       ___scrt_initialize_mta     00404eb2 f   MSVCRT:utility_desktop.obj
 0001:00003eb7       ___scrt_initialize_winrt   00404eb7 f   MSVCRT:utility_desktop.obj
 0001:00003eba       ___scrt_is_managed_app     00404eba f   MSVCRT:utility_desktop.obj
 0001:00003f0c       ___scrt_set_unhandled_exception_filter 00404f0c f   MSVCRT:utility_desktop.obj
 0001:00003f1b       ___scrt_exe_initialize_mta 00404f1b f   MSVCRT:utility_desktop.obj
 0001:00003f1b       ___scrt_stub_for_initialize_mta 00404f1b f   MSVCRT:utility_desktop.obj
 0001:00003f20       ___scrt_unhandled_exception_filter@4 00404f20 f   MSVCRT:utility_desktop.obj
 0001:00003f8b       __crt_debugger_hook        00404f8b f   MSVCRT:utility_desktop.obj
 0001:00003f95       __RTC_Initialize           00404f95 f   MSVCRT:initsect.obj
 0001:00003fd0       __RTC_Terminate            00404fd0 f   MSVCRT:initsect.obj
 0001:00004010       __SEH_prolog4              00405010 f   MSVCRT:sehprolg4.obj
 0001:00004070       __SEH_epilog4              00405070 f   MSVCRT:sehprolg4.obj
 0001:00004090       __except_handler4          00405090 f   MSVCRT:chandler4gs.obj
 0001:00004158       ?_RTC_AllocaFailure@@YAXPAXPAU_RTC_ALLOCA_NODE@@H@Z 00405158 f   MSVCRT:error.obj
 0001:00004267       ?_RTC_Failure@@YAXPAXH@Z   00405267 f   MSVCRT:error.obj
 0001:000042b2       ?_RTC_StackFailure@@YAXPAXPBD@Z 004052b2 f   MSVCRT:error.obj
 0001:0000477c       __RTC_UninitUse            0040577c f   MSVCRT:error.obj
 0001:00004842       __vsprintf_s_l             00405842 f i MSVCRT:error.obj
 0001:0000487a       _sprintf_s                 0040587a f i MSVCRT:error.obj
 0001:0000489d       ___isa_available_init      0040589d f   MSVCRT:cpu_disp.obj
 0001:00004c95       ___scrt_is_ucrt_dll_in_use 00405c95 f   MSVCRT:ucrt_detection.obj
 0001:00004cb0       @__security_check_cookie@4 00405cb0 f   MSVCRT:secchk.obj
 0001:00004f46       ?_RTC_GetSrcLine@@YAHPAEPA_WKPAH1K@Z 00405f46 f   MSVCRT:pdblkup.obj
 0001:00005365       __except_handler4_noexcept 00406365 f   MSVCRT:chandler4_noexcept.obj
 0001:000053bc       ___raise_securityfailure   004063bc f   MSVCRT:gs_report.obj
 0001:000053ee       ___report_gsfailure        004063ee f   MSVCRT:gs_report.obj
 0001:00005527       ___report_rangecheckfailure 00406527 f   MSVCRT:gs_report.obj
 0001:00005537       ___report_securityfailure  00406537 f   MSVCRT:gs_report.obj
 0001:0000563b       ___report_securityfailureEx 0040663b f   MSVCRT:gs_report.obj
 0001:00005796       _memcpy                    00406796 f   vcruntime:VCRUNTIME140.dll
 0001:0000579c       _memset                    0040679c f   vcruntime:VCRUNTIME140.dll
 0001:000057a2       ___std_type_info_destroy_list 004067a2 f   vcruntime:VCRUNTIME140.dll
 0001:000057a8       ___current_exception       004067a8 f   vcruntime:VCRUNTIME140.dll
 0001:000057ae       ___current_exception_context 004067ae f   vcruntime:VCRUNTIME140.dll
 0001:000057b4       __except_handler4_common   004067b4 f   vcruntime:VCRUNTIME140.dll
 0001:000057ba       ___vcrt_GetModuleFileNameW 004067ba f   vcruntime:VCRUNTIME140.dll
 0001:000057c0       ___vcrt_LoadLibraryExW     004067c0 f   vcruntime:VCRUNTIME140.dll
 0001:000057c6       _strcpy                    004067c6 f   ucrt:api-ms-win-crt-string-l1-1-0.dll
 0001:000057cc       _strlen                    004067cc f   ucrt:api-ms-win-crt-string-l1-1-0.dll
 0001:000057d2       _strncmp                   004067d2 f   ucrt:api-ms-win-crt-string-l1-1-0.dll
 0001:000057d8       _strncpy                   004067d8 f   ucrt:api-ms-win-crt-string-l1-1-0.dll
 0001:000057de       _free                      004067de f   ucrt:api-ms-win-crt-heap-l1-1-0.dll
 0001:000057e4       _malloc                    004067e4 f   ucrt:api-ms-win-crt-heap-l1-1-0.dll
 0001:000057ea       _atoi                      004067ea f   ucrt:api-ms-win-crt-convert-l1-1-0.dll
 0001:000057f0       _strtoul                   004067f0 f   ucrt:api-ms-win-crt-convert-l1-1-0.dll
 0001:000057f6       ___acrt_iob_func           004067f6 f   ucrt:api-ms-win-crt-stdio-l1-1-0.dll
 0001:000057fc       _fflush                    004067fc f   ucrt:api-ms-win-crt-stdio-l1-1-0.dll
 0001:00005802       ___stdio_common_vfprintf   00406802 f   ucrt:api-ms-win-crt-stdio-l1-1-0.dll
 0001:00005808       ___stdio_common_vsprintf   00406808 f   ucrt:api-ms-win-crt-stdio-l1-1-0.dll
 0001:0000580e       __seh_filter_exe           0040680e f   ucrt:api-ms-win-crt-runtime-l1-1-0.dll
 0001:00005814       __set_app_type             00406814 f   ucrt:api-ms-win-crt-runtime-l1-1-0.dll
 0001:0000581a       ___setusermatherr          0040681a f   ucrt:api-ms-win-crt-math-l1-1-0.dll
 0001:00005820       __configure_narrow_argv    00406820 f   ucrt:api-ms-win-crt-runtime-l1-1-0.dll
 0001:00005826       __initialize_narrow_environment 00406826 f   ucrt:api-ms-win-crt-runtime-l1-1-0.dll
 0001:0000582c       __get_initial_narrow_environment 0040682c f   ucrt:api-ms-win-crt-runtime-l1-1-0.dll
 0001:00005832       __initterm                 00406832 f   ucrt:api-ms-win-crt-runtime-l1-1-0.dll
 0001:00005838       __initterm_e               00406838 f   ucrt:api-ms-win-crt-runtime-l1-1-0.dll
 0001:0000583e       _exit                      0040683e f   ucrt:api-ms-win-crt-runtime-l1-1-0.dll
 0001:00005844       __exit                     00406844 f   ucrt:api-ms-win-crt-runtime-l1-1-0.dll
 0001:0000584a       __set_fmode                0040684a f   ucrt:api-ms-win-crt-stdio-l1-1-0.dll
 0001:00005850       ___p___argc                00406850 f   ucrt:api-ms-win-crt-runtime-l1-1-0.dll
 0001:00005856       ___p___argv                00406856 f   ucrt:api-ms-win-crt-runtime-l1-1-0.dll
 0001:0000585c       __cexit                    0040685c f   ucrt:api-ms-win-crt-runtime-l1-1-0.dll
 0001:00005862       __c_exit                   00406862 f   ucrt:api-ms-win-crt-runtime-l1-1-0.dll
 0001:00005868       __register_thread_local_exe_atexit_callback 00406868 f   ucrt:api-ms-win-crt-runtime-l1-1-0.dll
 0001:0000586e       __configthreadlocale       0040686e f   ucrt:api-ms-win-crt-locale-l1-1-0.dll
 0001:00005874       __set_new_mode             00406874 f   ucrt:api-ms-win-crt-heap-l1-1-0.dll
 0001:0000587a       ___p__commode              0040687a f   ucrt:api-ms-win-crt-stdio-l1-1-0.dll
 0001:00005880       __seh_filter_dll           00406880 f   ucrt:api-ms-win-crt-runtime-l1-1-0.dll
 0001:00005886       __initialize_onexit_table  00406886 f   ucrt:api-ms-win-crt-runtime-l1-1-0.dll
 0001:0000588c       __register_onexit_function 0040688c f   ucrt:api-ms-win-crt-runtime-l1-1-0.dll
 0001:00005892       __execute_onexit_table     00406892 f   ucrt:api-ms-win-crt-runtime-l1-1-0.dll
 0001:00005898       __crt_atexit               00406898 f   ucrt:api-ms-win-crt-runtime-l1-1-0.dll
 0001:0000589e       __crt_at_quick_exit        0040689e f   ucrt:api-ms-win-crt-runtime-l1-1-0.dll
 0001:000058a4       __controlfp_s              004068a4 f   ucrt:api-ms-win-crt-runtime-l1-1-0.dll
 0001:000058aa       _terminate                 004068aa f   ucrt:api-ms-win-crt-runtime-l1-1-0.dll
 0001:000058b0       _strcpy_s                  004068b0 f   ucrt:api-ms-win-crt-string-l1-1-0.dll
 0001:000058b6       _strcat_s                  004068b6 f   ucrt:api-ms-win-crt-string-l1-1-0.dll
 0001:000058bc       ___stdio_common_vsprintf_s 004068bc f   ucrt:api-ms-win-crt-stdio-l1-1-0.dll
 0001:000058c2       _QueryPerformanceCounter@4 004068c2 f   kernel32:KERNEL32.dll
 0001:000058c8       _GetCurrentProcessId@0     004068c8 f   kernel32:KERNEL32.dll
 0001:000058ce       _GetCurrentThreadId@0      004068ce f   kernel32:KERNEL32.dll
 0001:000058d4       _GetSystemTimeAsFileTime@4 004068d4 f   kernel32:KERNEL32.dll
 0001:000058da       _InitializeSListHead@4     004068da f   kernel32:KERNEL32.dll
 0001:000058e0       _IsDebuggerPresent@0       004068e0 f   kernel32:KERNEL32.dll
 0001:000058e6       _UnhandledExceptionFilter@4 004068e6 f   kernel32:KERNEL32.dll
 0001:000058ec       _SetUnhandledExceptionFilter@4 004068ec f   kernel32:KERNEL32.dll
 0001:000058f2       _GetStartupInfoW@4         004068f2 f   kernel32:KERNEL32.dll
 0001:000058f8       _IsProcessorFeaturePresent@4 004068f8 f   kernel32:KERNEL32.dll
 0001:000058fe       _GetModuleHandleW@4        004068fe f   kernel32:KERNEL32.dll
 0001:00005904       _RaiseException@16         00406904 f   kernel32:KERNEL32.dll
 0001:0000590a       _MultiByteToWideChar@24    0040690a f   kernel32:KERNEL32.dll
 0001:00005910       _WideCharToMultiByte@32    00406910 f   kernel32:KERNEL32.dll
 0001:00005916       _HeapAlloc@12              00406916 f   kernel32:KERNEL32.dll
 0001:0000591c       _HeapFree@12               0040691c f   kernel32:KERNEL32.dll
 0001:00005922       _GetProcessHeap@0          00406922 f   kernel32:KERNEL32.dll
 0001:00005928       _VirtualQuery@12           00406928 f   kernel32:KERNEL32.dll
 0001:0000592e       _FreeLibrary@4             0040692e f   kernel32:KERNEL32.dll
 0001:00005934       _GetProcAddress@8          00406934 f   kernel32:KERNEL32.dll
 0001:0000593a       _GetCurrentProcess@0       0040693a f   kernel32:KERNEL32.dll
 0001:00005940       _TerminateProcess@8        00406940 f   kernel32:KERNEL32.dll
 0001:00005946       ___acrt_initialize         00406946 f   MSVCRT:ucrt_stubs.obj
 0001:00005946       ___scrt_stub_for_acrt_initialize 00406946 f   MSVCRT:ucrt_stubs.obj
 0001:00005946       ___vcrt_initialize         00406946 f   MSVCRT:ucrt_stubs.obj
 0001:00005949       ___acrt_thread_attach      00406949 f   MSVCRT:ucrt_stubs.obj
 0001:00005949       ___scrt_stub_for_acrt_thread_attach 00406949 f   MSVCRT:ucrt_stubs.obj
 0001:00005949       ___vcrt_thread_attach      00406949 f   MSVCRT:ucrt_stubs.obj
 0001:0000594c       ___acrt_thread_detach      0040694c f   MSVCRT:ucrt_stubs.obj
 0001:0000594c       ___scrt_stub_for_acrt_thread_detach 0040694c f   MSVCRT:ucrt_stubs.obj
 0001:0000594c       ___vcrt_thread_detach      0040694c f   MSVCRT:ucrt_stubs.obj
 0001:0000594f       ___acrt_uninitialize       0040694f f   MSVCRT:ucrt_stubs.obj
 0001:0000594f       ___scrt_stub_for_acrt_uninitialize 0040694f f   MSVCRT:ucrt_stubs.obj
 0001:0000594f       ___vcrt_uninitialize       0040694f f   MSVCRT:ucrt_stubs.obj
 0001:00005952       ___acrt_uninitialize_critical 00406952 f   MSVCRT:ucrt_stubs.obj
 0001:00005952       ___scrt_stub_for_acrt_uninitialize_critical 00406952 f   MSVCRT:ucrt_stubs.obj
 0001:00005952       ___vcrt_uninitialize_critical 00406952 f   MSVCRT:ucrt_stubs.obj
 0001:00005955       ___scrt_stub_for_is_c_termination_complete 00406955 f   MSVCRT:ucrt_stubs.obj
 0001:00005955       __is_c_termination_complete 00406955 f   MSVCRT:ucrt_stubs.obj
 0001:00005958       __filter_x86_sse2_floating_point_exception 00406958 f   MSVCRT:x86_exception_filter.obj
 0001:00005958       __filter_x86_sse2_floating_point_exception_default 00406958 f   MSVCRT:x86_exception_filter.obj
 0002:00000000       ___xc_a                    00408000     MSVCRT:initializers.obj
 0002:00000208       ___xc_z                    00408208     MSVCRT:initializers.obj
 0002:0000030c       ___xi_a                    0040830c     MSVCRT:initializers.obj
 0002:00000618       ___xi_z                    00408618     MSVCRT:initializers.obj
 0002:0000071c       ___xp_a                    0040871c     MSVCRT:initializers.obj
 0002:00000820       ___xp_z                    00408820     MSVCRT:initializers.obj
 0002:00000924       ___xt_a                    00408924     MSVCRT:initializers.obj
 0002:00000a28       ___xt_z                    00408a28     MSVCRT:initializers.obj
 0002:00000b48       ??_C@_0BJ@HEGAHDFO@Stack?5pointer?5corruption@ 00408b48     MSVCRT:userapi.obj
 0002:00000b68       ??_C@_0CK@FEGOIOPB@Cast?5to?5smaller?5type?5causing?5lo@ 00408b68     MSVCRT:userapi.obj
 0002:00000b9c       ??_C@_0BI@CIGMDCBH@Stack?5memory?5corruption@ 00408b9c     MSVCRT:userapi.obj
 0002:00000bb8       ??_C@_0CK@CNLNOEPB@Local?5variable?5used?5before?5init@ 00408bb8     MSVCRT:userapi.obj
 0002:00000bec       ??_C@_0BP@OGBCLIBO@Stack?5around?5_alloca?5corrupted@ 00408bec     MSVCRT:userapi.obj
 0002:00000cd0       ??_C@_0NN@JMPELKLB@The?5value?5of?5ESP?5was?5not?5proper@ 00408cd0     MSVCRT:error.obj
 0002:00000de0       ??_C@_0BBN@ELNNILBE@A?5cast?5to?5a?5smaller?5data?5type?5h@ 00408de0     MSVCRT:error.obj
 0002:00000f38       ??_C@_0BN@BPOGFMJL@Stack?5memory?5was?5corrupted?$AN?6@ 00408f38     MSVCRT:error.obj
 0002:00000f5c       ??_C@_0DG@DAJCDLPN@A?5local?5variable?5was?5used?5befor@ 00408f5c     MSVCRT:error.obj
 0002:00000f9c       ??_C@_0CM@JMIDGKLA@Stack?5memory?5around?5_alloca?5was@ 00408f9c     MSVCRT:error.obj
 0002:00000fd0       ??_C@_0BO@CHIONIOI@Unknown?5Runtime?5Check?5Error?$AN?6@ 00408fd0     MSVCRT:error.obj
 0002:00000ff8       ??_C@_1GM@CNOOJIHC@?$AAR?$AAu?$AAn?$AAt?$AAi?$AAm?$AAe?$AA?5?$AAC?$AAh?$AAe?$AAc?$AAk?$AA?5?$AAE@ 00408ff8     MSVCRT:error.obj
 0002:00001080       ??_C@_1EA@NFKNIFJP@?$AAR?$AAu?$AAn?$AA?9?$AAT?$AAi?$AAm?$AAe?$AA?5?$AAC?$AAh?$AAe?$AAc?$AAk?$AA?5@ 00409080     MSVCRT:error.obj
 0002:000010cc       ??_C@_0BB@PFFGGCJP@Unknown?5Filename@ 004090cc     MSVCRT:error.obj
 0002:000010e0       ??_C@_0BE@GNBOBNCK@Unknown?5Module?5Name@ 004090e0     MSVCRT:error.obj
 0002:000010f8       ??_C@_0CA@IODNCDPG@Run?9Time?5Check?5Failure?5?$CD?$CFd?5?9?5?$CFs@ 004090f8     MSVCRT:error.obj
 0002:00001120       ??_C@_0CG@IAFNJNEE@Stack?5corrupted?5near?5unknown?5va@ 00409120     MSVCRT:error.obj
 0002:00001150       ??_C@_05MKKEDADM@?$CF?42X?5@ 00409150     MSVCRT:error.obj
 0002:00001158       ??_C@_0EJ@LJKNEOLN@Stack?5area?5around?5_alloca?5memor@ 00409158     MSVCRT:error.obj
 0002:000011b0       ??_C@_01EEMJAFIK@?6@       004091b0     MSVCRT:error.obj
 0002:000011b4       ??_C@_02LLMPMKNF@?$DO?5@   004091b4     MSVCRT:error.obj
 0002:000011b8       ??_C@_08OMAHNMHJ@?6Data?3?5?$DM@ 004091b8     MSVCRT:error.obj
 0002:000011c4       ??_C@_0CK@DKGBICFE@?6Allocation?5number?5within?5this?5@ 004091c4     MSVCRT:error.obj
 0002:000011f8       ??_C@_07DFDJCKFN@?6Size?3?5@ 004091f8     MSVCRT:error.obj
 0002:00001204       ??_C@_0N@MHFFIMFG@?6Address?3?50x@ 00409204     MSVCRT:error.obj
 0002:00001218       ??_C@_0EI@CLEPFNGI@Stack?5area?5around?5_alloca?5memor@ 00409218     MSVCRT:error.obj
 0002:00001270       ??_C@_0BK@ODNDAGKB@?$CFs?$CFs?$CFp?$CFs?$CFzd?$CFs?$CFd?$CFs?$CFs?$CFs?$CFs?$CFs@ 00409270     MSVCRT:error.obj
 0002:00001290       ??_C@_0DE@OHJBPMBP@A?5variable?5is?5being?5used?5withou@ 00409290     MSVCRT:error.obj
 0002:000012f8       ??_C@_1EI@MLPKHBGE@?$AAa?$AAp?$AAi?$AA?9?$AAm?$AAs?$AA?9?$AAw?$AAi?$AAn?$AA?9?$AAc?$AAo?$AAr?$AAe@ 004092f8     MSVCRT:pdblkup.obj
 0002:00001350       ??_C@_1BK@JHLNAEJL@?$AAa?$AAd?$AAv?$AAa?$AAp?$AAi?$AA3?$AA2?$AA?4?$AAd?$AAl?$AAl@ 00409350     MSVCRT:pdblkup.obj
 0002:00001370       ??_C@_0O@COHOBMLB@RegOpenKeyExW@ 00409370     MSVCRT:pdblkup.obj
 0002:00001380       ??_C@_0BB@GLNAEDBD@RegQueryValueExW@ 00409380     MSVCRT:pdblkup.obj
 0002:00001394       ??_C@_0M@HLOHPNFA@RegCloseKey@ 00409394     MSVCRT:pdblkup.obj
 0002:000013a8       ??_C@_1HE@EBEAGLFB@?$AAS?$AAO?$AAF?$AAT?$AAW?$AAA?$AAR?$AAE?$AA?2?$AAW?$AAo?$AAw?$AA6?$AA4?$AA3@ 004093a8     MSVCRT:pdblkup.obj
 0002:00001434       ??_C@_1BG@EABPBLLF@?$AAP?$AAr?$AAo?$AAd?$AAu?$AAc?$AAt?$AAD?$AAi?$AAr@ 00409434     MSVCRT:pdblkup.obj
 0002:00001450       ??_C@_0BB@KCIACLNC@PDBOpenValidate5@ 00409450     MSVCRT:pdblkup.obj
 0002:00001464       ??_C@_01KDCPPGHE@r@        00409464     MSVCRT:pdblkup.obj
 0002:00001478       __load_config_used         00409478     MSVCRT:loadcfg.obj
 0002:00001700       ___CastGuardVftablesStart  00409700     odbccp32:guard_support.obj
 0002:00001880       ___CastGuardVftablesEnd    00409880     odbccp32:guard_support.obj
 0002:00001b68       ___rtc_iaa                 00409b68     MSVCRT:initsect.obj
 0002:00001d70       ___rtc_izz                 00409d70     MSVCRT:initsect.obj
 0002:00001e74       ___rtc_taa                 00409e74     MSVCRT:initsect.obj
 0002:0000207c       ___rtc_tzz                 0040a07c     MSVCRT:initsect.obj
 0003:00000000       _uid                       0040b000     vchat.obj
 0003:00000004       _ListenSocket              0040b004     vchat.obj
 0003:00000a74       ___scrt_native_dllmain_reason 0040ba74     MSVCRT:utility.obj
 0003:00000a78       ___scrt_default_matherr    0040ba78     MSVCRT:matherr.obj
 0003:00000a80       ?_RTC_ErrorLevels@@3PAHA   0040ba80     MSVCRT:error.obj
 0003:00000a98       ___isa_inverted            0040ba98     MSVCRT:cpu_disp.obj
 0003:00000aa0       ___isa_enabled             0040baa0     MSVCRT:cpu_disp.obj
 0003:00000ac0       ___security_cookie         0040bac0     MSVCRT:gs_cookie.obj
 0003:00000b00       ___security_cookie_complement 0040bb00     MSVCRT:gs_cookie.obj
 0003:00000b14       ___scrt_ucrt_dll_is_in_use 0040bb14     MSVCRT:ucrt_stubs.obj
 0003:00000c28       _cli_count                 0040bc28     vchat.obj
 0003:00000c2c       _MITM                      0040bc2c     vchat.obj
 0003:00000dc4       _hInput                    0040bdc4     <common>
 0003:00000dc8       ?_OptionsStorage@?1??__local_stdio_printf_options@@9@9 0040bdc8     <common>
 0003:00000dd0       _prev_mode                 0040bdd0     <common>
 0003:00000dd4       _ghMutex                   0040bdd4     <common>
 0003:00000e24       ___scrt_current_native_startup_state 0040be24     MSVCRT:utility.obj
 0003:00000e28       ___scrt_native_startup_lock 0040be28     MSVCRT:utility.obj
 0003:00000e50       ?__type_info_root_node@@3U__type_info_node@@A 0040be50     MSVCRT:tncleanup.obj
 0003:00000e60       ?_OptionsStorage@?1??__local_stdio_printf_options@@9@4_KA 0040be60     MSVCRT:default_local_stdio_options.obj
 0003:00000e70       ?_OptionsStorage@?1??__local_stdio_scanf_options@@9@4_KA 0040be70     MSVCRT:default_local_stdio_options.obj
 0003:00000e7c       ___scrt_debugger_hook_flag 0040be7c     MSVCRT:utility_desktop.obj
 0003:00000e80       ___avx10_version           0040be80     MSVCRT:cpu_disp.obj
 0003:00000e84       ___isa_available           0040be84     MSVCRT:cpu_disp.obj
 0003:00000e88       ___favor                   0040be88     MSVCRT:cpu_disp.obj
 0003:00001278       ___dyn_tls_dtor_callback   0040c278     <common>
 0003:00001284       ___dyn_tls_init_callback   0040c284     <common>
 0004:00000000       __imp__EssentialFunc1      0040d000     libessfunc:Essfun.dll
 0004:00000004       \177Essfun_NULL_THUNK_DATA 0040d004     libessfunc:Essfun.dll
 0004:00000030       __imp__GetStdHandle@4      0040d030     kernel32:KERNEL32.dll
 0004:00000034       __imp__CloseHandle@4       0040d034     kernel32:KERNEL32.dll
 0004:00000038       __imp__GetLastError@0      0040d038     kernel32:KERNEL32.dll
 0004:0000003c       __imp__ReleaseMutex@4      0040d03c     kernel32:KERNEL32.dll
 0004:00000040       __imp__WaitForSingleObject@8 0040d040     kernel32:KERNEL32.dll
 0004:00000044       __imp__CreateMutexW@12     0040d044     kernel32:KERNEL32.dll
 0004:00000048       __imp__Sleep@4             0040d048     kernel32:KERNEL32.dll
 0004:0000004c       __imp__CreateThread@24     0040d04c     kernel32:KERNEL32.dll
 0004:00000050       __imp__GetConsoleMode@8    0040d050     kernel32:KERNEL32.dll
 0004:00000054       __imp__SetConsoleMode@8    0040d054     kernel32:KERNEL32.dll
 0004:00000058       __imp__SetConsoleCtrlHandler@8 0040d058     kernel32:KERNEL32.dll
 0004:0000005c       __imp__GetCurrentProcess@0 0040d05c     kernel32:KERNEL32.dll
 0004:00000060       __imp__GetProcAddress@8    0040d060     kernel32:KERNEL32.dll
 0004:00000064       __imp__FreeLibrary@4       0040d064     kernel32:KERNEL32.dll
 0004:00000068       __imp__VirtualQuery@12     0040d068     kernel32:KERNEL32.dll
 0004:0000006c       __imp__GetProcessHeap@0    0040d06c     kernel32:KERNEL32.dll
 0004:00000070       __imp__HeapFree@12         0040d070     kernel32:KERNEL32.dll
 0004:00000074       __imp__HeapAlloc@12        0040d074     kernel32:KERNEL32.dll
 0004:00000078       __imp__WideCharToMultiByte@32 0040d078     kernel32:KERNEL32.dll
 0004:0000007c       __imp__MultiByteToWideChar@24 0040d07c     kernel32:KERNEL32.dll
 0004:00000080       __imp__RaiseException@16   0040d080     kernel32:KERNEL32.dll
 0004:00000084       __imp__GetModuleHandleW@4  0040d084     kernel32:KERNEL32.dll
 0004:00000088       __imp__IsProcessorFeaturePresent@4 0040d088     kernel32:KERNEL32.dll
 0004:0000008c       __imp__GetStartupInfoW@4   0040d08c     kernel32:KERNEL32.dll
 0004:00000090       __imp__SetUnhandledExceptionFilter@4 0040d090     kernel32:KERNEL32.dll
 0004:00000094       __imp__UnhandledExceptionFilter@4 0040d094     kernel32:KERNEL32.dll
 0004:00000098       __imp__IsDebuggerPresent@0 0040d098     kernel32:KERNEL32.dll
 0004:0000009c       __imp__InitializeSListHead@4 0040d09c     kernel32:KERNEL32.dll
 0004:000000a0       __imp__GetSystemTimeAsFileTime@4 0040d0a0     kernel32:KERNEL32.dll
 0004:000000a4       __imp__GetCurrentThreadId@0 0040d0a4     kernel32:KERNEL32.dll
 0004:000000a8       __imp__GetCurrentProcessId@0 0040d0a8     kernel32:KERNEL32.dll
 0004:000000ac       __imp__QueryPerformanceCounter@4 0040d0ac     kernel32:KERNEL32.dll
 0004:000000b0       __imp__TerminateProcess@8  0040d0b0     kernel32:KERNEL32.dll
 0004:000000b4       \177KERNEL32_NULL_THUNK_DATA 0040d0b4     kernel32:KERNEL32.dll
 0004:000000f8       __imp__memset              0040d0f8     vcruntime:VCRUNTIME140.dll
 0004:000000fc       __imp____vcrt_LoadLibraryExW 0040d0fc     vcruntime:VCRUNTIME140.dll
 0004:00000100       __imp____vcrt_GetModuleFileNameW 0040d100     vcruntime:VCRUNTIME140.dll
 0004:00000104       __imp____std_type_info_destroy_list 0040d104     vcruntime:VCRUNTIME140.dll
 0004:00000108       __imp____current_exception 0040d108     vcruntime:VCRUNTIME140.dll
 0004:0000010c       __imp____current_exception_context 0040d10c     vcruntime:VCRUNTIME140.dll
 0004:00000110       __imp__memcpy              0040d110     vcruntime:VCRUNTIME140.dll
 0004:00000114       __imp___except_handler4_common 0040d114     vcruntime:VCRUNTIME140.dll
 0004:00000118       \177VCRUNTIME140_NULL_THUNK_DATA 0040d118     vcruntime:VCRUNTIME140.dll
 0004:00000148       __imp__htons@4             0040d148     WS2_32:WS2_32.dll
 0004:0000014c       __imp__inet_ntoa@4         0040d14c     WS2_32:WS2_32.dll
 0004:00000150       __imp__listen@8            0040d150     WS2_32:WS2_32.dll
 0004:00000154       __imp__recv@16             0040d154     WS2_32:WS2_32.dll
 0004:00000158       __imp__WSAStartup@8        0040d158     WS2_32:WS2_32.dll
 0004:0000015c       __imp__socket@12           0040d15c     WS2_32:WS2_32.dll
 0004:00000160       __imp__accept@12           0040d160     WS2_32:WS2_32.dll
 0004:00000164       __imp__bind@12             0040d164     WS2_32:WS2_32.dll
 0004:00000168       __imp__closesocket@4       0040d168     WS2_32:WS2_32.dll
 0004:0000016c       __imp__WSACleanup@0        0040d16c     WS2_32:WS2_32.dll
 0004:00000170       __imp__freeaddrinfo@4      0040d170     WS2_32:WS2_32.dll
 0004:00000174       __imp__getaddrinfo@16      0040d174     WS2_32:WS2_32.dll
 0004:00000178       __imp__WSAGetLastError@0   0040d178     WS2_32:WS2_32.dll
 0004:0000017c       __imp__send@16             0040d17c     WS2_32:WS2_32.dll
 0004:00000180       \177WS2_32_NULL_THUNK_DATA 0040d180     WS2_32:WS2_32.dll
 0004:000001b4       __imp__strtoul             0040d1b4     ucrt:api-ms-win-crt-convert-l1-1-0.dll
 0004:000001b8       __imp__atoi                0040d1b8     ucrt:api-ms-win-crt-convert-l1-1-0.dll
 0004:000001bc       \177api-ms-win-crt-convert-l1-1-0_NULL_THUNK_DATA 0040d1bc     ucrt:api-ms-win-crt-convert-l1-1-0.dll
 0004:000001e8       __imp__malloc              0040d1e8     ucrt:api-ms-win-crt-heap-l1-1-0.dll
 0004:000001ec       __imp__free                0040d1ec     ucrt:api-ms-win-crt-heap-l1-1-0.dll
 0004:000001f0       __imp___set_new_mode       0040d1f0     ucrt:api-ms-win-crt-heap-l1-1-0.dll
 0004:000001f4       \177api-ms-win-crt-heap-l1-1-0_NULL_THUNK_DATA 0040d1f4     ucrt:api-ms-win-crt-heap-l1-1-0.dll
 0004:00000220       __imp___configthreadlocale 0040d220     ucrt:api-ms-win-crt-locale-l1-1-0.dll
 0004:00000224       \177api-ms-win-crt-locale-l1-1-0_NULL_THUNK_DATA 0040d224     ucrt:api-ms-win-crt-locale-l1-1-0.dll
 0004:00000250       __imp____setusermatherr    0040d250     ucrt:api-ms-win-crt-math-l1-1-0.dll
 0004:00000254       \177api-ms-win-crt-math-l1-1-0_NULL_THUNK_DATA 0040d254     ucrt:api-ms-win-crt-math-l1-1-0.dll
 0004:00000280       __imp___register_onexit_function 0040d280     ucrt:api-ms-win-crt-runtime-l1-1-0.dll
 0004:00000284       __imp___execute_onexit_table 0040d284     ucrt:api-ms-win-crt-runtime-l1-1-0.dll
 0004:00000288       __imp___crt_atexit         0040d288     ucrt:api-ms-win-crt-runtime-l1-1-0.dll
 0004:0000028c       __imp___seh_filter_dll     0040d28c     ucrt:api-ms-win-crt-runtime-l1-1-0.dll
 0004:00000290       __imp___controlfp_s        0040d290     ucrt:api-ms-win-crt-runtime-l1-1-0.dll
 0004:00000294       __imp__terminate           0040d294     ucrt:api-ms-win-crt-runtime-l1-1-0.dll
 0004:00000298       __imp___exit               0040d298     ucrt:api-ms-win-crt-runtime-l1-1-0.dll
 0004:0000029c       __imp__exit                0040d29c     ucrt:api-ms-win-crt-runtime-l1-1-0.dll
 0004:000002a0       __imp___initterm_e         0040d2a0     ucrt:api-ms-win-crt-runtime-l1-1-0.dll
 0004:000002a4       __imp___initterm           0040d2a4     ucrt:api-ms-win-crt-runtime-l1-1-0.dll
 0004:000002a8       __imp____p___argc          0040d2a8     ucrt:api-ms-win-crt-runtime-l1-1-0.dll
 0004:000002ac       __imp___register_thread_local_exe_atexit_callback 0040d2ac     ucrt:api-ms-win-crt-runtime-l1-1-0.dll
 0004:000002b0       __imp___get_initial_narrow_environment 0040d2b0     ucrt:api-ms-win-crt-runtime-l1-1-0.dll
 0004:000002b4       __imp___c_exit             0040d2b4     ucrt:api-ms-win-crt-runtime-l1-1-0.dll
 0004:000002b8       __imp___initialize_onexit_table 0040d2b8     ucrt:api-ms-win-crt-runtime-l1-1-0.dll
 0004:000002bc       __imp___crt_at_quick_exit  0040d2bc     ucrt:api-ms-win-crt-runtime-l1-1-0.dll
 0004:000002c0       __imp___configure_narrow_argv 0040d2c0     ucrt:api-ms-win-crt-runtime-l1-1-0.dll
 0004:000002c4       __imp____p___argv          0040d2c4     ucrt:api-ms-win-crt-runtime-l1-1-0.dll
 0004:000002c8       __imp___set_app_type       0040d2c8     ucrt:api-ms-win-crt-runtime-l1-1-0.dll
 0004:000002cc       __imp___seh_filter_exe     0040d2cc     ucrt:api-ms-win-crt-runtime-l1-1-0.dll
 0004:000002d0       __imp___cexit              0040d2d0     ucrt:api-ms-win-crt-runtime-l1-1-0.dll
 0004:000002d4       __imp___initialize_narrow_environment 0040d2d4     ucrt:api-ms-win-crt-runtime-l1-1-0.dll
 0004:000002d8       \177api-ms-win-crt-runtime-l1-1-0_NULL_THUNK_DATA 0040d2d8     ucrt:api-ms-win-crt-runtime-l1-1-0.dll
 0004:00000314       __imp____stdio_common_vfprintf 0040d314     ucrt:api-ms-win-crt-stdio-l1-1-0.dll
 0004:00000318       __imp____stdio_common_vsprintf_s 0040d318     ucrt:api-ms-win-crt-stdio-l1-1-0.dll
 0004:0000031c       __imp____acrt_iob_func     0040d31c     ucrt:api-ms-win-crt-stdio-l1-1-0.dll
 0004:00000320       __imp__fflush              0040d320     ucrt:api-ms-win-crt-stdio-l1-1-0.dll
 0004:00000324       __imp____p__commode        0040d324     ucrt:api-ms-win-crt-stdio-l1-1-0.dll
 0004:00000328       __imp___set_fmode          0040d328     ucrt:api-ms-win-crt-stdio-l1-1-0.dll
 0004:0000032c       __imp____stdio_common_vsprintf 0040d32c     ucrt:api-ms-win-crt-stdio-l1-1-0.dll
 0004:00000330       \177api-ms-win-crt-stdio-l1-1-0_NULL_THUNK_DATA 0040d330     ucrt:api-ms-win-crt-stdio-l1-1-0.dll
 0004:00000360       __imp__strcat_s            0040d360     ucrt:api-ms-win-crt-string-l1-1-0.dll
 0004:00000364       __imp__strncpy             0040d364     ucrt:api-ms-win-crt-string-l1-1-0.dll
 0004:00000368       __imp__strncmp             0040d368     ucrt:api-ms-win-crt-string-l1-1-0.dll
 0004:0000036c       __imp__strlen              0040d36c     ucrt:api-ms-win-crt-string-l1-1-0.dll
 0004:00000370       __imp__strcpy              0040d370     ucrt:api-ms-win-crt-string-l1-1-0.dll
 0004:00000374       __imp__strcpy_s            0040d374     ucrt:api-ms-win-crt-string-l1-1-0.dll
 0004:00000378       \177api-ms-win-crt-string-l1-1-0_NULL_THUNK_DATA 0040d378     ucrt:api-ms-win-crt-string-l1-1-0.dll
 0004:000003a8       __IMPORT_DESCRIPTOR_Essfun 0040d3a8     libessfunc:Essfun.dll
 0004:000003bc       __IMPORT_DESCRIPTOR_KERNEL32 0040d3bc     kernel32:KERNEL32.dll
 0004:000003d0       __IMPORT_DESCRIPTOR_WS2_32 0040d3d0     WS2_32:WS2_32.dll
 0004:000003e4       __IMPORT_DESCRIPTOR_VCRUNTIME140 0040d3e4     vcruntime:VCRUNTIME140.dll
 0004:000003f8       __IMPORT_DESCRIPTOR_api-ms-win-crt-string-l1-1-0 0040d3f8     ucrt:api-ms-win-crt-string-l1-1-0.dll
 0004:0000040c       __IMPORT_DESCRIPTOR_api-ms-win-crt-heap-l1-1-0 0040d40c     ucrt:api-ms-win-crt-heap-l1-1-0.dll
 0004:00000420       __IMPORT_DESCRIPTOR_api-ms-win-crt-convert-l1-1-0 0040d420     ucrt:api-ms-win-crt-convert-l1-1-0.dll
 0004:00000434       __IMPORT_DESCRIPTOR_api-ms-win-crt-stdio-l1-1-0 0040d434     ucrt:api-ms-win-crt-stdio-l1-1-0.dll
 0004:00000448       __IMPORT_DESCRIPTOR_api-ms-win-crt-runtime-l1-1-0 0040d448     ucrt:api-ms-win-crt-runtime-l1-1-0.dll
 0004:0000045c       __IMPORT_DESCRIPTOR_api-ms-win-crt-math-l1-1-0 0040d45c     ucrt:api-ms-win-crt-math-l1-1-0.dll
 0004:00000470       __IMPORT_DESCRIPTOR_api-ms-win-crt-locale-l1-1-0 0040d470     ucrt:api-ms-win-crt-locale-l1-1-0.dll
 0004:00000484       __NULL_IMPORT_DESCRIPTOR   0040d484     libessfunc:Essfun.dll
 0005:00000000       ___guard_fids_table        0040f000     <linker-defined>
 0006:00000000       ___guard_check_icall_fptr  00410000     odbccp32:guard_support.obj
 0006:00000004       ___castguard_check_failure_os_handled_fptr 00410004     odbccp32:guard_support.obj

 entry point at        0001:00000040

 Static symbols

 0005:ffff1000       __guard_fids__             00400000     vchat.obj
 0005:ffff1000       __guard_fids__             00400000     vchat.obj
 0005:ffff1000       __guard_fids__acceptHandler@4 00400000     vchat.obj
 0000:fffed000       .debug$S                   00400000     ucrt:api-ms-win-crt-convert-l1-1-0.dll
 0000:fffed000       .debug$S                   00400000     ucrt:api-ms-win-crt-convert-l1-1-0.dll
 0000:fffed000       .debug$S                   00400000     ucrt:api-ms-win-crt-heap-l1-1-0.dll
 0000:fffed000       .debug$S                   00400000     ucrt:api-ms-win-crt-heap-l1-1-0.dll
 0000:fffed000       .debug$S                   00400000     ucrt:api-ms-win-crt-heap-l1-1-0.dll
 0000:fffed000       .debug$S                   00400000     ucrt:api-ms-win-crt-locale-l1-1-0.dll
 0000:fffed000       .debug$S                   00400000     ucrt:api-ms-win-crt-math-l1-1-0.dll
 0000:fffed000       .debug$S                   00400000     ucrt:api-ms-win-crt-runtime-l1-1-0.dll
 0000:fffed000       .debug$S                   00400000     ucrt:api-ms-win-crt-runtime-l1-1-0.dll
 0000:fffed000       .debug$S                   00400000     ucrt:api-ms-win-crt-runtime-l1-1-0.dll
 0000:fffed000       .debug$S                   00400000     ucrt:api-ms-win-crt-runtime-l1-1-0.dll
 0000:fffed000       .debug$S                   00400000     ucrt:api-ms-win-crt-runtime-l1-1-0.dll
 0000:fffed000       .debug$S                   00400000     ucrt:api-ms-win-crt-runtime-l1-1-0.dll
 0000:fffed000       .debug$S                   00400000     ucrt:api-ms-win-crt-runtime-l1-1-0.dll
 0000:fffed000       .debug$S                   00400000     ucrt:api-ms-win-crt-runtime-l1-1-0.dll
 0000:fffed000       .debug$S                   00400000     ucrt:api-ms-win-crt-runtime-l1-1-0.dll
 0000:fffed000       .debug$S                   00400000     ucrt:api-ms-win-crt-runtime-l1-1-0.dll
 0000:fffed000       .debug$S                   00400000     ucrt:api-ms-win-crt-runtime-l1-1-0.dll
 0000:fffed000       .debug$S                   00400000     ucrt:api-ms-win-crt-runtime-l1-1-0.dll
 0000:fffed000       .debug$S                   00400000     ucrt:api-ms-win-crt-runtime-l1-1-0.dll
 0000:fffed000       .debug$S                   00400000     ucrt:api-ms-win-crt-runtime-l1-1-0.dll
 0000:fffed000       .debug$S                   00400000     ucrt:api-ms-win-crt-runtime-l1-1-0.dll
 0000:fffed000       .debug$S                   00400000     ucrt:api-ms-win-crt-runtime-l1-1-0.dll
 0000:fffed000       .debug$S                   00400000     ucrt:api-ms-win-crt-runtime-l1-1-0.dll
 0000:fffed000       .debug$S                   00400000     ucrt:api-ms-win-crt-runtime-l1-1-0.dll
 0000:fffed000       .debug$S                   00400000     ucrt:api-ms-win-crt-runtime-l1-1-0.dll
 0000:fffed000       .debug$S                   00400000     ucrt:api-ms-win-crt-runtime-l1-1-0.dll
 0000:fffed000       .debug$S                   00400000     ucrt:api-ms-win-crt-runtime-l1-1-0.dll
 0000:fffed000       .debug$S                   00400000     ucrt:api-ms-win-crt-runtime-l1-1-0.dll
 0000:fffed000       .debug$S                   00400000     ucrt:api-ms-win-crt-stdio-l1-1-0.dll
 0000:fffed000       .debug$S                   00400000     ucrt:api-ms-win-crt-stdio-l1-1-0.dll
 0000:fffed000       .debug$S                   00400000     ucrt:api-ms-win-crt-stdio-l1-1-0.dll
 0000:fffed000       .debug$S                   00400000     ucrt:api-ms-win-crt-stdio-l1-1-0.dll
 0000:fffed000       .debug$S                   00400000     ucrt:api-ms-win-crt-stdio-l1-1-0.dll
 0000:fffed000       .debug$S                   00400000     ucrt:api-ms-win-crt-stdio-l1-1-0.dll
 0000:fffed000       .debug$S                   00400000     ucrt:api-ms-win-crt-stdio-l1-1-0.dll
 0000:fffed000       .debug$S                   00400000     ucrt:api-ms-win-crt-string-l1-1-0.dll
 0000:fffed000       .debug$S                   00400000     ucrt:api-ms-win-crt-string-l1-1-0.dll
 0000:fffed000       .debug$S                   00400000     ucrt:api-ms-win-crt-string-l1-1-0.dll
 0000:fffed000       .debug$S                   00400000     ucrt:api-ms-win-crt-string-l1-1-0.dll
 0000:fffed000       .debug$S                   00400000     ucrt:api-ms-win-crt-string-l1-1-0.dll
 0000:fffed000       .debug$S                   00400000     ucrt:api-ms-win-crt-string-l1-1-0.dll
 0000:fffed000       .debug$S                   00400000     WS2_32:WS2_32.dll
 0000:fffed000       .debug$S                   00400000     WS2_32:WS2_32.dll
 0000:fffed000       .debug$S                   00400000     WS2_32:WS2_32.dll
 0000:fffed000       .debug$S                   00400000     WS2_32:WS2_32.dll
 0000:fffed000       .debug$S                   00400000     WS2_32:WS2_32.dll
 0000:fffed000       .debug$S                   00400000     WS2_32:WS2_32.dll
 0000:fffed000       .debug$S                   00400000     WS2_32:WS2_32.dll
 0000:fffed000       .debug$S                   00400000     WS2_32:WS2_32.dll
 0000:fffed000       .debug$S                   00400000     WS2_32:WS2_32.dll
 0000:fffed000       .debug$S                   00400000     WS2_32:WS2_32.dll
 0000:fffed000       .debug$S                   00400000     WS2_32:WS2_32.dll
 0000:fffed000       .debug$S                   00400000     WS2_32:WS2_32.dll
 0000:fffed000       .debug$S                   00400000     WS2_32:WS2_32.dll
 0000:fffed000       .debug$S                   00400000     WS2_32:WS2_32.dll
 0000:fffed000       .debug$S                   00400000     kernel32:KERNEL32.dll
 0000:fffed000       .debug$S                   00400000     kernel32:KERNEL32.dll
 0000:fffed000       .debug$S                   00400000     kernel32:KERNEL32.dll
 0000:fffed000       .debug$S                   00400000     kernel32:KERNEL32.dll
 0000:fffed000       .debug$S                   00400000     kernel32:KERNEL32.dll
 0000:fffed000       .debug$S                   00400000     kernel32:KERNEL32.dll
 0000:fffed000       .debug$S                   00400000     kernel32:KERNEL32.dll
 0000:fffed000       .debug$S                   00400000     kernel32:KERNEL32.dll
 0000:fffed000       .debug$S                   00400000     kernel32:KERNEL32.dll
 0000:fffed000       .debug$S                   00400000     kernel32:KERNEL32.dll
 0000:fffed000       .debug$S                   00400000     kernel32:KERNEL32.dll
 0000:fffed000       .debug$S                   00400000     kernel32:KERNEL32.dll
 0000:fffed000       .debug$S                   00400000     kernel32:KERNEL32.dll
 0000:fffed000       .debug$S                   00400000     kernel32:KERNEL32.dll
 0000:fffed000       .debug$S                   00400000     kernel32:KERNEL32.dll
 0000:fffed000       .debug$S                   00400000     kernel32:KERNEL32.dll
 0000:fffed000       .debug$S                   00400000     kernel32:KERNEL32.dll
 0000:fffed000       .debug$S                   00400000     kernel32:KERNEL32.dll
 0000:fffed000       .debug$S                   00400000     kernel32:KERNEL32.dll
 0000:fffed000       .debug$S                   00400000     kernel32:KERNEL32.dll
 0000:fffed000       .debug$S                   00400000     kernel32:KERNEL32.dll
 0000:fffed000       .debug$S                   00400000     kernel32:KERNEL32.dll
 0000:fffed000       .debug$S                   00400000     kernel32:KERNEL32.dll
 0000:fffed000       .debug$S                   00400000     kernel32:KERNEL32.dll
 0000:fffed000       .debug$S                   00400000     kernel32:KERNEL32.dll
 0000:fffed000       .debug$S                   00400000     kernel32:KERNEL32.dll
 0000:fffed000       .debug$S                   00400000     kernel32:KERNEL32.dll
 0000:fffed000       .debug$S                   00400000     kernel32:KERNEL32.dll
 0000:fffed000       .debug$S                   00400000     kernel32:KERNEL32.dll
 0000:fffed000       .debug$S                   00400000     kernel32:KERNEL32.dll
 0000:fffed000       .debug$S                   00400000     kernel32:KERNEL32.dll
 0000:fffed000       .debug$S                   00400000     kernel32:KERNEL32.dll
 0000:fffed000       .debug$S                   00400000     kernel32:KERNEL32.dll
 0005:ffff1000       __guard_fids__             00400000     odbccp32:guard_support.obj
 0005:ffff1000       __guard_fids___guard_icall_checks_enforced 00400000     odbccp32:guard_support.obj
 0000:00000000       _volmd                     00400000     odbccp32:guard_support.obj
 0000:00000000       _volmd                     00400000     odbccp32:guard_support.obj
 0000:00000000       _volmd                     00400000     odbccp32:guard_support.obj
 0000:00000000       _volmd                     00400000     odbccp32:guard_support.obj
 0000:00000000       _volmd                     00400000     odbccp32:guard_support.obj
 0000:00000000       _volmd                     00400000     odbccp32:guard_support.obj
 0005:ffff1000       __guard_fids___except_handler4 00400000     MSVCRT:chandler4gs.obj
 0000:00000000       _volmd                     00400000     MSVCRT:cpu_disp.obj
 0005:ffff1000       __guard_fids_?pre_c_initialization@@YAHXZ 00400000     MSVCRT:exe_main.obj
 0005:ffff1000       __guard_fids__             00400000     MSVCRT:exe_main.obj
 0000:00000000       _volmd                     00400000     MSVCRT:gs_report.obj
 0005:ffff1000       __guard_fids____scrt_set_unhandled_exception_filter 00400000     MSVCRT:utility_desktop.obj
 0000:fffed000       .debug$S                   00400000     vcruntime:VCRUNTIME140.dll
 0000:fffed000       .debug$S                   00400000     vcruntime:VCRUNTIME140.dll
 0000:fffed000       .debug$S                   00400000     vcruntime:VCRUNTIME140.dll
 0000:fffed000       .debug$S                   00400000     vcruntime:VCRUNTIME140.dll
 0000:fffed000       .debug$S                   00400000     vcruntime:VCRUNTIME140.dll
 0000:fffed000       .debug$S                   00400000     vcruntime:VCRUNTIME140.dll
 0000:fffed000       .debug$S                   00400000     vcruntime:VCRUNTIME140.dll
 0000:fffed000       .debug$S                   00400000     vcruntime:VCRUNTIME140.dll
 0000:fffed000       .debug$S                   00400000     libessfunc:Essfun.dll
 0005:ffff1004       __guard_fids__Function5    00400004     vchat.obj
 0005:ffff1004       __guard_fids__             00400004     MSVCRT:exe_main.obj
 0005:ffff1008       __guard_fids__Function6a   00400008     vchat.obj
 0005:ffff1008       __guard_fids__             00400008     MSVCRT:exe_main.obj
 0005:ffff100c       __guard_fids__main         0040000c     vchat.obj
 0001:0000316d       ___castguard_check_failure_os_handled_wrapper 0040416d f   odbccp32:guard_support.obj
 0001:0000318b       ___castguard_compat_check  0040418b f   odbccp32:guard_support.obj
 0001:0000327e       ___castguard_slow_path_compat_check 0040427e f   odbccp32:guard_support.obj
 0001:00003350       ?pre_c_initialization@@YAHXZ 00404350 f   MSVCRT:exe_main.obj
 0001:00003430       ?post_pgo_initialization@@YAHXZ 00404430 f   MSVCRT:exe_main.obj
 0001:00003440       ?pre_cpp_initialization@@YAXXZ 00404440 f   MSVCRT:exe_main.obj
 0001:00003456       ?__scrt_common_main@@YAHXZ 00404456 f   MSVCRT:exe_main.obj
 0001:00003462       ?__scrt_common_main_seh@@YAHXZ 00404462 f   MSVCRT:exe_main.obj
 0001:00003659       ?invoke_main@@YAHXZ        00404659 f   MSVCRT:exe_main.obj
 0001:00003765       ?find_pe_section@@YAPAU_IMAGE_SECTION_HEADER@@QAEI@Z 00404765 f   MSVCRT:utility.obj
 0001:000037ba       ?is_potentially_valid_image_base@@YA_NQAX@Z 004047ba f   MSVCRT:utility.obj
 0001:00003bb1       ___get_entropy             00404bb1 f   MSVCRT:gs_support.obj
 0001:00004010       $$000000                   00405010     MSVCRT:sehprolg4.obj
 0001:00004070       $$000000                   00405070     MSVCRT:sehprolg4.obj
 0001:000040ca       ?DebuggerProbe@@YA_NK@Z    004050ca f   MSVCRT:error.obj
 0001:00004106       ?DebuggerRuntime@@YA_NKHPAXPB_W@Z 00405106 f   MSVCRT:error.obj
 0001:00004381       ?_getMemBlockDataString@@YAXPAD0PBDI@Z 00405381 f   MSVCRT:error.obj
 0001:00004400       ?_strlen_priv@@YAIPBD@Z    00405400 f   MSVCRT:error.obj
 0001:00004417       ?failwithmessage@@YAXPAXHHPBD@Z 00405417 f   MSVCRT:error.obj
 0001:00004717       ?notify_debugger@@YAXABUtagEXCEPTION_VISUALCPP_DEBUG_INFO@@@Z 00405717 f   MSVCRT:error.obj
 0001:00004cc1       ?GetPdbDll@@YAPAUHINSTANCE__@@XZ 00405cc1 f   MSVCRT:pdblkup.obj
 0001:00004cdf       ?GetPdbDllFromInstallPath@@YAPAUHINSTANCE__@@XZ 00405cdf f   MSVCRT:pdblkup.obj
 0002:00000104       ?pre_cpp_initializer@@3P6AXXZA 00408104     MSVCRT:exe_main.obj
 0002:00000410       ?pre_c_initializer@@3P6AHXZA 00408410     MSVCRT:exe_main.obj
 0002:00000514       ?post_pgo_initializer@@3P6AHXZA 00408514     MSVCRT:exe_main.obj
 0002:00000b30       ?_RTC_errlist@@3QBQBDB     00408b30     MSVCRT:userapi.obj
 0002:00000c14       ?_RTC_ErrorMessages@@3QBQBDB 00408c14     MSVCRT:error.obj
 0002:00000c2c       ?_RTC_NoFalsePositives@@3QBHB 00408c2c     MSVCRT:error.obj
 0002:00000c44       ?stack_premsg@@3QBDB       00408c44     MSVCRT:error.obj
 0002:00000c60       ?stack_postmsg@@3QBDB      00408c60     MSVCRT:error.obj
 0002:00000c74       ?uninit_premsg@@3QBDB      00408c74     MSVCRT:error.obj
 0002:00000c84       ?uninit_postmsg@@3QBDB     00408c84     MSVCRT:error.obj
 0002:000012d0       ?mspdbName@@3QB_WB         004092d0     MSVCRT:pdblkup.obj
 0002:00001468       _GS_ExceptionPointers      00409468     MSVCRT:gs_report.obj
 0002:00001c6c       __RTC_InitBase.rtc$IMZ     00409c6c     vchat.obj
 0002:00001f78       __RTC_Shutdown.rtc$TMZ     00409f78     vchat.obj
 0002:00002180       __sehtable$?__scrt_common_main_seh@@YAHXZ 0040a180     MSVCRT:exe_main.obj
 0002:000021a0       __sehtable$___scrt_is_nonwritable_in_current_image 0040a1a0     MSVCRT:utility.obj
 0002:000021c0       __sehtable$?notify_debugger@@YAXABUtagEXCEPTION_VISUALCPP_DEBUG_INFO@@@Z 0040a1c0     MSVCRT:error.obj
 0003:00000008       $SG67736                   0040b008     vchat.obj
 0003:00000020       $SG67737                   0040b020     vchat.obj
 0003:00000038       $SG67742                   0040b038     vchat.obj
 0003:00000050       $SG67765                   0040b050     vchat.obj
 0003:00000084       $SG67768                   0040b084     vchat.obj
 0003:000000a4       $SG67770                   0040b0a4     vchat.obj
 0003:000000c0       $SG67784                   0040b0c0     vchat.obj
 0003:000000f4       $SG67788                   0040b0f4     vchat.obj
 0003:00000118       $SG67790                   0040b118     vchat.obj
 0003:00000138       $SG67809                   0040b138     vchat.obj
 0003:00000158       $SG67811                   0040b158     vchat.obj
 0003:00000174       $SG67824                   0040b174     vchat.obj
 0003:00000198       $SG67826                   0040b198     vchat.obj
 0003:000001b8       $SG67860                   0040b1b8     vchat.obj
 0003:000001dc       $SG67862                   0040b1dc     vchat.obj
 0003:00000200       $SG67864                   0040b200     vchat.obj
 0003:00000220       $SG67866                   0040b220     vchat.obj
 0003:00000240       $SG67868                   0040b240     vchat.obj
 0003:00000260       $SG67869                   0040b260     vchat.obj
 0003:00000284       $SG67872                   0040b284     vchat.obj
 0003:000002a4       $SG67873                   0040b2a4     vchat.obj
 0003:000002d0       $SG67875                   0040b2d0     vchat.obj
 0003:000002ec       $SG67876                   0040b2ec     vchat.obj
 0003:000002f8       $SG67877                   0040b2f8     vchat.obj
 0003:000002fc       $SG67878                   0040b2fc     vchat.obj
 0003:00000300       $SG67886                   0040b300     vchat.obj
 0003:00000330       $SG68000                   0040b330     vchat.obj
 0003:00000364       $SG68001                   0040b364     vchat.obj
 0003:00000378       $SG68003                   0040b378     vchat.obj
 0003:00000398       $SG68008                   0040b398     vchat.obj
 0003:000003a0       $SG68009                   0040b3a0     vchat.obj
 0003:000003d0       $SG68012                   0040b3d0     vchat.obj
 0003:000003d8       $SG68013                   0040b3d8     vchat.obj
 0003:000004fc       $SG68016                   0040b4fc     vchat.obj
 0003:00000504       $SG68017                   0040b504     vchat.obj
 0003:00000518       $SG68020                   0040b518     vchat.obj
 0003:00000520       $SG68021                   0040b520     vchat.obj
 0003:0000053c       $SG68024                   0040b53c     vchat.obj
 0003:00000544       $SG68025                   0040b544     vchat.obj
 0003:00000560       $SG68028                   0040b560     vchat.obj
 0003:00000568       $SG68029                   0040b568     vchat.obj
 0003:00000578       $SG68032                   0040b578     vchat.obj
 0003:00000580       $SG68034                   0040b580     vchat.obj
 0003:00000590       $SG68037                   0040b590     vchat.obj
 0003:00000598       $SG68038                   0040b598     vchat.obj
 0003:000005b0       $SG68040                   0040b5b0     vchat.obj
 0003:000005b4       $SG68042                   0040b5b4     vchat.obj
 0003:000005c0       $SG68043                   0040b5c0     vchat.obj
 0003:000005c8       $SG68044                   0040b5c8     vchat.obj
 0003:000005d8       $SG68047                   0040b5d8     vchat.obj
 0003:000005e0       $SG68052                   0040b5e0     vchat.obj
 0003:000005e8       $SG68055                   0040b5e8     vchat.obj
 0003:000005f0       $SG68056                   0040b5f0     vchat.obj
 0003:00000600       $SG68059                   0040b600     vchat.obj
 0003:00000608       $SG68060                   0040b608     vchat.obj
 0003:00000618       $SG68063                   0040b618     vchat.obj
 0003:00000620       $SG68064                   0040b620     vchat.obj
 0003:00000630       $SG68069                   0040b630     vchat.obj
 0003:00000638       $SG68070                   0040b638     vchat.obj
 0003:00000648       $SG68073                   0040b648     vchat.obj
 0003:00000650       $SG68074                   0040b650     vchat.obj
 0003:00000664       $SG68077                   0040b664     vchat.obj
 0003:0000066c       $SG68078                   0040b66c     vchat.obj
 0003:0000067c       $SG68081                   0040b67c     vchat.obj
 0003:00000684       $SG68082                   0040b684     vchat.obj
 0003:00000698       $SG68085                   0040b698     vchat.obj
 0003:000006a0       $SG68089                   0040b6a0     vchat.obj
 0003:000006b0       $SG68092                   0040b6b0     vchat.obj
 0003:000006b8       $SG68093                   0040b6b8     vchat.obj
 0003:000006c8       $SG68096                   0040b6c8     vchat.obj
 0003:000006d0       $SG68097                   0040b6d0     vchat.obj
 0003:000006dc       $SG68098                   0040b6dc     vchat.obj
 0003:000006f4       $SG68101                   0040b6f4     vchat.obj
 0003:000006f8       $SG68102                   0040b6f8     vchat.obj
 0003:0000070c       $SG68104                   0040b70c     vchat.obj
 0003:0000072c       $SG68107                   0040b72c     vchat.obj
 0003:00000744       $SG68109                   0040b744     vchat.obj
 0003:00000768       $SG68123                   0040b768     vchat.obj
 0003:000007d8       $SG68126                   0040b7d8     vchat.obj
 0003:000007e0       $SG68131                   0040b7e0     vchat.obj
 0003:000007e8       $SG68132                   0040b7e8     vchat.obj
 0003:000007f0       $SG68133                   0040b7f0     vchat.obj
 0003:000007f8       $SG68134                   0040b7f8     vchat.obj
 0003:00000820       $SG68135                   0040b820     vchat.obj
 0003:000008c4       $SG68137                   0040b8c4     vchat.obj
 0003:000008e4       $SG68139                   0040b8e4     vchat.obj
 0003:00000c30       _clients                   0040bc30     vchat.obj
 0003:00000dc0       _end_flag                  0040bdc0     vchat.obj
 0003:00000e16       ?init@?1??_RTC_InitBase@@9@4_NA 0040be16     MSVCRT:init.obj
 0003:00000e18       ?_RTC_ErrorReportFunc@@3P6AHHPBDH00ZZA 0040be18     MSVCRT:userapi.obj
 0003:00000e1c       ?_RTC_ErrorReportFuncW@@3P6AHHPB_WH00ZZA 0040be1c     MSVCRT:userapi.obj
 0003:00000e2c       ?is_initialized_as_dll@@3_NA 0040be2c     MSVCRT:utility.obj
 0003:00000e2d       ?module_local_atexit_table_initialized@@3_NA 0040be2d     MSVCRT:utility.obj
 0003:00000e30       ?module_local_atexit_table@@3U_onexit_table_t@@A 0040be30     MSVCRT:utility.obj
 0003:00000e3c       ?module_local_at_quick_exit_table@@3U_onexit_table_t@@A 0040be3c     MSVCRT:utility.obj
 0003:00000e90       ?mspdb@@3PAUHINSTANCE__@@A 0040be90     MSVCRT:pdblkup.obj
 0003:00000e94       ?alreadyTried@?1??GetPdbDll@@YAPAUHINSTANCE__@@XZ@4_NA 0040be94     MSVCRT:pdblkup.obj
 0003:00000e95       ?PDBOK@?1??_RTC_GetSrcLine@@YAHPAEPA_WKPAH1K@Z@4_NA 0040be95     MSVCRT:pdblkup.obj
 0003:00000e98       _GS_ExceptionRecord        0040be98     MSVCRT:gs_report.obj
 0003:00000ee8       _GS_ContextRecord          0040bee8     MSVCRT:gs_report.obj
 0004:00000852       .idata$6                   0040d852     libessfunc:Essfun.dll
 0004:00000916       .idata$6                   0040d916     kernel32:KERNEL32.dll
 0004:00000942       .idata$6                   0040d942     WS2_32:WS2_32.dll
 0004:00000a04       .idata$6                   0040da04     vcruntime:VCRUNTIME140.dll
 0004:00000ce8       .idata$6                   0040dce8     ucrt:api-ms-win-crt-string-l1-1-0.dll
 0004:00000d0a       .idata$6                   0040dd0a     ucrt:api-ms-win-crt-heap-l1-1-0.dll
 0004:00000d2a       .idata$6                   0040dd2a     ucrt:api-ms-win-crt-convert-l1-1-0.dll
 0004:00000d4c       .idata$6                   0040dd4c     ucrt:api-ms-win-crt-stdio-l1-1-0.dll
 0004:00000d6c       .idata$6                   0040dd6c     ucrt:api-ms-win-crt-runtime-l1-1-0.dll
 0004:00000d8e       .idata$6                   0040dd8e     ucrt:api-ms-win-crt-math-l1-1-0.dll
 0004:00000dae       .idata$6                   0040ddae     ucrt:api-ms-win-crt-locale-l1-1-0.dll
 0007:00000170       $R000000                   00411170     * linker generated manifest res *
